Run 1/1
Running simulation 'FL_A_Epidemic_50_RWP'
60.0 1506: 25.11 1/s
120.0 2162: 10.92 1/s
180.0 2686: 8.74 1/s
240.0 3050: 6.06 1/s
300.1 3349: 4.99 1/s
Unique content gateway: 232 :: total unique content cache: 1
received Time: 622.1000000000729	 sent Time 60.00000000000058
received Time: 370.50000000001575	 sent Time 60.00000000000058
received Time: 96.89999999999877	 sent Time 60.00000000000058
received Time: 62.900000000000624	 sent Time 60.00000000000058
received Time: 803.4000000001141	 sent Time 60.00000000000058
received Time: 1262.5999999999472	 sent Time 60.00000000000058
received Time: 1040.5000000001492	 sent Time 60.00000000000058
received Time: 940.2000000001452	 sent Time 60.00000000000058
received Time: 60.200000000000585	 sent Time 60.00000000000058
received Time: 1372.5999999998471	 sent Time 60.00000000000058
received Time: 172.79999999999447	 sent Time 60.00000000000058
received Time: 1818.5999999994415	 sent Time 60.00000000000058
received Time: 1372.799999999847	 sent Time 60.00000000000058
received Time: 1040.1000000001495	 sent Time 60.00000000000058
received Time: 131.29999999999683	 sent Time 60.00000000000058
received Time: 367.7000000000151	 sent Time 60.00000000000058
received Time: 802.0000000001138	 sent Time 60.00000000000058
received Time: 802.6000000001139	 sent Time 60.00000000000058
received Time: 725.3000000000964	 sent Time 60.00000000000058
received Time: 358.8000000000131	 sent Time 60.00000000000058
received Time: 70.70000000000026	 sent Time 60.00000000000058
received Time: 133.5999999999967	 sent Time 60.00000000000058
received Time: 1264.899999999945	 sent Time 60.00000000000058
received Time: 802.1000000001138	 sent Time 60.00000000000058
received Time: 73.80000000000008	 sent Time 60.00000000000058
received Time: 985.7000000001556	 sent Time 60.00000000000058
received Time: 70.30000000000028	 sent Time 60.00000000000058
received Time: 801.6000000001137	 sent Time 60.00000000000058
received Time: 71.00000000000024	 sent Time 60.00000000000058
received Time: 725.0000000000963	 sent Time 60.00000000000058
received Time: 133.6999999999967	 sent Time 60.00000000000058
received Time: 358.9000000000131	 sent Time 60.00000000000058
received Time: 1374.0999999998457	 sent Time 780.3000000001089
received Time: 1374.1999999998457	 sent Time 780.3000000001089
received Time: 992.9000000001572	 sent Time 780.3000000001089
received Time: 1262.9999999999468	 sent Time 780.3000000001089
received Time: 829.10000000012	 sent Time 780.3000000001089
received Time: 1264.3999999999455	 sent Time 780.3000000001089
received Time: 1081.6000000001118	 sent Time 780.3000000001089
received Time: 985.6000000001555	 sent Time 780.3000000001089
received Time: 1269.6999999999407	 sent Time 780.3000000001089
received Time: 1372.9999999998468	 sent Time 780.3000000001089
received Time: 829.40000000012	 sent Time 780.3000000001089
received Time: 2080.799999999203	 sent Time 780.3000000001089
received Time: 1371.1999999998484	 sent Time 780.3000000001089
received Time: 1043.1000000001468	 sent Time 780.3000000001089
received Time: 995.6000000001578	 sent Time 780.3000000001089
received Time: 1372.3999999998473	 sent Time 780.3000000001089
received Time: 803.100000000114	 sent Time 780.3000000001089
received Time: 829.20000000012	 sent Time 780.3000000001089
received Time: 781.7000000001092	 sent Time 780.3000000001089
received Time: 780.6000000001089	 sent Time 780.3000000001089
received Time: 1979.599999999295	 sent Time 780.3000000001089
received Time: 1041.2000000001485	 sent Time 780.3000000001089
received Time: 1265.4999999999445	 sent Time 780.3000000001089
received Time: 2081.1999999992026	 sent Time 780.3000000001089
received Time: 1772.1999999994837	 sent Time 780.3000000001089
received Time: 992.6000000001571	 sent Time 780.3000000001089
received Time: 1040.700000000149	 sent Time 780.3000000001089
received Time: 1818.2999999994418	 sent Time 780.3000000001089
received Time: 828.8000000001199	 sent Time 780.3000000001089
received Time: 1262.8999999999469	 sent Time 780.3000000001089
received Time: 780.700000000109	 sent Time 780.3000000001089
received Time: 996.1000000001579	 sent Time 780.3000000001089
received Time: 941.6000000001455	 sent Time 780.3000000001089
received Time: 2223.0999999990736	 sent Time 1140.5000000000582
received Time: 2224.599999999072	 sent Time 1140.5000000000582
received Time: 1772.899999999483	 sent Time 1140.5000000000582
received Time: 1265.6999999999443	 sent Time 1140.5000000000582
received Time: 1658.2999999995873	 sent Time 1140.5000000000582
received Time: 1280.8999999999305	 sent Time 1140.5000000000582
received Time: 2224.0999999990727	 sent Time 1140.5000000000582
received Time: 1141.0000000000578	 sent Time 1140.5000000000582
received Time: 1516.2999999997164	 sent Time 1140.5000000000582
received Time: 1471.4999999997572	 sent Time 1140.5000000000582
received Time: 2408.1999999989052	 sent Time 1140.5000000000582
received Time: 1471.3999999997573	 sent Time 1140.5000000000582
received Time: 1471.8999999997568	 sent Time 1140.5000000000582
received Time: 1375.999999999844	 sent Time 1140.5000000000582
received Time: 1279.8999999999314	 sent Time 1140.5000000000582
received Time: 1280.7999999999306	 sent Time 1140.5000000000582
received Time: 1372.1999999998475	 sent Time 1140.5000000000582
received Time: 1318.1999999998966	 sent Time 1140.5000000000582
received Time: 1772.2999999994836	 sent Time 1140.5000000000582
received Time: 1854.6999999994086	 sent Time 1140.5000000000582
received Time: 1818.9999999994411	 sent Time 1140.5000000000582
received Time: 1817.8999999994421	 sent Time 1140.5000000000582
received Time: 2921.4999999984384	 sent Time 1140.5000000000582
received Time: 2408.8999999989046	 sent Time 1140.5000000000582
received Time: 2923.2999999984368	 sent Time 1140.5000000000582
received Time: 1471.9999999997567	 sent Time 1140.5000000000582
received Time: 1140.800000000058	 sent Time 1140.5000000000582
received Time: 2922.799999998437	 sent Time 1501.0999999997302
received Time: 2464.699999998854	 sent Time 1501.0999999997302
received Time: 1516.4999999997162	 sent Time 1501.0999999997302
received Time: 1659.599999999586	 sent Time 1501.0999999997302
received Time: 1594.5999999996452	 sent Time 1501.0999999997302
received Time: 2223.599999999073	 sent Time 1501.0999999997302
received Time: 1516.1999999997165	 sent Time 1501.0999999997302
received Time: 1519.1999999997138	 sent Time 1501.0999999997302
received Time: 1516.5999999997161	 sent Time 1501.0999999997302
received Time: 2080.699999999203	 sent Time 1501.0999999997302
received Time: 2224.899999999072	 sent Time 1501.0999999997302
received Time: 2486.399999998834	 sent Time 1501.0999999997302
received Time: 1512.29999999972	 sent Time 1501.0999999997302
received Time: 2223.1999999990735	 sent Time 1501.0999999997302
received Time: 1501.7999999997296	 sent Time 1501.0999999997302
received Time: 2485.0999999988353	 sent Time 1501.0999999997302
received Time: 1501.6999999997297	 sent Time 1501.0999999997302
received Time: 1516.3999999997163	 sent Time 1501.0999999997302
received Time: 2081.2999999992026	 sent Time 1501.0999999997302
received Time: 1595.1999999996447	 sent Time 1501.0999999997302
received Time: 1664.2999999995818	 sent Time 1501.0999999997302
received Time: 2080.4999999992033	 sent Time 1501.0999999997302
received Time: 1854.5999999994087	 sent Time 1501.0999999997302
received Time: 1595.4999999996444	 sent Time 1501.0999999997302
received Time: 1501.4999999997299	 sent Time 1501.0999999997302
received Time: 2922.1999999984378	 sent Time 1801.599999999457
received Time: 2923.099999998437	 sent Time 1801.599999999457
received Time: 1854.7999999994086	 sent Time 1801.599999999457
received Time: 1855.7999999994076	 sent Time 1801.599999999457
received Time: 1823.499999999437	 sent Time 1801.599999999457
received Time: 2224.699999999072	 sent Time 1801.599999999457
received Time: 2225.0999999990718	 sent Time 1801.599999999457
received Time: 2080.999999999203	 sent Time 1801.599999999457
received Time: 1801.9999999994566	 sent Time 1801.599999999457
received Time: 1802.4999999994561	 sent Time 1801.599999999457
received Time: 2408.599999998905	 sent Time 1801.599999999457
received Time: 2920.799999998439	 sent Time 1801.599999999457
received Time: 2919.89999999844	 sent Time 1801.599999999457
received Time: 2924.299999998436	 sent Time 1801.599999999457
received Time: 2921.899999998438	 sent Time 1801.599999999457
received Time: 1802.3999999994562	 sent Time 1801.599999999457
received Time: 2485.299999998835	 sent Time 1801.599999999457
received Time: 2922.3999999984376	 sent Time 1801.599999999457
received Time: 2081.0999999992027	 sent Time 1801.599999999457
received Time: 2080.899999999203	 sent Time 1801.599999999457
received Time: 1988.1999999992872	 sent Time 1801.599999999457
received Time: 1988.2999999992871	 sent Time 1801.599999999457
received Time: 2922.899999998437	 sent Time 1801.599999999457
received Time: 2922.5999999984374	 sent Time 1801.599999999457
received Time: 1802.1999999994564	 sent Time 1801.599999999457
received Time: 1855.6999999994077	 sent Time 1801.599999999457
received Time: 2408.699999998905	 sent Time 1801.599999999457
received Time: 2080.599999999203	 sent Time 1801.599999999457
received Time: 2922.4999999984375	 sent Time 1801.599999999457
received Time: 2408.299999998905	 sent Time 1801.599999999457
received Time: 2920.599999998439	 sent Time 1801.599999999457
received Time: 2014.5999999992632	 sent Time 1801.599999999457
received Time: 1817.6999999994423	 sent Time 1801.599999999457
received Time: 2119.6999999991676	 sent Time 2102.0999999991836
received Time: 3187.999999998196	 sent Time 2102.0999999991836
received Time: 2116.099999999171	 sent Time 2102.0999999991836
received Time: 2225.2999999990716	 sent Time 2102.0999999991836
received Time: 2486.699999998834	 sent Time 2102.0999999991836
received Time: 2920.999999998439	 sent Time 2102.0999999991836
received Time: 2102.2999999991835	 sent Time 2102.0999999991836
received Time: 2409.2999999989042	 sent Time 2102.0999999991836
received Time: 2920.0999999984397	 sent Time 2102.0999999991836
received Time: 2923.899999998436	 sent Time 2102.0999999991836
received Time: 2120.8999999991665	 sent Time 2102.0999999991836
received Time: 2485.8999999988346	 sent Time 2102.0999999991836
received Time: 2921.5999999984383	 sent Time 2102.0999999991836
received Time: 2112.899999999174	 sent Time 2102.0999999991836
received Time: 2408.7999999989047	 sent Time 2102.0999999991836
received Time: 2920.899999998439	 sent Time 2102.0999999991836
received Time: 2921.2999999984386	 sent Time 2102.0999999991836
received Time: 2920.1999999984396	 sent Time 2102.0999999991836
received Time: 2279.0999999990227	 sent Time 2102.0999999991836
received Time: 2408.9999999989045	 sent Time 2102.0999999991836
received Time: 2120.299999999167	 sent Time 2102.0999999991836
received Time: 2922.999999998437	 sent Time 2102.0999999991836
received Time: 2409.0999999989044	 sent Time 2102.0999999991836
received Time: 2924.4999999984357	 sent Time 2102.0999999991836
received Time: 2112.499999999174	 sent Time 2102.0999999991836
received Time: 2124.0999999991636	 sent Time 2102.0999999991836
received Time: 2726.099999998616	 sent Time 2462.6999999988557
received Time: 2475.0999999988444	 sent Time 2462.6999999988557
received Time: 3524.59999999789	 sent Time 2462.6999999988557
received Time: 2463.0999999988553	 sent Time 2462.6999999988557
received Time: 2725.999999998616	 sent Time 2462.6999999988557
received Time: 2922.6999999984373	 sent Time 2462.6999999988557
received Time: 2920.4999999984393	 sent Time 2462.6999999988557
received Time: 3364.1999999980358	 sent Time 2462.6999999988557
received Time: 2474.6999999988448	 sent Time 2462.6999999988557
received Time: 2927.0999999984333	 sent Time 2462.6999999988557
received Time: 2462.9999999988554	 sent Time 2462.6999999988557
received Time: 2986.2999999983795	 sent Time 2462.6999999988557
received Time: 2725.7999999986164	 sent Time 2462.6999999988557
received Time: 2467.1999999988516	 sent Time 2462.6999999988557
received Time: 3009.999999998358	 sent Time 2462.6999999988557
received Time: 3524.29999999789	 sent Time 2943.4999999984184
received Time: 3010.3999999983575	 sent Time 2943.4999999984184
received Time: 2975.2999999983895	 sent Time 2943.4999999984184
received Time: 2943.899999998418	 sent Time 2943.4999999984184
received Time: 2954.5999999984083	 sent Time 2943.4999999984184
received Time: 3364.2999999980357	 sent Time 2943.4999999984184
received Time: 2944.1999999984178	 sent Time 2943.4999999984184
received Time: 3010.1999999983577	 sent Time 2943.4999999984184
received Time: 2947.9999999984143	 sent Time 2943.4999999984184
received Time: 2975.1999999983896	 sent Time 2943.4999999984184
received Time: 2964.2999999983995	 sent Time 2943.4999999984184
received Time: 2975.599999998389	 sent Time 2943.4999999984184
received Time: 2944.099999998418	 sent Time 2943.4999999984184
received Time: 2973.599999998391	 sent Time 2943.4999999984184
received Time: 3010.099999998358	 sent Time 2943.4999999984184
received Time: 3010.2999999983576	 sent Time 2943.4999999984184
received Time: 3209.6999999981763	 sent Time 3183.8999999981997
received Time: 3522.9999999978913	 sent Time 3183.8999999981997
received Time: 3203.599999998182	 sent Time 3183.8999999981997
received Time: 3211.299999998175	 sent Time 3183.8999999981997
received Time: 3198.5999999981864	 sent Time 3183.8999999981997
received Time: 3207.4999999981783	 sent Time 3183.8999999981997
received Time: 3530.899999997884	 sent Time 3183.8999999981997
received Time: 3318.0999999980777	 sent Time 3183.8999999981997
received Time: 3184.3999999981993	 sent Time 3183.8999999981997
received Time: 3202.299999998183	 sent Time 3183.8999999981997
received Time: 3364.099999998036	 sent Time 3183.8999999981997
received Time: 3184.1999999981995	 sent Time 3183.8999999981997
received Time: 3198.3999999981866	 sent Time 3183.8999999981997
received Time: 3318.5999999980772	 sent Time 3183.8999999981997
received Time: 3198.2999999981866	 sent Time 3183.8999999981997
received Time: 3424.499999997981	 sent Time 3424.299999997981
received Time: 3533.5999999978817	 sent Time 3424.299999997981
received Time: 3539.3999999978764	 sent Time 3424.299999997981
received Time: 3579.29999999784	 sent Time 3424.299999997981
received Time: 3578.9999999978404	 sent Time 3424.299999997981
received Time: 3524.7999999978897	 sent Time 3424.299999997981
received Time: 3539.4999999978763	 sent Time 3424.299999997981
received Time: 3531.099999997884	 sent Time 3424.299999997981
received Time: 3537.699999997878	 sent Time 3424.299999997981
received Time: 3536.399999997879	 sent Time 3424.299999997981
avgAoI: 407.09655172386954 | overhead: 1.4655172413793103 | validDeliveries: 232
345.4 3600: 5.53 1/s
Simulation done in 345.34s
---
All done in 345.49s
