Run 1/1
Running simulation 'FL_A_Epidemic_50_SPMBM'
Unique content gateway: 43 :: total unique content cache: 1
received Time: 2362.8999999989464	 sent Time 60.00000000000058
received Time: 868.800000000129	 sent Time 60.00000000000058
received Time: 2880.299999998476	 sent Time 60.00000000000058
received Time: 2206.4999999990887	 sent Time 60.00000000000058
received Time: 2880.4999999984757	 sent Time 60.00000000000058
received Time: 705.6000000000919	 sent Time 60.00000000000058
received Time: 2207.299999999088	 sent Time 60.00000000000058
received Time: 93.89999999999894	 sent Time 60.00000000000058
received Time: 2205.8999999990892	 sent Time 60.00000000000058
received Time: 2791.4999999985566	 sent Time 60.00000000000058
received Time: 2880.399999998476	 sent Time 60.00000000000058
received Time: 3442.4999999979646	 sent Time 60.00000000000058
received Time: 705.7000000000919	 sent Time 60.00000000000058
received Time: 826.4000000001193	 sent Time 60.00000000000058
received Time: 705.2000000000918	 sent Time 60.00000000000058
received Time: 2205.6999999990894	 sent Time 60.00000000000058
received Time: 2879.999999998476	 sent Time 60.00000000000058
received Time: 217.9999999999919	 sent Time 60.00000000000058
received Time: 2011.2999999992662	 sent Time 60.00000000000058
received Time: 411.7000000000251	 sent Time 60.00000000000058
received Time: 2791.199999998557	 sent Time 60.00000000000058
received Time: 826.3000000001193	 sent Time 60.00000000000058
received Time: 1090.6000000001036	 sent Time 60.00000000000058
received Time: 868.700000000129	 sent Time 60.00000000000058
received Time: 217.59999999999192	 sent Time 60.00000000000058
received Time: 706.000000000092	 sent Time 60.00000000000058
received Time: 2791.3999999985567	 sent Time 60.00000000000058
received Time: 705.3000000000918	 sent Time 60.00000000000058
received Time: 2206.8999999990883	 sent Time 60.00000000000058
received Time: 2207.499999999088	 sent Time 60.00000000000058
received Time: 868.600000000129	 sent Time 60.00000000000058
received Time: 2880.6999999984755	 sent Time 2222.2999999990743
received Time: 2236.5999999990613	 sent Time 2222.2999999990743
received Time: 2236.899999999061	 sent Time 2222.2999999990743
received Time: 2791.6999999985565	 sent Time 2222.2999999990743
received Time: 3441.6999999979653	 sent Time 2222.2999999990743
received Time: 2880.5999999984756	 sent Time 2222.2999999990743
received Time: 3442.199999997965	 sent Time 2222.2999999990743
received Time: 2222.499999999074	 sent Time 2222.2999999990743
received Time: 2791.7999999985564	 sent Time 2222.2999999990743
received Time: 2791.099999998557	 sent Time 2222.2999999990743
received Time: 2362.5999999989467	 sent Time 2222.2999999990743
received Time: 2232.7999999990648	 sent Time 2222.2999999990743
avgAoI: 1268.6930232552631 | overhead: 2.0 | validDeliveries: 43
39.7 3600: 90.59 1/s
Simulation done in 39.71s
---
All done in 39.86s
