Run 1/1
Running simulation 'FL_B_CCN_NoCache_50_SPMBM'
Unique content gateway: 37 :: total unique content cache: 1
received Time: 868.700000000129	 sent Time 60.00000000000058
received Time: 2249.4999999990496	 sent Time 60.00000000000058
received Time: 2203.099999999092	 sent Time 60.00000000000058
received Time: 93.89999999999894	 sent Time 60.00000000000058
received Time: 2249.3999999990497	 sent Time 60.00000000000058
received Time: 3278.6999999981135	 sent Time 60.00000000000058
received Time: 3437.799999997969	 sent Time 60.00000000000058
received Time: 710.700000000093	 sent Time 60.00000000000058
received Time: 835.5000000001214	 sent Time 60.00000000000058
received Time: 714.3000000000939	 sent Time 60.00000000000058
received Time: 214.79999999999208	 sent Time 60.00000000000058
received Time: 2010.5999999992669	 sent Time 60.00000000000058
received Time: 408.2000000000243	 sent Time 60.00000000000058
received Time: 3278.5999999981136	 sent Time 60.00000000000058
received Time: 716.5000000000944	 sent Time 60.00000000000058
received Time: 1084.8000000001089	 sent Time 60.00000000000058
received Time: 882.9000000001322	 sent Time 60.00000000000058
received Time: 214.3999999999921	 sent Time 60.00000000000058
received Time: 717.3000000000945	 sent Time 60.00000000000058
received Time: 2792.9999999985553	 sent Time 60.00000000000058
received Time: 714.2000000000938	 sent Time 60.00000000000058
received Time: 2455.9999999988618	 sent Time 60.00000000000058
received Time: 2249.19999999905	 sent Time 60.00000000000058
received Time: 868.600000000129	 sent Time 60.00000000000058
received Time: 2456.0999999988617	 sent Time 2282.3999999990197
received Time: 3166.6999999982154	 sent Time 2282.3999999990197
received Time: 2456.1999999988616	 sent Time 2282.3999999990197
received Time: 3495.5999999979163	 sent Time 2282.3999999990197
received Time: 2880.199999998476	 sent Time 2282.3999999990197
received Time: 3437.699999997969	 sent Time 2282.3999999990197
received Time: 2879.999999998476	 sent Time 2282.3999999990197
received Time: 3437.599999997969	 sent Time 2282.3999999990197
received Time: 2282.6999999990194	 sent Time 2282.3999999990197
received Time: 2880.299999998476	 sent Time 2282.3999999990197
received Time: 2880.099999998476	 sent Time 2282.3999999990197
received Time: 2468.3999999988505	 sent Time 2282.3999999990197
received Time: 2282.899999999019	 sent Time 2282.3999999990197
avgAoI: 1111.9999999995016 | overhead: 2.3513513513513513 | validDeliveries: 37
7.9 3600: 452.90 1/s
Simulation done in 7.92s
---
All done in 8.07s
