Run 1/1
Running simulation 'FL_B_CCN_NoCache_50_RWP'
Unique content gateway: 134 :: total unique content cache: 1
received Time: 670.5000000000839	 sent Time 60.00000000000058
received Time: 1480.599999999749	 sent Time 60.00000000000058
received Time: 151.1999999999957	 sent Time 60.00000000000058
received Time: 62.300000000000615	 sent Time 60.00000000000058
received Time: 1262.5999999999472	 sent Time 60.00000000000058
received Time: 1262.699999999947	 sent Time 60.00000000000058
received Time: 2272.8999999990283	 sent Time 60.00000000000058
received Time: 1093.400000000101	 sent Time 60.00000000000058
received Time: 60.200000000000585	 sent Time 60.00000000000058
received Time: 1480.7999999997487	 sent Time 60.00000000000058
received Time: 168.29999999999472	 sent Time 60.00000000000058
received Time: 3331.2999999980657	 sent Time 60.00000000000058
received Time: 1491.499999999739	 sent Time 60.00000000000058
received Time: 2947.9999999984143	 sent Time 60.00000000000058
received Time: 1262.4999999999472	 sent Time 60.00000000000058
received Time: 1491.399999999739	 sent Time 60.00000000000058
received Time: 1262.3999999999473	 sent Time 60.00000000000058
received Time: 1375.4999999998445	 sent Time 60.00000000000058
received Time: 789.4000000001109	 sent Time 60.00000000000058
received Time: 359.00000000001313	 sent Time 60.00000000000058
received Time: 1965.9999999993074	 sent Time 60.00000000000058
received Time: 74.60000000000004	 sent Time 60.00000000000058
received Time: 1766.8999999994885	 sent Time 60.00000000000058
received Time: 1749.0999999995047	 sent Time 60.00000000000058
received Time: 1262.2999999999474	 sent Time 60.00000000000058
received Time: 70.60000000000026	 sent Time 60.00000000000058
received Time: 1726.3999999995253	 sent Time 60.00000000000058
received Time: 70.90000000000025	 sent Time 60.00000000000058
received Time: 1375.5999999998444	 sent Time 60.00000000000058
received Time: 71.10000000000024	 sent Time 60.00000000000058
received Time: 769.4000000001064	 sent Time 60.00000000000058
received Time: 1262.799999999947	 sent Time 60.00000000000058
received Time: 358.9000000000131	 sent Time 60.00000000000058
received Time: 2923.2999999984368	 sent Time 1320.7999999998942
received Time: 3530.899999997884	 sent Time 1320.7999999998942
received Time: 1831.7999999994295	 sent Time 1320.7999999998942
received Time: 1321.099999999894	 sent Time 1320.7999999998942
received Time: 1689.299999999559	 sent Time 1320.7999999998942
received Time: 1724.8999999995267	 sent Time 1320.7999999998942
received Time: 2223.3999999990733	 sent Time 1320.7999999998942
received Time: 1321.1999999998939	 sent Time 1320.7999999998942
received Time: 1499.8999999997313	 sent Time 1320.7999999998942
received Time: 1480.6999999997488	 sent Time 1320.7999999998942
received Time: 2408.299999998905	 sent Time 1320.7999999998942
received Time: 2922.799999998437	 sent Time 1320.7999999998942
received Time: 2513.4999999988095	 sent Time 1320.7999999998942
received Time: 1494.2999999997364	 sent Time 1320.7999999998942
received Time: 2922.6999999984373	 sent Time 1320.7999999998942
received Time: 1386.2999999998347	 sent Time 1320.7999999998942
received Time: 2513.3999999988096	 sent Time 1320.7999999998942
received Time: 1331.8999999998841	 sent Time 1320.7999999998942
received Time: 1345.5999999998717	 sent Time 1320.7999999998942
received Time: 2925.399999998435	 sent Time 1320.7999999998942
received Time: 1966.1999999993072	 sent Time 1320.7999999998942
received Time: 1357.9999999998604	 sent Time 1320.7999999998942
received Time: 1831.5999999994297	 sent Time 1320.7999999998942
received Time: 3331.3999999980656	 sent Time 1320.7999999998942
received Time: 1749.1999999995046	 sent Time 1320.7999999998942
received Time: 2271.2999999990298	 sent Time 1320.7999999998942
received Time: 2725.8999999986163	 sent Time 1320.7999999998942
received Time: 3331.199999998066	 sent Time 1320.7999999998942
received Time: 3531.099999997884	 sent Time 1320.7999999998942
received Time: 2725.999999998616	 sent Time 1320.7999999998942
received Time: 1831.6999999994296	 sent Time 1320.7999999998942
received Time: 1724.9999999995266	 sent Time 1320.7999999998942
received Time: 1321.3999999998937	 sent Time 1320.7999999998942
received Time: 2923.5999999984365	 sent Time 1921.7999999993476
received Time: 2408.399999998905	 sent Time 1921.7999999993476
received Time: 3182.1999999982013	 sent Time 1921.7999999993476
received Time: 2726.099999998616	 sent Time 1921.7999999993476
received Time: 2223.2999999990734	 sent Time 1921.7999999993476
received Time: 2222.9999999990737	 sent Time 1921.7999999993476
received Time: 2726.299999998616	 sent Time 1921.7999999993476
received Time: 1935.8999999993348	 sent Time 1921.7999999993476
received Time: 1921.9999999993474	 sent Time 1921.7999999993476
received Time: 2726.399999998616	 sent Time 1921.7999999993476
received Time: 2223.1999999990735	 sent Time 1921.7999999993476
received Time: 2922.899999998437	 sent Time 1921.7999999993476
received Time: 2223.0999999990736	 sent Time 1921.7999999993476
received Time: 3060.599999998312	 sent Time 1921.7999999993476
received Time: 2923.199999998437	 sent Time 1921.7999999993476
received Time: 3530.999999997884	 sent Time 1921.7999999993476
received Time: 1966.0999999993073	 sent Time 1921.7999999993476
received Time: 2925.4999999984348	 sent Time 1921.7999999993476
received Time: 3531.299999997884	 sent Time 1921.7999999993476
received Time: 3531.6999999978834	 sent Time 1921.7999999993476
received Time: 1932.6999999993377	 sent Time 1921.7999999993476
received Time: 2271.19999999903	 sent Time 1921.7999999993476
received Time: 3060.499999998312	 sent Time 1921.7999999993476
received Time: 2408.1999999989052	 sent Time 1921.7999999993476
received Time: 3531.7999999978833	 sent Time 1921.7999999993476
received Time: 2594.8999999987354	 sent Time 1921.7999999993476
received Time: 3530.7999999978842	 sent Time 1921.7999999993476
received Time: 2005.7999999992712	 sent Time 1921.7999999993476
received Time: 2726.199999998616	 sent Time 1921.7999999993476
received Time: 3002.6999999983645	 sent Time 2522.799999998801
received Time: 2922.999999998437	 sent Time 2522.799999998801
received Time: 2912.4999999984466	 sent Time 2522.799999998801
received Time: 2523.3999999988005	 sent Time 2522.799999998801
received Time: 2726.4999999986157	 sent Time 2522.799999998801
received Time: 2923.3999999984367	 sent Time 2522.799999998801
received Time: 2922.5999999984374	 sent Time 2522.799999998801
received Time: 3531.4999999978836	 sent Time 2522.799999998801
received Time: 3354.7999999980443	 sent Time 2522.799999998801
received Time: 2923.4999999984366	 sent Time 2522.799999998801
received Time: 3531.3999999978837	 sent Time 2522.799999998801
received Time: 2948.099999998414	 sent Time 2522.799999998801
received Time: 3531.8999999978832	 sent Time 2522.799999998801
received Time: 3531.199999997884	 sent Time 2522.799999998801
received Time: 2523.1999999988006	 sent Time 2522.799999998801
received Time: 2923.099999998437	 sent Time 2522.799999998801
received Time: 2595.199999998735	 sent Time 2522.799999998801
received Time: 3531.5999999978835	 sent Time 2522.799999998801
received Time: 2523.2999999988006	 sent Time 2522.799999998801
received Time: 3077.099999998297	 sent Time 2522.799999998801
received Time: 3522.5999999978917	 sent Time 3063.699999998309
received Time: 3064.4999999983083	 sent Time 3063.699999998309
received Time: 3087.2999999982876	 sent Time 3063.699999998309
received Time: 3076.999999998297	 sent Time 3063.699999998309
received Time: 3081.0999999982932	 sent Time 3063.699999998309
received Time: 3064.3999999983084	 sent Time 3063.699999998309
received Time: 3064.2999999983085	 sent Time 3063.699999998309
received Time: 3084.49999999829	 sent Time 3063.699999998309
received Time: 3354.6999999980444	 sent Time 3063.699999998309
received Time: 3064.1999999983086	 sent Time 3063.699999998309
received Time: 3081.399999998293	 sent Time 3063.699999998309
received Time: 3159.499999998222	 sent Time 3063.699999998309
received Time: 3544.8999999978714	 sent Time 3544.499999997872
received Time: 3555.399999997862	 sent Time 3544.499999997872
received Time: 3578.8999999978405	 sent Time 3544.499999997872
received Time: 3578.399999997841	 sent Time 3544.499999997872
received Time: 3545.199999997871	 sent Time 3544.499999997872
received Time: 3558.499999997859	 sent Time 3544.499999997872
received Time: 3544.9999999978713	 sent Time 3544.499999997872
avgAoI: 712.3208955219175 | overhead: 1.5223880597014925 | validDeliveries: 134
22.0 3600: 163.78 1/s
Simulation done in 21.94s
---
All done in 22.11s
