Run 1/1
Running simulation 'FL_C_CCN_Cache_50_SPMBM'
Unique content gateway: 36 :: total unique content cache: 1
received Time: 2249.3999999990497	 sent Time 60.00000000000058
received Time: 2203.099999999092	 sent Time 60.00000000000058
received Time: 93.89999999999894	 sent Time 60.00000000000058
received Time: 2249.6999999990494	 sent Time 60.00000000000058
received Time: 2880.199999998476	 sent Time 60.00000000000058
received Time: 3437.599999997969	 sent Time 60.00000000000058
received Time: 710.8000000000931	 sent Time 60.00000000000058
received Time: 834.5000000001212	 sent Time 60.00000000000058
received Time: 830.4000000001203	 sent Time 60.00000000000058
received Time: 214.79999999999208	 sent Time 60.00000000000058
received Time: 2010.5999999992669	 sent Time 60.00000000000058
received Time: 408.30000000002434	 sent Time 60.00000000000058
received Time: 3278.7999999981134	 sent Time 60.00000000000058
received Time: 716.7000000000944	 sent Time 60.00000000000058
received Time: 1084.8000000001089	 sent Time 60.00000000000058
received Time: 882.9000000001322	 sent Time 60.00000000000058
received Time: 214.3999999999921	 sent Time 60.00000000000058
received Time: 717.3000000000945	 sent Time 60.00000000000058
received Time: 2791.6999999985565	 sent Time 60.00000000000058
received Time: 713.6000000000937	 sent Time 60.00000000000058
received Time: 2456.0999999988617	 sent Time 60.00000000000058
received Time: 2249.19999999905	 sent Time 60.00000000000058
received Time: 868.800000000129	 sent Time 60.00000000000058
received Time: 2456.1999999988616	 sent Time 2282.3999999990197
received Time: 2880.4999999984757	 sent Time 2282.3999999990197
received Time: 2455.9999999988618	 sent Time 2282.3999999990197
received Time: 3495.4999999979163	 sent Time 2282.3999999990197
received Time: 2880.5999999984756	 sent Time 2282.3999999990197
received Time: 3437.699999997969	 sent Time 2282.3999999990197
received Time: 2880.099999998476	 sent Time 2282.3999999990197
received Time: 3437.799999997969	 sent Time 2282.3999999990197
received Time: 2282.6999999990194	 sent Time 2282.3999999990197
received Time: 2880.7999999984754	 sent Time 2282.3999999990197
received Time: 2880.399999998476	 sent Time 2282.3999999990197
received Time: 2468.3999999988505	 sent Time 2282.3999999990197
received Time: 2282.899999999019	 sent Time 2282.3999999990197
avgAoI: 1104.611111110613 | overhead: 2.4444444444444446 | validDeliveries: 36
9.9 3600: 362.11 1/s
Simulation done in 9.91s
---
All done in 10.06s
