Run 1/1
Running simulation 'FL_A_Epidemic_50_RWP'
60.0 1162: 19.37 1/s
120.0 1582: 7.00 1/s
180.0 1922: 5.66 1/s
240.0 2224: 5.03 1/s
300.1 2457: 3.89 1/s
360.1 2700: 4.05 1/s
420.1 2906: 3.45 1/s
480.1 3041: 2.24 1/s
540.1 3144: 1.72 1/s
600.2 3311: 2.79 1/s
660.2 3458: 2.45 1/s
720.2 3598: 2.33 1/s
780.2 3752: 2.57 1/s
840.2 3890: 2.29 1/s
900.3 3995: 1.75 1/s
960.3 4103: 1.80 1/s
1020.3 4220: 1.96 1/s
1080.3 4364: 2.39 1/s
1140.3 4484: 2.01 1/s
1200.4 4620: 2.27 1/s
1260.4 4750: 2.16 1/s
1320.4 4867: 1.96 1/s
1380.4 4992: 2.08 1/s
1440.5 5150: 2.62 1/s
1500.5 5320: 2.84 1/s
1560.5 5492: 2.86 1/s
1620.5 5619: 2.13 1/s
1680.5 5752: 2.21 1/s
1740.6 5925: 2.88 1/s
1800.6 6073: 2.48 1/s
1860.6 6212: 2.32 1/s
1920.6 6328: 1.92 1/s
1980.6 6482: 2.58 1/s
2040.7 6609: 2.10 1/s
2100.7 6761: 2.54 1/s
2160.7 6879: 1.97 1/s
2220.7 7027: 2.46 1/s
2280.8 7203: 2.93 1/s
2340.8 7419: 3.60 1/s
2400.8 7681: 4.37 1/s
2460.8 8027: 5.77 1/s
2520.8 8280: 4.21 1/s
2580.8 8590: 5.16 1/s
2640.8 8859: 4.48 1/s
2700.8 9147: 4.79 1/s
2760.8 9407: 4.34 1/s
2820.9 9706: 4.98 1/s
2880.9 10002: 4.93 1/s
2940.9 10271: 4.49 1/s
3000.9 10542: 4.52 1/s
3060.9 10835: 4.88 1/s
3120.9 11115: 4.66 1/s
3180.9 11465: 5.83 1/s
3240.9 11832: 6.12 1/s
3300.9 12199: 6.10 1/s
3360.9 12482: 4.72 1/s
3420.9 12730: 4.14 1/s
3481.0 13018: 4.80 1/s
3541.0 13292: 4.57 1/s
3601.0 13536: 4.07 1/s
3661.0 13756: 3.65 1/s
3721.0 14007: 4.19 1/s
3781.0 14283: 4.60 1/s
Unique content gateway: 275 :: total unique content cache: 1
received Time: 622.1000000000729	 sent Time 60.00000000000058
received Time: 370.50000000001575	 sent Time 60.00000000000058
received Time: 96.89999999999877	 sent Time 60.00000000000058
received Time: 62.900000000000624	 sent Time 60.00000000000058
received Time: 803.4000000001141	 sent Time 60.00000000000058
received Time: 1262.5999999999472	 sent Time 60.00000000000058
received Time: 1036.300000000153	 sent Time 60.00000000000058
received Time: 940.2000000001452	 sent Time 60.00000000000058
received Time: 60.200000000000585	 sent Time 60.00000000000058
received Time: 1369.7999999998497	 sent Time 60.00000000000058
received Time: 172.79999999999447	 sent Time 60.00000000000058
received Time: 1809.19999999945	 sent Time 60.00000000000058
received Time: 1369.5999999998498	 sent Time 60.00000000000058
received Time: 1036.200000000153	 sent Time 60.00000000000058
received Time: 131.29999999999683	 sent Time 60.00000000000058
received Time: 367.7000000000151	 sent Time 60.00000000000058
received Time: 802.0000000001138	 sent Time 60.00000000000058
received Time: 802.6000000001139	 sent Time 60.00000000000058
received Time: 725.3000000000964	 sent Time 60.00000000000058
received Time: 358.8000000000131	 sent Time 60.00000000000058
received Time: 70.70000000000026	 sent Time 60.00000000000058
received Time: 133.5999999999967	 sent Time 60.00000000000058
received Time: 1263.799999999946	 sent Time 60.00000000000058
received Time: 802.1000000001138	 sent Time 60.00000000000058
received Time: 73.80000000000008	 sent Time 60.00000000000058
received Time: 985.7000000001556	 sent Time 60.00000000000058
received Time: 70.30000000000028	 sent Time 60.00000000000058
received Time: 801.6000000001137	 sent Time 60.00000000000058
received Time: 71.00000000000024	 sent Time 60.00000000000058
received Time: 725.0000000000963	 sent Time 60.00000000000058
received Time: 133.6999999999967	 sent Time 60.00000000000058
received Time: 358.9000000000131	 sent Time 60.00000000000058
received Time: 1368.5999999998508	 sent Time 780.3000000001089
received Time: 1369.0999999998503	 sent Time 780.3000000001089
received Time: 992.9000000001572	 sent Time 780.3000000001089
received Time: 1263.899999999946	 sent Time 780.3000000001089
received Time: 829.10000000012	 sent Time 780.3000000001089
received Time: 1262.699999999947	 sent Time 780.3000000001089
received Time: 1079.8000000001134	 sent Time 780.3000000001089
received Time: 985.6000000001555	 sent Time 780.3000000001089
received Time: 1268.199999999942	 sent Time 780.3000000001089
received Time: 1368.7999999998506	 sent Time 780.3000000001089
received Time: 828.6000000001198	 sent Time 780.3000000001089
received Time: 2080.599999999203	 sent Time 780.3000000001089
received Time: 1368.8999999998505	 sent Time 780.3000000001089
received Time: 1041.4000000001483	 sent Time 780.3000000001089
received Time: 995.6000000001578	 sent Time 780.3000000001089
received Time: 1369.8999999998496	 sent Time 780.3000000001089
received Time: 803.100000000114	 sent Time 780.3000000001089
received Time: 828.7000000001199	 sent Time 780.3000000001089
received Time: 781.7000000001092	 sent Time 780.3000000001089
received Time: 780.6000000001089	 sent Time 780.3000000001089
received Time: 1037.1000000001522	 sent Time 780.3000000001089
received Time: 1264.0999999999458	 sent Time 780.3000000001089
received Time: 2080.699999999203	 sent Time 780.3000000001089
received Time: 1770.2999999994854	 sent Time 780.3000000001089
received Time: 992.6000000001571	 sent Time 780.3000000001089
received Time: 1036.1000000001532	 sent Time 780.3000000001089
received Time: 828.8000000001199	 sent Time 780.3000000001089
received Time: 1263.0999999999467	 sent Time 780.3000000001089
received Time: 780.700000000109	 sent Time 780.3000000001089
received Time: 996.1000000001579	 sent Time 780.3000000001089
received Time: 941.6000000001455	 sent Time 780.3000000001089
received Time: 1469.599999999759	 sent Time 1080.4000000001129
received Time: 2223.699999999073	 sent Time 1080.4000000001129
received Time: 1272.9999999999377	 sent Time 1080.4000000001129
received Time: 1264.3999999999455	 sent Time 1080.4000000001129
received Time: 1273.5999999999372	 sent Time 1080.4000000001129
received Time: 1278.8999999999323	 sent Time 1080.4000000001129
received Time: 1272.7999999999379	 sent Time 1080.4000000001129
received Time: 1090.9000000001033	 sent Time 1080.4000000001129
received Time: 1510.199999999722	 sent Time 1080.4000000001129
received Time: 1469.399999999759	 sent Time 1080.4000000001129
received Time: 2408.1999999989052	 sent Time 1080.4000000001129
received Time: 2223.899999999073	 sent Time 1080.4000000001129
received Time: 2481.5999999988385	 sent Time 1080.4000000001129
received Time: 1272.8999999999378	 sent Time 1080.4000000001129
received Time: 1469.2999999997592	 sent Time 1080.4000000001129
received Time: 1369.9999999998495	 sent Time 1080.4000000001129
received Time: 1278.5999999999326	 sent Time 1080.4000000001129
received Time: 1278.3999999999328	 sent Time 1080.4000000001129
received Time: 2080.899999999203	 sent Time 1080.4000000001129
received Time: 1981.2999999992935	 sent Time 1080.4000000001129
received Time: 1273.4999999999372	 sent Time 1080.4000000001129
received Time: 1314.8999999998996	 sent Time 1080.4000000001129
received Time: 2081.1999999992026	 sent Time 1080.4000000001129
received Time: 1770.3999999994853	 sent Time 1080.4000000001129
received Time: 1273.2999999999374	 sent Time 1080.4000000001129
received Time: 1273.3999999999373	 sent Time 1080.4000000001129
received Time: 1809.29999999945	 sent Time 1080.4000000001129
received Time: 1273.0999999999376	 sent Time 1080.4000000001129
received Time: 1080.7000000001126	 sent Time 1080.4000000001129
received Time: 1582.1999999996565	 sent Time 1080.4000000001129
received Time: 1080.8000000001125	 sent Time 1080.4000000001129
received Time: 2223.799999999073	 sent Time 1380.8999999998396
received Time: 1770.699999999485	 sent Time 1380.8999999998396
received Time: 1381.499999999839	 sent Time 1380.8999999998396
received Time: 1642.8999999996013	 sent Time 1380.8999999998396
received Time: 1468.7999999997596	 sent Time 1380.8999999998396
received Time: 2223.2999999990734	 sent Time 1380.8999999998396
received Time: 1381.8999999998387	 sent Time 1380.8999999998396
received Time: 1510.099999999722	 sent Time 1380.8999999998396
received Time: 2409.0999999989044	 sent Time 1380.8999999998396
received Time: 2080.999999999203	 sent Time 1380.8999999998396
received Time: 1469.499999999759	 sent Time 1380.8999999998396
received Time: 2223.9999999990728	 sent Time 1380.8999999998396
received Time: 1468.8999999997595	 sent Time 1380.8999999998396
received Time: 1381.599999999839	 sent Time 1380.8999999998396
received Time: 1395.899999999826	 sent Time 1380.8999999998396
received Time: 1981.3999999992934	 sent Time 1380.8999999998396
received Time: 1469.1999999997593	 sent Time 1380.8999999998396
received Time: 1642.7999999996014	 sent Time 1380.8999999998396
received Time: 1839.999999999422	 sent Time 1380.8999999998396
received Time: 1809.0999999994501	 sent Time 1380.8999999998396
received Time: 1809.3999999994498	 sent Time 1380.8999999998396
received Time: 2918.9999999984407	 sent Time 1380.8999999998396
received Time: 2408.599999998905	 sent Time 1380.8999999998396
received Time: 1582.2999999996564	 sent Time 1380.8999999998396
received Time: 1381.399999999839	 sent Time 1380.8999999998396
received Time: 2916.0999999984433	 sent Time 1681.3999999995663
received Time: 2916.499999998443	 sent Time 1681.3999999995663
received Time: 1702.3999999995472	 sent Time 1681.3999999995663
received Time: 1702.499999999547	 sent Time 1681.3999999995663
received Time: 2223.599999999073	 sent Time 1681.3999999995663
received Time: 2223.1999999990735	 sent Time 1681.3999999995663
received Time: 2080.4999999992033	 sent Time 1681.3999999995663
received Time: 1681.799999999566	 sent Time 1681.3999999995663
received Time: 1732.6999999995196	 sent Time 1681.3999999995663
received Time: 2481.099999998839	 sent Time 1681.3999999995663
received Time: 1737.2999999995154	 sent Time 1681.3999999995663
received Time: 1681.699999999566	 sent Time 1681.3999999995663
received Time: 2481.2999999988388	 sent Time 1681.3999999995663
received Time: 1737.1999999995155	 sent Time 1681.3999999995663
received Time: 1821.7999999994386	 sent Time 1681.3999999995663
received Time: 2080.799999999203	 sent Time 1681.3999999995663
received Time: 1740.0999999995129	 sent Time 1681.3999999995663
received Time: 1839.899999999422	 sent Time 1681.3999999995663
received Time: 2917.9999999984416	 sent Time 1681.3999999995663
received Time: 1840.099999999422	 sent Time 1681.3999999995663
received Time: 2081.0999999992027	 sent Time 1681.3999999995663
received Time: 1826.1999999994346	 sent Time 1681.3999999995663
received Time: 2916.6999999984428	 sent Time 1681.3999999995663
received Time: 2408.7999999989047	 sent Time 1681.3999999995663
received Time: 2916.8999999984426	 sent Time 1681.3999999995663
received Time: 1742.5999999995106	 sent Time 1681.3999999995663
received Time: 1695.3999999995535	 sent Time 1681.3999999995663
received Time: 2096.6999999991885	 sent Time 1921.7999999993476
received Time: 2097.099999999188	 sent Time 1921.7999999993476
received Time: 2480.999999998839	 sent Time 1921.7999999993476
received Time: 1934.499999999336	 sent Time 1921.7999999993476
received Time: 1921.9999999993474	 sent Time 1921.7999999993476
received Time: 3895.899999997552	 sent Time 1921.7999999993476
received Time: 2916.599999998443	 sent Time 1921.7999999993476
received Time: 2916.299999998443	 sent Time 1921.7999999993476
received Time: 2917.299999998442	 sent Time 1921.7999999993476
received Time: 2917.8999999984417	 sent Time 1921.7999999993476
received Time: 2100.8999999991847	 sent Time 1921.7999999993476
received Time: 2481.6999999988384	 sent Time 1921.7999999993476
received Time: 2918.0999999984415	 sent Time 1921.7999999993476
received Time: 2917.599999998442	 sent Time 1921.7999999993476
received Time: 1981.4999999992933	 sent Time 1921.7999999993476
received Time: 1982.2999999992926	 sent Time 1921.7999999993476
received Time: 2916.199999998443	 sent Time 1921.7999999993476
received Time: 2915.9999999984434	 sent Time 1921.7999999993476
received Time: 1933.599999999337	 sent Time 1921.7999999993476
received Time: 2281.4999999990205	 sent Time 1921.7999999993476
received Time: 2408.9999999989045	 sent Time 1921.7999999993476
received Time: 2101.3999999991843	 sent Time 1921.7999999993476
received Time: 2918.8999999984408	 sent Time 1921.7999999993476
received Time: 2408.499999998905	 sent Time 1921.7999999993476
received Time: 2917.499999998442	 sent Time 1921.7999999993476
received Time: 2011.6999999992659	 sent Time 1921.7999999993476
received Time: 2101.899999999184	 sent Time 1921.7999999993476
received Time: 3659.699999997767	 sent Time 2162.199999999129
received Time: 2181.2999999991116	 sent Time 2162.199999999129
received Time: 3175.999999998207	 sent Time 2162.199999999129
received Time: 2264.199999999036	 sent Time 2162.199999999129
received Time: 2223.499999999073	 sent Time 2162.199999999129
received Time: 2916.399999998443	 sent Time 2162.199999999129
received Time: 2172.999999999119	 sent Time 2162.199999999129
received Time: 2408.8999999989046	 sent Time 2162.199999999129
received Time: 3733.8999999976995	 sent Time 2162.199999999129
received Time: 2917.7999999984418	 sent Time 2162.199999999129
received Time: 2918.799999998441	 sent Time 2162.199999999129
received Time: 2918.1999999984414	 sent Time 2162.199999999129
received Time: 2181.3999999991115	 sent Time 2162.199999999129
received Time: 2481.3999999988387	 sent Time 2162.199999999129
received Time: 3733.6999999976997	 sent Time 2162.199999999129
received Time: 2173.399999999119	 sent Time 2162.199999999129
received Time: 2408.399999998905	 sent Time 2162.199999999129
received Time: 2917.1999999984423	 sent Time 2162.199999999129
received Time: 2916.7999999984427	 sent Time 2162.199999999129
received Time: 2408.699999998905	 sent Time 2162.199999999129
received Time: 2181.4999999991114	 sent Time 2162.199999999129
received Time: 2918.499999998441	 sent Time 2162.199999999129
received Time: 2408.299999998905	 sent Time 2162.199999999129
received Time: 2916.9999999984425	 sent Time 2162.199999999129
received Time: 2162.399999999129	 sent Time 2162.199999999129
received Time: 2181.1999999991117	 sent Time 2162.199999999129
received Time: 3895.199999997553	 sent Time 2462.6999999988557
received Time: 3659.599999997767	 sent Time 2462.6999999988557
received Time: 2726.199999998616	 sent Time 2462.6999999988557
received Time: 2474.499999998845	 sent Time 2462.6999999988557
received Time: 2918.699999998441	 sent Time 2462.6999999988557
received Time: 2974.79999999839	 sent Time 2462.6999999988557
received Time: 2918.2999999984413	 sent Time 2462.6999999988557
received Time: 2463.299999998855	 sent Time 2462.6999999988557
received Time: 2726.099999998616	 sent Time 2462.6999999988557
received Time: 2917.399999998442	 sent Time 2462.6999999988557
received Time: 3896.199999997552	 sent Time 2462.6999999988557
received Time: 3363.699999998036	 sent Time 2462.6999999988557
received Time: 2917.699999998442	 sent Time 2462.6999999988557
received Time: 3895.999999997552	 sent Time 2462.6999999988557
received Time: 2470.6999999988484	 sent Time 2462.6999999988557
received Time: 2925.8999999984344	 sent Time 2462.6999999988557
received Time: 2463.199999998855	 sent Time 2462.6999999988557
received Time: 3659.2999999977674	 sent Time 2462.6999999988557
received Time: 2974.69999999839	 sent Time 2462.6999999988557
received Time: 2725.999999998616	 sent Time 2462.6999999988557
received Time: 2462.9999999988554	 sent Time 2462.6999999988557
received Time: 2725.8999999986163	 sent Time 2462.6999999988557
received Time: 3759.0999999976766	 sent Time 2943.4999999984184
received Time: 3522.8999999978914	 sent Time 2943.4999999984184
received Time: 3006.599999998361	 sent Time 2943.4999999984184
received Time: 4225.3999999978405	 sent Time 2943.4999999984184
received Time: 4225.499999997841	 sent Time 2943.4999999984184
received Time: 2964.599999998399	 sent Time 2943.4999999984184
received Time: 3733.5999999977	 sent Time 2943.4999999984184
received Time: 2943.899999998418	 sent Time 2943.4999999984184
received Time: 3896.299999997552	 sent Time 2943.4999999984184
received Time: 3733.4999999977	 sent Time 2943.4999999984184
received Time: 2954.5999999984083	 sent Time 2943.4999999984184
received Time: 3363.4999999980364	 sent Time 2943.4999999984184
received Time: 2944.2999999984177	 sent Time 2943.4999999984184
received Time: 4289.699999998074	 sent Time 2943.4999999984184
received Time: 3006.9999999983606	 sent Time 2943.4999999984184
received Time: 2947.9999999984143	 sent Time 2943.4999999984184
received Time: 2973.799999998391	 sent Time 2943.4999999984184
received Time: 2964.699999998399	 sent Time 2943.4999999984184
received Time: 3659.799999997767	 sent Time 2943.4999999984184
received Time: 3659.899999997767	 sent Time 2943.4999999984184
received Time: 2973.399999998391	 sent Time 2943.4999999984184
received Time: 2944.099999998418	 sent Time 2943.4999999984184
received Time: 2973.2999999983913	 sent Time 2943.4999999984184
received Time: 3006.799999998361	 sent Time 2943.4999999984184
received Time: 3007.0999999983605	 sent Time 2943.4999999984184
received Time: 4363.299999998342	 sent Time 3183.8999999981997
received Time: 3659.9999999977667	 sent Time 3183.8999999981997
received Time: 3206.0999999981796	 sent Time 3183.8999999981997
received Time: 3523.0999999978912	 sent Time 3183.8999999981997
received Time: 3201.6999999981836	 sent Time 3183.8999999981997
received Time: 4224.799999997838	 sent Time 3183.8999999981997
received Time: 3212.6999999981736	 sent Time 3183.8999999981997
received Time: 3194.9999999981897	 sent Time 3183.8999999981997
received Time: 3895.5999999975525	 sent Time 3183.8999999981997
received Time: 3733.7999999976996	 sent Time 3183.8999999981997
received Time: 3206.1999999981795	 sent Time 3183.8999999981997
received Time: 3909.39999999754	 sent Time 3183.8999999981997
received Time: 3896.5999999975515	 sent Time 3183.8999999981997
received Time: 3364.6999999980353	 sent Time 3183.8999999981997
received Time: 3895.6999999975524	 sent Time 3183.8999999981997
received Time: 4875.500000000206	 sent Time 3183.8999999981997
received Time: 3307.1999999980876	 sent Time 3183.8999999981997
received Time: 3184.2999999981994	 sent Time 3183.8999999981997
received Time: 3202.5999999981827	 sent Time 3183.8999999981997
received Time: 4224.899999997839	 sent Time 3183.8999999981997
received Time: 5034.900000000785	 sent Time 3183.8999999981997
received Time: 4992.3000000006305	 sent Time 3183.8999999981997
received Time: 3660.0999999977666	 sent Time 3183.8999999981997
received Time: 4992.600000000632	 sent Time 3183.8999999981997
received Time: 3363.5999999980363	 sent Time 3183.8999999981997
received Time: 3184.1999999981995	 sent Time 3183.8999999981997
received Time: 3201.099999998184	 sent Time 3183.8999999981997
received Time: 3307.5999999980872	 sent Time 3183.8999999981997
received Time: 3201.8999999981834	 sent Time 3183.8999999981997
avgAoI: 481.2479999997203 | overhead: 1.2363636363636363 | validDeliveries: 275
3804.9 14400: 4.91 1/s
Simulation done in 3804.84s
---
All done in 3805.13s
