Run 1/1
Running simulation 'FL_A_Epidemic_100_RWP'
60.0 512: 8.52 1/s
120.0 690: 2.98 1/s
180.1 805: 1.90 1/s
240.1 919: 1.90 1/s
300.2 1007: 1.46 1/s
360.2 1107: 1.67 1/s
420.2 1183: 1.26 1/s
480.3 1247: 1.07 1/s
540.4 1308: 1.02 1/s
600.4 1352: 0.72 1/s
660.4 1399: 0.79 1/s
720.5 1446: 0.77 1/s
780.6 1491: 0.76 1/s
840.7 1534: 0.70 1/s
900.8 1569: 0.59 1/s
960.9 1603: 0.57 1/s
1020.9 1640: 0.61 1/s
1080.9 1683: 0.73 1/s
1141.0 1711: 0.46 1/s
1201.1 1741: 0.51 1/s
1261.1 1780: 0.65 1/s
1321.4 1811: 0.52 1/s
1381.5 1838: 0.44 1/s
1441.6 1863: 0.42 1/s
1501.7 1898: 0.58 1/s
1562.1 1922: 0.39 1/s
1622.3 1945: 0.39 1/s
1682.3 1969: 0.39 1/s
1742.4 1995: 0.43 1/s
1802.5 2030: 0.59 1/s
1862.6 2056: 0.44 1/s
1922.6 2079: 0.37 1/s
1982.7 2102: 0.38 1/s
2042.8 2122: 0.34 1/s
2103.1 2136: 0.24 1/s
2163.3 2154: 0.29 1/s
2223.3 2171: 0.29 1/s
2283.4 2191: 0.32 1/s
2343.4 2211: 0.33 1/s
2403.7 2232: 0.35 1/s
2463.9 2251: 0.32 1/s
2524.2 2272: 0.34 1/s
2584.3 2297: 0.42 1/s
2644.4 2321: 0.41 1/s
2704.6 2339: 0.28 1/s
2764.7 2353: 0.24 1/s
2825.1 2366: 0.22 1/s
2885.2 2378: 0.19 1/s
2945.2 2390: 0.20 1/s
3005.3 2404: 0.23 1/s
3065.3 2421: 0.28 1/s
3125.6 2436: 0.26 1/s
3185.7 2454: 0.30 1/s
3245.9 2471: 0.28 1/s
3306.2 2487: 0.27 1/s
3366.3 2503: 0.26 1/s
3426.3 2518: 0.26 1/s
3486.5 2534: 0.25 1/s
3546.5 2548: 0.25 1/s
3606.9 2563: 0.24 1/s
3666.9 2576: 0.22 1/s
3727.0 2589: 0.22 1/s
3787.4 2602: 0.22 1/s
3847.6 2615: 0.22 1/s
3907.7 2628: 0.22 1/s
3967.8 2642: 0.23 1/s
4028.1 2656: 0.23 1/s
4088.2 2670: 0.23 1/s
4148.4 2683: 0.23 1/s
4208.4 2697: 0.22 1/s
4268.5 2712: 0.24 1/s
4328.5 2727: 0.26 1/s
4388.7 2742: 0.25 1/s
4448.7 2757: 0.25 1/s
4508.8 2772: 0.24 1/s
4568.8 2786: 0.23 1/s
4628.9 2800: 0.23 1/s
4689.1 2813: 0.23 1/s
4749.4 2827: 0.22 1/s
4809.5 2841: 0.23 1/s
4869.7 2854: 0.23 1/s
4930.0 2868: 0.22 1/s
4990.0 2882: 0.23 1/s
5050.4 2896: 0.24 1/s
5110.6 2911: 0.24 1/s
5170.8 2926: 0.26 1/s
5230.9 2943: 0.28 1/s
5291.2 2959: 0.26 1/s
5351.5 2975: 0.26 1/s
5411.9 2990: 0.25 1/s
5471.9 3005: 0.25 1/s
5532.2 3020: 0.26 1/s
5592.6 3035: 0.25 1/s
5652.7 3050: 0.25 1/s
5712.8 3064: 0.23 1/s
5772.9 3078: 0.23 1/s
5833.4 3092: 0.24 1/s
5893.6 3108: 0.26 1/s
5953.9 3123: 0.26 1/s
6014.0 3139: 0.26 1/s
6074.2 3154: 0.25 1/s
6134.3 3168: 0.24 1/s
6194.4 3182: 0.23 1/s
6254.8 3196: 0.23 1/s
6314.9 3209: 0.23 1/s
6375.2 3223: 0.23 1/s
6435.5 3237: 0.24 1/s
6495.8 3251: 0.24 1/s
6556.1 3266: 0.24 1/s
6616.1 3280: 0.24 1/s
6676.4 3296: 0.27 1/s
6736.7 3314: 0.29 1/s
6796.8 3331: 0.29 1/s
6856.9 3348: 0.28 1/s
6917.0 3365: 0.28 1/s
6977.3 3382: 0.28 1/s
7037.4 3398: 0.27 1/s
7097.7 3414: 0.27 1/s
7157.8 3430: 0.26 1/s
7218.0 3447: 0.27 1/s
7278.3 3462: 0.26 1/s
7338.5 3479: 0.27 1/s
7398.6 3496: 0.29 1/s
7458.7 3515: 0.30 1/s
7518.7 3532: 0.29 1/s
7578.8 3550: 0.29 1/s
7638.8 3567: 0.30 1/s
7699.0 3584: 0.28 1/s
7759.3 3600: 0.26 1/s
7819.4 3615: 0.25 1/s
7879.7 3630: 0.25 1/s
7939.7 3645: 0.25 1/s
7999.9 3660: 0.25 1/s
8060.2 3675: 0.25 1/s
8120.4 3689: 0.24 1/s
8180.4 3704: 0.24 1/s
8240.8 3718: 0.23 1/s
8300.8 3733: 0.24 1/s
8360.9 3748: 0.25 1/s
8421.2 3762: 0.24 1/s
8481.2 3776: 0.24 1/s
8541.5 3792: 0.26 1/s
8601.7 3810: 0.30 1/s
8661.8 3828: 0.30 1/s
8722.1 3847: 0.30 1/s
8782.1 3865: 0.30 1/s
8842.2 3882: 0.29 1/s
8902.5 3899: 0.29 1/s
8962.8 3916: 0.29 1/s
9023.0 3934: 0.30 1/s
9083.2 3952: 0.30 1/s
9143.5 3970: 0.30 1/s
9203.8 3989: 0.30 1/s
9264.1 4007: 0.30 1/s
9324.3 4025: 0.30 1/s
9384.6 4044: 0.32 1/s
9444.9 4063: 0.31 1/s
9505.0 4081: 0.30 1/s
9565.2 4099: 0.30 1/s
9625.3 4115: 0.27 1/s
9685.6 4131: 0.27 1/s
9745.9 4147: 0.27 1/s
9806.2 4163: 0.25 1/s
9866.3 4176: 0.23 1/s
9926.4 4191: 0.25 1/s
9986.6 4211: 0.32 1/s
10046.7 4230: 0.32 1/s
10106.8 4251: 0.35 1/s
10167.0 4271: 0.34 1/s
10227.0 4292: 0.35 1/s
10287.2 4314: 0.36 1/s
10347.2 4337: 0.37 1/s
10407.4 4359: 0.37 1/s
10467.5 4382: 0.38 1/s
10527.8 4403: 0.36 1/s
10587.9 4424: 0.34 1/s
10648.1 4444: 0.34 1/s
10708.2 4464: 0.33 1/s
10768.4 4485: 0.34 1/s
10828.6 4507: 0.37 1/s
10888.8 4531: 0.40 1/s
10949.0 4554: 0.40 1/s
11009.0 4577: 0.37 1/s
11069.2 4601: 0.41 1/s
11129.4 4626: 0.41 1/s
11189.4 4647: 0.35 1/s
11249.5 4666: 0.31 1/s
11309.5 4685: 0.31 1/s
11369.6 4708: 0.39 1/s
11429.7 4733: 0.41 1/s
11489.8 4757: 0.41 1/s
11550.1 4781: 0.40 1/s
11610.2 4804: 0.38 1/s
11670.4 4826: 0.36 1/s
11730.4 4847: 0.35 1/s
11790.6 4868: 0.35 1/s
11850.6 4889: 0.34 1/s
11910.9 4910: 0.35 1/s
11971.0 4931: 0.35 1/s
12031.1 4952: 0.34 1/s
12091.4 4973: 0.34 1/s
12151.5 4993: 0.34 1/s
12211.7 5011: 0.31 1/s
12271.8 5031: 0.32 1/s
12332.0 5050: 0.33 1/s
12392.3 5067: 0.28 1/s
12452.6 5084: 0.29 1/s
12512.7 5103: 0.32 1/s
12572.8 5123: 0.32 1/s
12633.0 5142: 0.32 1/s
12693.1 5161: 0.32 1/s
12753.1 5181: 0.32 1/s
12813.2 5202: 0.35 1/s
12873.4 5223: 0.35 1/s
12933.6 5246: 0.39 1/s
12993.8 5269: 0.38 1/s
13054.0 5288: 0.32 1/s
13114.2 5310: 0.37 1/s
13174.3 5331: 0.34 1/s
13234.3 5352: 0.36 1/s
13294.6 5373: 0.35 1/s
13354.9 5393: 0.33 1/s
13414.9 5413: 0.33 1/s
13475.0 5431: 0.31 1/s
13535.3 5451: 0.33 1/s
13595.5 5470: 0.32 1/s
13655.6 5488: 0.30 1/s
13715.7 5506: 0.29 1/s
13775.9 5523: 0.28 1/s
13836.3 5540: 0.28 1/s
13896.6 5557: 0.29 1/s
13956.7 5574: 0.29 1/s
14016.9 5594: 0.33 1/s
14077.0 5617: 0.38 1/s
14137.1 5640: 0.38 1/s
14197.1 5661: 0.36 1/s
14257.1 5683: 0.36 1/s
14317.4 5707: 0.39 1/s
14377.6 5729: 0.37 1/s
14437.7 5752: 0.38 1/s
14497.8 5774: 0.37 1/s
14557.9 5796: 0.37 1/s
14618.0 5818: 0.36 1/s
14678.2 5840: 0.36 1/s
14738.4 5862: 0.37 1/s
14798.5 5884: 0.37 1/s
14858.7 5908: 0.39 1/s
14918.8 5945: 0.61 1/s
14978.8 5981: 0.61 1/s
15038.9 6019: 0.63 1/s
15099.0 6060: 0.69 1/s
15159.1 6096: 0.59 1/s
15219.1 6128: 0.54 1/s
15279.2 6162: 0.55 1/s
15339.2 6204: 0.70 1/s
15399.4 6244: 0.66 1/s
15459.4 6283: 0.66 1/s
15519.5 6324: 0.67 1/s
15579.6 6362: 0.63 1/s
15639.6 6400: 0.65 1/s
15699.6 6438: 0.63 1/s
15759.6 6478: 0.67 1/s
15819.7 6520: 0.68 1/s
15879.7 6558: 0.65 1/s
15939.8 6598: 0.66 1/s
15999.9 6637: 0.66 1/s
16060.0 6674: 0.61 1/s
16120.2 6708: 0.56 1/s
16180.3 6741: 0.56 1/s
16240.4 6784: 0.71 1/s
16300.4 6828: 0.74 1/s
16360.4 6876: 0.80 1/s
16420.4 6921: 0.75 1/s
16480.5 6965: 0.72 1/s
16540.6 7008: 0.73 1/s
16600.7 7053: 0.74 1/s
16660.8 7101: 0.80 1/s
16720.9 7143: 0.71 1/s
16781.0 7181: 0.62 1/s
16841.0 7217: 0.61 1/s
16901.2 7256: 0.65 1/s
16961.3 7291: 0.58 1/s
17021.5 7325: 0.56 1/s
17081.6 7360: 0.58 1/s
17141.6 7405: 0.74 1/s
17201.7 7449: 0.73 1/s
17261.8 7494: 0.76 1/s
17321.9 7542: 0.80 1/s
17382.0 7585: 0.71 1/s
17442.1 7626: 0.69 1/s
17502.2 7671: 0.74 1/s
17562.3 7714: 0.73 1/s
17622.4 7758: 0.72 1/s
17682.5 7800: 0.70 1/s
17742.5 7841: 0.69 1/s
17802.6 7882: 0.67 1/s
17862.7 7920: 0.63 1/s
17922.7 7950: 0.50 1/s
17982.9 7980: 0.50 1/s
18043.1 8009: 0.49 1/s
18103.1 8035: 0.44 1/s
18163.4 8064: 0.47 1/s
18223.6 8091: 0.45 1/s
18283.8 8117: 0.44 1/s
18343.9 8145: 0.47 1/s
18404.0 8174: 0.47 1/s
18464.1 8201: 0.45 1/s
18524.1 8226: 0.42 1/s
18584.2 8251: 0.41 1/s
18644.2 8276: 0.42 1/s
18704.4 8301: 0.43 1/s
18764.5 8328: 0.44 1/s
18824.8 8354: 0.44 1/s
18884.9 8379: 0.41 1/s
18945.0 8402: 0.38 1/s
19005.1 8424: 0.37 1/s
19065.1 8446: 0.37 1/s
19125.2 8468: 0.37 1/s
19185.3 8490: 0.35 1/s
19245.4 8512: 0.37 1/s
19305.4 8535: 0.38 1/s
19365.7 8557: 0.37 1/s
19425.8 8579: 0.37 1/s
19485.9 8603: 0.39 1/s
19546.1 8626: 0.39 1/s
19606.2 8650: 0.39 1/s
19666.2 8674: 0.39 1/s
19726.3 8697: 0.39 1/s
19786.4 8721: 0.40 1/s
19846.5 8745: 0.41 1/s
19906.6 8771: 0.42 1/s
19966.9 8796: 0.43 1/s
20027.0 8823: 0.45 1/s
20087.1 8851: 0.45 1/s
20147.3 8878: 0.45 1/s
20207.3 8906: 0.48 1/s
20267.4 8935: 0.48 1/s
20327.6 8963: 0.47 1/s
20387.7 8991: 0.46 1/s
20447.8 9020: 0.47 1/s
20507.8 9048: 0.46 1/s
20568.0 9076: 0.47 1/s
20628.2 9104: 0.46 1/s
20688.2 9136: 0.54 1/s
20748.2 9170: 0.57 1/s
20808.4 9201: 0.51 1/s
20868.5 9225: 0.41 1/s
20928.6 9251: 0.43 1/s
20988.7 9286: 0.58 1/s
21048.8 9318: 0.53 1/s
21108.9 9349: 0.52 1/s
21169.0 9378: 0.48 1/s
21229.0 9407: 0.49 1/s
21289.2 9436: 0.48 1/s
21349.3 9465: 0.49 1/s
21409.3 9495: 0.50 1/s
21469.4 9524: 0.48 1/s
21529.5 9551: 0.46 1/s
21589.6 9577: 0.44 1/s
21649.6 9604: 0.44 1/s
21709.7 9629: 0.42 1/s
21769.8 9659: 0.49 1/s
21829.8 9689: 0.50 1/s
21890.0 9718: 0.49 1/s
21950.2 9739: 0.35 1/s
22010.4 9761: 0.37 1/s
22070.5 9789: 0.47 1/s
22130.5 9822: 0.54 1/s
22190.5 9855: 0.55 1/s
22250.6 9885: 0.50 1/s
22310.6 9913: 0.48 1/s
22370.7 9942: 0.48 1/s
22430.8 9970: 0.46 1/s
22490.9 9997: 0.45 1/s
22550.9 10023: 0.44 1/s
22611.1 10049: 0.43 1/s
22671.1 10075: 0.43 1/s
22731.1 10101: 0.42 1/s
22791.1 10126: 0.42 1/s
22851.2 10152: 0.43 1/s
22911.3 10180: 0.48 1/s
22971.5 10207: 0.44 1/s
23031.7 10235: 0.47 1/s
23091.9 10265: 0.51 1/s
23152.0 10297: 0.52 1/s
23212.1 10327: 0.51 1/s
23272.1 10357: 0.49 1/s
23332.3 10386: 0.49 1/s
23392.4 10416: 0.49 1/s
23452.5 10446: 0.51 1/s
23512.5 10478: 0.54 1/s
23572.6 10513: 0.58 1/s
23632.7 10547: 0.57 1/s
23692.9 10581: 0.56 1/s
23753.0 10615: 0.56 1/s
23813.1 10650: 0.59 1/s
23873.2 10684: 0.57 1/s
23933.4 10718: 0.56 1/s
23993.5 10754: 0.59 1/s
24053.5 10791: 0.61 1/s
24113.7 10820: 0.49 1/s
24173.8 10847: 0.45 1/s
24233.9 10877: 0.50 1/s
24294.0 10913: 0.61 1/s
24354.0 10951: 0.62 1/s
24414.2 10988: 0.63 1/s
24474.3 11026: 0.62 1/s
24534.3 11062: 0.61 1/s
24594.4 11098: 0.60 1/s
24654.5 11134: 0.59 1/s
24714.5 11169: 0.60 1/s
24774.5 11205: 0.59 1/s
24834.7 11241: 0.60 1/s
24894.7 11276: 0.58 1/s
24954.8 11308: 0.54 1/s
25015.0 11339: 0.51 1/s
25075.0 11370: 0.53 1/s
25135.2 11403: 0.54 1/s
25195.2 11437: 0.56 1/s
25255.4 11470: 0.56 1/s
25315.4 11500: 0.49 1/s
25375.6 11533: 0.56 1/s
25435.7 11569: 0.58 1/s
25495.8 11605: 0.61 1/s
25555.9 11645: 0.65 1/s
25615.9 11683: 0.64 1/s
25675.9 11715: 0.54 1/s
25736.0 11744: 0.48 1/s
25796.2 11776: 0.52 1/s
25856.2 11807: 0.53 1/s
25916.2 11841: 0.57 1/s
25976.3 11877: 0.60 1/s
26036.3 11916: 0.64 1/s
26096.5 11954: 0.63 1/s
26156.5 11988: 0.57 1/s
26216.6 12022: 0.58 1/s
26276.6 12055: 0.54 1/s
26336.7 12086: 0.52 1/s
26396.7 12118: 0.54 1/s
26456.8 12151: 0.55 1/s
26517.0 12186: 0.58 1/s
26577.0 12219: 0.55 1/s
26637.0 12253: 0.57 1/s
26697.1 12291: 0.62 1/s
26757.3 12329: 0.64 1/s
26817.3 12368: 0.64 1/s
26877.4 12406: 0.64 1/s
26937.5 12445: 0.65 1/s
26997.6 12484: 0.64 1/s
27057.7 12521: 0.62 1/s
27117.8 12558: 0.62 1/s
27177.8 12597: 0.64 1/s
27237.9 12631: 0.58 1/s
27298.1 12664: 0.54 1/s
27358.2 12696: 0.52 1/s
27418.3 12728: 0.53 1/s
27478.3 12761: 0.56 1/s
27538.5 12794: 0.54 1/s
27598.6 12824: 0.50 1/s
27658.7 12856: 0.53 1/s
27718.8 12891: 0.59 1/s
27778.8 12928: 0.62 1/s
27839.0 12965: 0.61 1/s
27899.0 12999: 0.57 1/s
27959.2 13023: 0.40 1/s
28019.5 13033: 0.15 1/s
28079.7 13041: 0.14 1/s
28140.4 13050: 0.15 1/s
28200.6 13058: 0.13 1/s
28261.2 13066: 0.13 1/s
28321.3 13075: 0.15 1/s
28381.4 13088: 0.22 1/s
28441.5 13101: 0.22 1/s
28501.8 13114: 0.21 1/s
28561.9 13128: 0.23 1/s
28622.2 13142: 0.23 1/s
28682.3 13155: 0.23 1/s
28742.6 13168: 0.21 1/s
28802.8 13181: 0.21 1/s
28863.1 13194: 0.21 1/s
28923.5 13207: 0.21 1/s
28983.6 13220: 0.21 1/s
29043.8 13233: 0.22 1/s
29104.2 13246: 0.23 1/s
29164.3 13261: 0.24 1/s
29224.4 13275: 0.24 1/s
29284.6 13290: 0.25 1/s
29344.8 13305: 0.25 1/s
29404.8 13321: 0.26 1/s
29465.0 13336: 0.26 1/s
29525.2 13352: 0.26 1/s
29585.5 13368: 0.26 1/s
29645.6 13384: 0.26 1/s
29705.9 13399: 0.26 1/s
29766.3 13414: 0.25 1/s
29826.5 13429: 0.24 1/s
29886.7 13443: 0.24 1/s
29946.7 13457: 0.23 1/s
30007.0 13471: 0.24 1/s
30067.0 13485: 0.23 1/s
30127.2 13500: 0.24 1/s
30187.4 13514: 0.24 1/s
30247.7 13529: 0.24 1/s
30307.9 13543: 0.25 1/s
30367.9 13558: 0.24 1/s
30428.2 13573: 0.25 1/s
30488.4 13588: 0.25 1/s
30548.6 13603: 0.25 1/s
30608.8 13618: 0.25 1/s
30668.9 13632: 0.24 1/s
30729.1 13647: 0.25 1/s
30789.3 13662: 0.25 1/s
30849.3 13677: 0.24 1/s
30909.7 13691: 0.23 1/s
30969.7 13704: 0.22 1/s
31029.9 13717: 0.22 1/s
31090.1 13731: 0.22 1/s
31150.2 13744: 0.22 1/s
31210.3 13757: 0.22 1/s
31270.5 13770: 0.22 1/s
31330.6 13784: 0.22 1/s
31390.9 13797: 0.22 1/s
31451.1 13810: 0.22 1/s
31511.4 13824: 0.23 1/s
31571.5 13838: 0.24 1/s
31631.8 13853: 0.24 1/s
31692.1 13867: 0.24 1/s
31752.4 13881: 0.23 1/s
31812.5 13895: 0.23 1/s
31872.5 13909: 0.23 1/s
31932.7 13923: 0.23 1/s
31992.8 13937: 0.23 1/s
32053.2 13950: 0.22 1/s
32113.4 13963: 0.22 1/s
32173.5 13976: 0.21 1/s
32233.5 13989: 0.22 1/s
32293.7 14002: 0.22 1/s
32353.8 14015: 0.22 1/s
32414.1 14028: 0.21 1/s
32474.4 14040: 0.20 1/s
32534.5 14052: 0.20 1/s
32594.6 14064: 0.20 1/s
32654.6 14076: 0.20 1/s
32714.8 14088: 0.19 1/s
32774.8 14099: 0.19 1/s
32835.1 14110: 0.19 1/s
32895.4 14122: 0.19 1/s
32955.8 14134: 0.20 1/s
33015.9 14147: 0.21 1/s
33076.0 14159: 0.20 1/s
33136.2 14171: 0.21 1/s
33196.7 14184: 0.20 1/s
33256.8 14196: 0.21 1/s
33317.3 14209: 0.21 1/s
33377.5 14221: 0.20 1/s
33437.9 14234: 0.21 1/s
33498.2 14246: 0.20 1/s
33558.3 14258: 0.21 1/s
33618.7 14271: 0.21 1/s
33678.8 14283: 0.21 1/s
33739.1 14296: 0.21 1/s
33799.1 14309: 0.21 1/s
33859.5 14322: 0.22 1/s
33919.6 14335: 0.21 1/s
33979.8 14347: 0.20 1/s
34040.2 14360: 0.21 1/s
34100.7 14372: 0.21 1/s
34160.9 14384: 0.20 1/s
34221.1 14397: 0.20 1/s
Unique content gateway: 586 :: total unique content cache: 1
received Time: 427.4000000000287	 sent Time 60.00000000000058
received Time: 275.89999999999424	 sent Time 60.00000000000058
received Time: 831.7000000001206	 sent Time 60.00000000000058
received Time: 88.49999999999925	 sent Time 60.00000000000058
received Time: 87.39999999999931	 sent Time 60.00000000000058
received Time: 626.2000000000738	 sent Time 60.00000000000058
received Time: 427.30000000002866	 sent Time 60.00000000000058
received Time: 628.7000000000744	 sent Time 60.00000000000058
received Time: 427.5000000000287	 sent Time 60.00000000000058
received Time: 629.4000000000746	 sent Time 60.00000000000058
received Time: 427.8000000000288	 sent Time 60.00000000000058
received Time: 427.20000000002864	 sent Time 60.00000000000058
received Time: 545.0000000000554	 sent Time 60.00000000000058
received Time: 103.4999999999984	 sent Time 60.00000000000058
received Time: 103.19999999999841	 sent Time 60.00000000000058
received Time: 542.6000000000548	 sent Time 60.00000000000058
received Time: 914.9000000001395	 sent Time 60.00000000000058
received Time: 627.200000000074	 sent Time 60.00000000000058
received Time: 544.2000000000552	 sent Time 60.00000000000058
received Time: 543.200000000055	 sent Time 60.00000000000058
received Time: 267.7999999999924	 sent Time 60.00000000000058
received Time: 109.09999999999808	 sent Time 60.00000000000058
received Time: 627.4000000000741	 sent Time 60.00000000000058
received Time: 106.9999999999982	 sent Time 60.00000000000058
received Time: 60.200000000000585	 sent Time 60.00000000000058
received Time: 544.3000000000552	 sent Time 60.00000000000058
received Time: 830.7000000001203	 sent Time 60.00000000000058
received Time: 427.70000000002875	 sent Time 60.00000000000058
received Time: 629.6000000000746	 sent Time 60.00000000000058
received Time: 548.5000000000562	 sent Time 60.00000000000058
received Time: 87.29999999999932	 sent Time 60.00000000000058
received Time: 543.8000000000551	 sent Time 60.00000000000058
received Time: 103.09999999999842	 sent Time 60.00000000000058
received Time: 103.2999999999984	 sent Time 60.00000000000058
received Time: 626.900000000074	 sent Time 60.00000000000058
received Time: 427.60000000002873	 sent Time 60.00000000000058
received Time: 547.4000000000559	 sent Time 60.00000000000058
received Time: 101.6999999999985	 sent Time 60.00000000000058
received Time: 629.1000000000745	 sent Time 60.00000000000058
received Time: 1027.9000000001606	 sent Time 60.00000000000058
received Time: 542.0000000000547	 sent Time 60.00000000000058
received Time: 1306.0999999999076	 sent Time 60.00000000000058
received Time: 831.2000000001204	 sent Time 60.00000000000058
received Time: 1303.5999999999099	 sent Time 60.00000000000058
received Time: 1028.0000000001605	 sent Time 60.00000000000058
received Time: 542.4000000000548	 sent Time 60.00000000000058
received Time: 87.4999999999993	 sent Time 60.00000000000058
received Time: 549.0000000000563	 sent Time 60.00000000000058
received Time: 630.5000000000748	 sent Time 60.00000000000058
received Time: 87.5999999999993	 sent Time 60.00000000000058
received Time: 545.3000000000554	 sent Time 60.00000000000058
received Time: 629.7000000000746	 sent Time 60.00000000000058
received Time: 544.1000000000552	 sent Time 60.00000000000058
received Time: 630.8000000000749	 sent Time 60.00000000000058
received Time: 1038.7000000001508	 sent Time 60.00000000000058
received Time: 627.000000000074	 sent Time 60.00000000000058
received Time: 277.8999999999947	 sent Time 60.00000000000058
received Time: 545.7000000000555	 sent Time 60.00000000000058
received Time: 265.5999999999919	 sent Time 60.00000000000058
received Time: 95.69999999999884	 sent Time 60.00000000000058
received Time: 542.9000000000549	 sent Time 60.00000000000058
received Time: 628.5000000000744	 sent Time 60.00000000000058
received Time: 542.2000000000547	 sent Time 60.00000000000058
received Time: 630.7000000000749	 sent Time 60.00000000000058
received Time: 544.6000000000553	 sent Time 60.00000000000058
received Time: 87.19999999999932	 sent Time 60.00000000000058
received Time: 1306.5999999999071	 sent Time 60.00000000000058
received Time: 107.89999999999814	 sent Time 60.00000000000058
received Time: 103.3999999999984	 sent Time 60.00000000000058
received Time: 702.9000000000913	 sent Time 600.3000000000679
received Time: 1305.4999999999081	 sent Time 600.3000000000679
received Time: 830.5000000001203	 sent Time 600.3000000000679
received Time: 711.3000000000932	 sent Time 600.3000000000679
received Time: 1038.500000000151	 sent Time 600.3000000000679
received Time: 667.3000000000832	 sent Time 600.3000000000679
received Time: 737.9000000000992	 sent Time 600.3000000000679
received Time: 644.8000000000781	 sent Time 600.3000000000679
received Time: 1868.3999999993962	 sent Time 600.3000000000679
received Time: 671.100000000084	 sent Time 600.3000000000679
received Time: 630.6000000000748	 sent Time 600.3000000000679
received Time: 673.3000000000845	 sent Time 600.3000000000679
received Time: 662.300000000082	 sent Time 600.3000000000679
received Time: 715.100000000094	 sent Time 600.3000000000679
received Time: 837.6000000001219	 sent Time 600.3000000000679
received Time: 660.3000000000816	 sent Time 600.3000000000679
received Time: 660.2000000000816	 sent Time 600.3000000000679
received Time: 670.3000000000839	 sent Time 600.3000000000679
received Time: 703.3000000000914	 sent Time 600.3000000000679
received Time: 654.9000000000804	 sent Time 600.3000000000679
received Time: 1307.1999999999066	 sent Time 600.3000000000679
received Time: 654.8000000000803	 sent Time 600.3000000000679
received Time: 767.0000000001058	 sent Time 600.3000000000679
received Time: 1027.500000000161	 sent Time 600.3000000000679
received Time: 1304.599999999909	 sent Time 600.3000000000679
received Time: 1306.8999999999069	 sent Time 600.3000000000679
received Time: 1158.5000000000418	 sent Time 600.3000000000679
received Time: 674.2000000000847	 sent Time 600.3000000000679
received Time: 670.2000000000838	 sent Time 600.3000000000679
received Time: 667.5000000000832	 sent Time 600.3000000000679
received Time: 1039.3000000001502	 sent Time 600.3000000000679
received Time: 738.7000000000994	 sent Time 600.3000000000679
received Time: 715.000000000094	 sent Time 600.3000000000679
received Time: 1422.6999999998015	 sent Time 600.3000000000679
received Time: 673.2000000000845	 sent Time 600.3000000000679
received Time: 1039.8000000001498	 sent Time 600.3000000000679
received Time: 673.4000000000846	 sent Time 600.3000000000679
received Time: 1304.1999999999093	 sent Time 600.3000000000679
received Time: 831.1000000001204	 sent Time 600.3000000000679
received Time: 1307.2999999999065	 sent Time 600.3000000000679
received Time: 1303.39999999991	 sent Time 600.3000000000679
received Time: 660.4000000000816	 sent Time 600.3000000000679
received Time: 1039.1000000001504	 sent Time 600.3000000000679
received Time: 686.8000000000876	 sent Time 600.3000000000679
received Time: 1420.2999999998037	 sent Time 600.3000000000679
received Time: 914.8000000001394	 sent Time 600.3000000000679
received Time: 1038.9000000001506	 sent Time 600.3000000000679
received Time: 646.3000000000784	 sent Time 600.3000000000679
received Time: 1303.2999999999101	 sent Time 600.3000000000679
received Time: 1039.4000000001502	 sent Time 600.3000000000679
received Time: 1038.400000000151	 sent Time 600.3000000000679
received Time: 731.0000000000977	 sent Time 600.3000000000679
received Time: 661.6000000000819	 sent Time 600.3000000000679
received Time: 711.4000000000932	 sent Time 600.3000000000679
received Time: 631.0000000000749	 sent Time 600.3000000000679
received Time: 673.0000000000845	 sent Time 600.3000000000679
received Time: 653.7000000000801	 sent Time 600.3000000000679
received Time: 915.3000000001396	 sent Time 600.3000000000679
received Time: 1039.2000000001503	 sent Time 600.3000000000679
received Time: 1580.9999999996576	 sent Time 600.3000000000679
received Time: 1971.0999999993028	 sent Time 600.3000000000679
received Time: 1305.9999999999077	 sent Time 600.3000000000679
received Time: 646.2000000000784	 sent Time 600.3000000000679
received Time: 1420.1999999998038	 sent Time 600.3000000000679
received Time: 1158.300000000042	 sent Time 840.3000000001225
received Time: 1374.1999999998457	 sent Time 840.3000000001225
received Time: 944.5000000001462	 sent Time 840.3000000001225
received Time: 1868.7999999993958	 sent Time 840.3000000001225
received Time: 1038.8000000001507	 sent Time 840.3000000001225
received Time: 841.3000000001227	 sent Time 840.3000000001225
received Time: 841.2000000001227	 sent Time 840.3000000001225
received Time: 909.6000000001383	 sent Time 840.3000000001225
received Time: 1868.9999999993956	 sent Time 840.3000000001225
received Time: 908.600000000138	 sent Time 840.3000000001225
received Time: 1071.1000000001213	 sent Time 840.3000000001225
received Time: 1303.49999999991	 sent Time 840.3000000001225
received Time: 863.4000000001278	 sent Time 840.3000000001225
received Time: 1027.400000000161	 sent Time 840.3000000001225
received Time: 877.9000000001311	 sent Time 840.3000000001225
received Time: 959.3000000001496	 sent Time 840.3000000001225
received Time: 1132.6000000000654	 sent Time 840.3000000001225
received Time: 902.4000000001366	 sent Time 840.3000000001225
received Time: 908.500000000138	 sent Time 840.3000000001225
received Time: 1908.29999999936	 sent Time 840.3000000001225
received Time: 944.6000000001462	 sent Time 840.3000000001225
received Time: 920.6000000001408	 sent Time 840.3000000001225
received Time: 1303.9999999999095	 sent Time 840.3000000001225
received Time: 1580.7999999996578	 sent Time 840.3000000001225
received Time: 1049.1000000001413	 sent Time 840.3000000001225
received Time: 1040.4000000001492	 sent Time 840.3000000001225
received Time: 1306.699999999907	 sent Time 840.3000000001225
received Time: 1304.3999999999091	 sent Time 840.3000000001225
received Time: 1158.200000000042	 sent Time 840.3000000001225
received Time: 1211.199999999994	 sent Time 840.3000000001225
received Time: 1989.499999999286	 sent Time 840.3000000001225
received Time: 2407.8999999989055	 sent Time 840.3000000001225
received Time: 841.1000000001227	 sent Time 840.3000000001225
received Time: 1071.0000000001214	 sent Time 840.3000000001225
received Time: 841.6000000001228	 sent Time 840.3000000001225
received Time: 978.700000000154	 sent Time 840.3000000001225
received Time: 1422.7999999998015	 sent Time 840.3000000001225
received Time: 1048.0000000001423	 sent Time 840.3000000001225
received Time: 1070.9000000001215	 sent Time 840.3000000001225
received Time: 1047.8000000001425	 sent Time 840.3000000001225
received Time: 1307.0999999999067	 sent Time 840.3000000001225
received Time: 1305.599999999908	 sent Time 840.3000000001225
received Time: 1306.9999999999068	 sent Time 840.3000000001225
received Time: 909.7000000001383	 sent Time 840.3000000001225
received Time: 1090.3000000001039	 sent Time 840.3000000001225
received Time: 944.4000000001462	 sent Time 840.3000000001225
received Time: 2033.7999999992458	 sent Time 840.3000000001225
received Time: 915.4000000001396	 sent Time 840.3000000001225
received Time: 1051.5000000001392	 sent Time 840.3000000001225
received Time: 840.9000000001226	 sent Time 840.3000000001225
received Time: 1868.699999999396	 sent Time 840.3000000001225
received Time: 1636.2999999996073	 sent Time 840.3000000001225
received Time: 1051.4000000001392	 sent Time 840.3000000001225
received Time: 902.5000000001367	 sent Time 840.3000000001225
received Time: 909.8000000001383	 sent Time 840.3000000001225
received Time: 1305.2999999999083	 sent Time 840.3000000001225
received Time: 841.0000000001227	 sent Time 840.3000000001225
received Time: 869.2000000001291	 sent Time 840.3000000001225
received Time: 902.3000000001366	 sent Time 840.3000000001225
received Time: 1062.600000000129	 sent Time 840.3000000001225
received Time: 1090.4000000001038	 sent Time 840.3000000001225
received Time: 1580.6999999996578	 sent Time 840.3000000001225
received Time: 1307.4999999999063	 sent Time 840.3000000001225
received Time: 863.5000000001278	 sent Time 840.3000000001225
received Time: 1419.5999999998044	 sent Time 840.3000000001225
received Time: 1158.400000000042	 sent Time 1080.4000000001129
received Time: 1868.0999999993965	 sent Time 1080.4000000001129
received Time: 1132.8000000000652	 sent Time 1080.4000000001129
received Time: 1080.9000000001124	 sent Time 1080.4000000001129
received Time: 1092.0000000001023	 sent Time 1080.4000000001129
received Time: 1580.599999999658	 sent Time 1080.4000000001129
received Time: 1103.2000000000921	 sent Time 1080.4000000001129
received Time: 1149.60000000005	 sent Time 1080.4000000001129
received Time: 1373.899999999846	 sent Time 1080.4000000001129
received Time: 1081.1000000001122	 sent Time 1080.4000000001129
received Time: 1130.900000000067	 sent Time 1080.4000000001129
received Time: 1101.8000000000934	 sent Time 1080.4000000001129
received Time: 1423.9999999998004	 sent Time 1080.4000000001129
received Time: 1135.0000000000632	 sent Time 1080.4000000001129
received Time: 1115.2000000000812	 sent Time 1080.4000000001129
received Time: 1090.5000000001037	 sent Time 1080.4000000001129
received Time: 2201.2999999990934	 sent Time 1080.4000000001129
received Time: 2849.7999999985036	 sent Time 1080.4000000001129
received Time: 1425.1999999997993	 sent Time 1080.4000000001129
received Time: 1374.4999999998454	 sent Time 1080.4000000001129
received Time: 1210.999999999994	 sent Time 1080.4000000001129
received Time: 1130.7000000000671	 sent Time 1080.4000000001129
received Time: 1304.2999999999092	 sent Time 1080.4000000001129
received Time: 2033.8999999992457	 sent Time 1080.4000000001129
received Time: 1210.8999999999942	 sent Time 1080.4000000001129
received Time: 1988.499999999287	 sent Time 1080.4000000001129
received Time: 1151.0000000000487	 sent Time 1080.4000000001129
received Time: 1150.9000000000487	 sent Time 1080.4000000001129
received Time: 1081.2000000001121	 sent Time 1080.4000000001129
received Time: 1303.7999999999097	 sent Time 1080.4000000001129
received Time: 1136.400000000062	 sent Time 1080.4000000001129
received Time: 1149.8000000000497	 sent Time 1080.4000000001129
received Time: 1131.0000000000668	 sent Time 1080.4000000001129
received Time: 1304.8999999999087	 sent Time 1080.4000000001129
received Time: 1304.9999999999086	 sent Time 1080.4000000001129
received Time: 1307.3999999999064	 sent Time 1080.4000000001129
received Time: 1304.7999999999088	 sent Time 1080.4000000001129
received Time: 1103.0000000000923	 sent Time 1080.4000000001129
received Time: 1149.7000000000498	 sent Time 1080.4000000001129
received Time: 1160.3000000000402	 sent Time 1080.4000000001129
received Time: 2445.999999998871	 sent Time 1080.4000000001129
received Time: 1081.0000000001123	 sent Time 1080.4000000001129
received Time: 1305.1999999999084	 sent Time 1080.4000000001129
received Time: 1304.499999999909	 sent Time 1080.4000000001129
received Time: 1869.2999999993954	 sent Time 1080.4000000001129
received Time: 1304.0999999999094	 sent Time 1080.4000000001129
received Time: 1601.6999999996387	 sent Time 1080.4000000001129
received Time: 1103.1000000000922	 sent Time 1080.4000000001129
received Time: 1303.6999999999098	 sent Time 1080.4000000001129
received Time: 1101.4000000000938	 sent Time 1080.4000000001129
received Time: 1108.0000000000878	 sent Time 1080.4000000001129
received Time: 1118.0000000000787	 sent Time 1080.4000000001129
received Time: 1636.699999999607	 sent Time 1080.4000000001129
received Time: 1145.4000000000538	 sent Time 1080.4000000001129
received Time: 1580.8999999996577	 sent Time 1080.4000000001129
received Time: 1306.799999999907	 sent Time 1080.4000000001129
received Time: 1130.6000000000672	 sent Time 1080.4000000001129
received Time: 1596.2999999996437	 sent Time 1260.699999999949
received Time: 1596.1999999996438	 sent Time 1260.699999999949
received Time: 1280.8999999999305	 sent Time 1260.699999999949
received Time: 1868.2999999993963	 sent Time 1260.699999999949
received Time: 1290.199999999922	 sent Time 1260.699999999949
received Time: 1285.899999999926	 sent Time 1260.699999999949
received Time: 1277.7999999999333	 sent Time 1260.699999999949
received Time: 1269.1999999999412	 sent Time 1260.699999999949
received Time: 1419.4999999998045	 sent Time 1260.699999999949
received Time: 1374.3999999998455	 sent Time 1260.699999999949
received Time: 1260.9999999999486	 sent Time 1260.699999999949
received Time: 1290.4999999999218	 sent Time 1260.699999999949
received Time: 1274.899999999936	 sent Time 1260.699999999949
received Time: 1292.0999999999203	 sent Time 1260.699999999949
received Time: 1277.6999999999334	 sent Time 1260.699999999949
received Time: 1306.4999999999072	 sent Time 1260.699999999949
received Time: 1373.4999999998463	 sent Time 1260.699999999949
received Time: 1764.4999999994907	 sent Time 1260.699999999949
received Time: 1602.1999999996383	 sent Time 1260.699999999949
received Time: 1269.299999999941	 sent Time 1260.699999999949
received Time: 1310.1999999999039	 sent Time 1260.699999999949
received Time: 2033.499999999246	 sent Time 1260.699999999949
received Time: 1881.699999999384	 sent Time 1260.699999999949
received Time: 1268.6999999999416	 sent Time 1260.699999999949
received Time: 1372.2999999998474	 sent Time 1260.699999999949
received Time: 1387.7999999998333	 sent Time 1260.699999999949
received Time: 1281.6999999999298	 sent Time 1260.699999999949
received Time: 1387.8999999998332	 sent Time 1260.699999999949
received Time: 1422.5999999998016	 sent Time 1260.699999999949
received Time: 1372.4999999998472	 sent Time 1260.699999999949
received Time: 1372.5999999998471	 sent Time 1260.699999999949
received Time: 1301.4999999999118	 sent Time 1260.699999999949
received Time: 1374.0999999998457	 sent Time 1260.699999999949
received Time: 1310.3999999999037	 sent Time 1260.699999999949
received Time: 1374.5999999998453	 sent Time 1260.699999999949
received Time: 1316.7999999998979	 sent Time 1260.699999999949
received Time: 1263.3999999999464	 sent Time 1260.699999999949
received Time: 1393.7999999998278	 sent Time 1260.699999999949
received Time: 1276.2999999999347	 sent Time 1260.699999999949
received Time: 1306.2999999999074	 sent Time 1260.699999999949
received Time: 1310.4999999999036	 sent Time 1260.699999999949
received Time: 1310.5999999999035	 sent Time 1260.699999999949
received Time: 1636.0999999996075	 sent Time 1260.699999999949
received Time: 1373.5999999998462	 sent Time 1260.699999999949
received Time: 1272.699999999938	 sent Time 1260.699999999949
received Time: 1373.9999999998458	 sent Time 1260.699999999949
received Time: 1292.49999999992	 sent Time 1260.699999999949
received Time: 1261.2999999999483	 sent Time 1260.699999999949
received Time: 1290.5999999999217	 sent Time 1260.699999999949
received Time: 1388.6999999998325	 sent Time 1260.699999999949
received Time: 1973.3999999993007	 sent Time 1260.699999999949
received Time: 1373.2999999998465	 sent Time 1260.699999999949
received Time: 1289.9999999999222	 sent Time 1260.699999999949
received Time: 1419.899999999804	 sent Time 1260.699999999949
received Time: 1596.3999999996436	 sent Time 1440.999999999785
received Time: 1598.5999999996416	 sent Time 1440.999999999785
received Time: 1454.8999999997723	 sent Time 1440.999999999785
received Time: 1764.7999999994904	 sent Time 1440.999999999785
received Time: 1500.199999999731	 sent Time 1440.999999999785
received Time: 2302.2999999990016	 sent Time 1440.999999999785
received Time: 1602.399999999638	 sent Time 1440.999999999785
received Time: 2201.4999999990932	 sent Time 1440.999999999785
received Time: 1441.6999999997843	 sent Time 1440.999999999785
received Time: 1635.9999999996076	 sent Time 1440.999999999785
received Time: 1451.4999999997754	 sent Time 1440.999999999785
received Time: 1473.1999999997556	 sent Time 1440.999999999785
received Time: 1499.9999999997312	 sent Time 1440.999999999785
received Time: 1602.2999999996382	 sent Time 1440.999999999785
received Time: 1466.9999999997613	 sent Time 1440.999999999785
received Time: 1464.8999999997632	 sent Time 1440.999999999785
received Time: 1500.7999999997305	 sent Time 1440.999999999785
received Time: 1764.8999999994903	 sent Time 1440.999999999785
received Time: 1714.7999999995359	 sent Time 1440.999999999785
received Time: 1637.599999999606	 sent Time 1440.999999999785
received Time: 1637.699999999606	 sent Time 1440.999999999785
received Time: 2879.199999998477	 sent Time 1440.999999999785
received Time: 1988.6999999992868	 sent Time 1440.999999999785
received Time: 1908.3999999993598	 sent Time 1440.999999999785
received Time: 1637.2999999996064	 sent Time 1440.999999999785
received Time: 1988.7999999992867	 sent Time 1440.999999999785
received Time: 2407.7999999989056	 sent Time 1440.999999999785
received Time: 1636.3999999996072	 sent Time 1440.999999999785
received Time: 1635.8999999996076	 sent Time 1440.999999999785
received Time: 1601.8999999996386	 sent Time 1440.999999999785
received Time: 1674.7999999995723	 sent Time 1440.999999999785
received Time: 1636.7999999996068	 sent Time 1440.999999999785
received Time: 1636.1999999996074	 sent Time 1440.999999999785
received Time: 1763.6999999994914	 sent Time 1440.999999999785
received Time: 2300.699999999003	 sent Time 1440.999999999785
received Time: 1636.8999999996067	 sent Time 1440.999999999785
received Time: 1637.3999999996063	 sent Time 1440.999999999785
received Time: 1441.2999999997846	 sent Time 1440.999999999785
received Time: 1451.3999999997754	 sent Time 1440.999999999785
received Time: 1456.399999999771	 sent Time 1440.999999999785
received Time: 1465.9999999997622	 sent Time 1440.999999999785
received Time: 2041.199999999239	 sent Time 1440.999999999785
received Time: 2445.4999999988713	 sent Time 1440.999999999785
received Time: 1596.0999999996438	 sent Time 1440.999999999785
received Time: 1472.2999999997564	 sent Time 1440.999999999785
received Time: 1637.4999999996062	 sent Time 1440.999999999785
received Time: 1635.6999999996078	 sent Time 1440.999999999785
received Time: 1989.0999999992864	 sent Time 1440.999999999785
received Time: 1601.9999999996385	 sent Time 1440.999999999785
received Time: 1457.9999999997694	 sent Time 1440.999999999785
received Time: 1598.4999999996417	 sent Time 1440.999999999785
received Time: 1601.5999999996388	 sent Time 1440.999999999785
received Time: 1441.5999999997844	 sent Time 1440.999999999785
received Time: 2301.4999999990023	 sent Time 1440.999999999785
received Time: 1636.9999999996066	 sent Time 1440.999999999785
received Time: 1637.1999999996065	 sent Time 1440.999999999785
received Time: 1580.499999999658	 sent Time 1440.999999999785
received Time: 1971.1999999993027	 sent Time 1440.999999999785
received Time: 1453.099999999774	 sent Time 1440.999999999785
received Time: 1637.799999999606	 sent Time 1440.999999999785
received Time: 1663.999999999582	 sent Time 1621.299999999621
received Time: 1664.5999999995815	 sent Time 1621.299999999621
received Time: 1674.4999999995725	 sent Time 1621.299999999621
received Time: 1763.7999999994913	 sent Time 1621.299999999621
received Time: 1668.7999999995777	 sent Time 1621.299999999621
received Time: 1763.8999999994912	 sent Time 1621.299999999621
received Time: 1621.6999999996206	 sent Time 1621.299999999621
received Time: 1679.0999999995684	 sent Time 1621.299999999621
received Time: 2033.9999999992456	 sent Time 1621.299999999621
received Time: 1642.7999999996014	 sent Time 1621.299999999621
received Time: 2445.799999998871	 sent Time 1621.299999999621
received Time: 1642.8999999996013	 sent Time 1621.299999999621
received Time: 1764.5999999994906	 sent Time 1621.299999999621
received Time: 1674.6999999995724	 sent Time 1621.299999999621
received Time: 1665.199999999581	 sent Time 1621.299999999621
received Time: 2200.2999999990943	 sent Time 1621.299999999621
received Time: 1660.3999999995854	 sent Time 1621.299999999621
received Time: 3052.4999999983193	 sent Time 1621.299999999621
received Time: 1764.099999999491	 sent Time 1621.299999999621
received Time: 1721.9999999995293	 sent Time 1621.299999999621
received Time: 1675.5999999995715	 sent Time 1621.299999999621
received Time: 1685.999999999562	 sent Time 1621.299999999621
received Time: 1684.6999999995633	 sent Time 1621.299999999621
received Time: 1714.8999999995358	 sent Time 1621.299999999621
received Time: 1660.1999999995855	 sent Time 1621.299999999621
received Time: 1973.7999999993003	 sent Time 1621.299999999621
received Time: 1687.5999999995606	 sent Time 1621.299999999621
received Time: 1676.9999999995703	 sent Time 1621.299999999621
received Time: 1683.999999999564	 sent Time 1621.299999999621
received Time: 1764.2999999994909	 sent Time 1621.299999999621
received Time: 1678.9999999995684	 sent Time 1621.299999999621
received Time: 1703.799999999546	 sent Time 1621.299999999621
received Time: 1675.8999999995713	 sent Time 1621.299999999621
received Time: 1642.6999999996015	 sent Time 1621.299999999621
received Time: 1621.9999999996203	 sent Time 1621.299999999621
received Time: 1657.6999999995878	 sent Time 1621.299999999621
received Time: 1643.099999999601	 sent Time 1621.299999999621
received Time: 2040.9999999992392	 sent Time 1621.299999999621
received Time: 1868.499999999396	 sent Time 1621.299999999621
received Time: 1657.7999999995877	 sent Time 1621.299999999621
received Time: 1688.0999999995602	 sent Time 1621.299999999621
received Time: 1675.4999999995716	 sent Time 1621.299999999621
received Time: 1655.0999999995902	 sent Time 1621.299999999621
received Time: 1643.199999999601	 sent Time 1621.299999999621
received Time: 1664.099999999582	 sent Time 1621.299999999621
received Time: 1763.9999999994911	 sent Time 1621.299999999621
received Time: 1621.7999999996205	 sent Time 1621.299999999621
received Time: 1675.6999999995714	 sent Time 1621.299999999621
received Time: 1722.0999999995292	 sent Time 1621.299999999621
received Time: 1642.9999999996012	 sent Time 1621.299999999621
received Time: 1674.3999999995726	 sent Time 1621.299999999621
received Time: 2436.2999999988797	 sent Time 1621.299999999621
received Time: 1675.9999999995712	 sent Time 1621.299999999621
received Time: 1790.2999999994672	 sent Time 1741.4999999995116
received Time: 1774.9999999994811	 sent Time 1741.4999999995116
received Time: 1888.6999999993777	 sent Time 1741.4999999995116
received Time: 1790.599999999467	 sent Time 1741.4999999995116
received Time: 1765.6999999994896	 sent Time 1741.4999999995116
received Time: 2302.0999999990017	 sent Time 1741.4999999995116
received Time: 1778.7999999994777	 sent Time 1741.4999999995116
received Time: 1790.499999999467	 sent Time 1741.4999999995116
received Time: 2030.8999999992484	 sent Time 1741.4999999995116
received Time: 1765.9999999994893	 sent Time 1741.4999999995116
received Time: 1766.1999999994891	 sent Time 1741.4999999995116
received Time: 1785.4999999994716	 sent Time 1741.4999999995116
received Time: 1775.099999999481	 sent Time 1741.4999999995116
received Time: 1745.2999999995081	 sent Time 1741.4999999995116
received Time: 1785.5999999994715	 sent Time 1741.4999999995116
received Time: 1883.999999999382	 sent Time 1741.4999999995116
received Time: 2834.199999998518	 sent Time 1741.4999999995116
received Time: 1908.19999999936	 sent Time 1741.4999999995116
received Time: 1790.1999999994673	 sent Time 1741.4999999995116
received Time: 1988.1999999992872	 sent Time 1741.4999999995116
received Time: 1973.9999999993001	 sent Time 1741.4999999995116
received Time: 1790.0999999994674	 sent Time 1741.4999999995116
received Time: 1834.7999999994267	 sent Time 1741.4999999995116
received Time: 1888.399999999378	 sent Time 1741.4999999995116
received Time: 1790.6999999994669	 sent Time 1741.4999999995116
received Time: 1790.3999999994671	 sent Time 1741.4999999995116
received Time: 1793.6999999994641	 sent Time 1741.4999999995116
received Time: 1789.8999999994676	 sent Time 1741.4999999995116
received Time: 1765.7999999994895	 sent Time 1741.4999999995116
received Time: 1741.6999999995114	 sent Time 1741.4999999995116
received Time: 1774.8999999994812	 sent Time 1741.4999999995116
received Time: 1764.199999999491	 sent Time 1741.4999999995116
received Time: 2465.8999999988528	 sent Time 1741.4999999995116
received Time: 1775.199999999481	 sent Time 1741.4999999995116
received Time: 1907.7999999993604	 sent Time 1741.4999999995116
received Time: 1778.8999999994776	 sent Time 1741.4999999995116
received Time: 1765.8999999994894	 sent Time 1741.4999999995116
received Time: 1758.2999999994963	 sent Time 1741.4999999995116
received Time: 1774.099999999482	 sent Time 1741.4999999995116
received Time: 1789.399999999468	 sent Time 1741.4999999995116
received Time: 1766.0999999994892	 sent Time 1741.4999999995116
received Time: 2301.899999999002	 sent Time 1741.4999999995116
received Time: 1789.7999999994677	 sent Time 1741.4999999995116
received Time: 2436.4999999988795	 sent Time 1741.4999999995116
received Time: 1869.1999999993955	 sent Time 1741.4999999995116
received Time: 1972.3999999993016	 sent Time 1741.4999999995116
received Time: 1777.6999999994787	 sent Time 1741.4999999995116
received Time: 2030.9999999992483	 sent Time 1861.6999999994023
received Time: 1862.1999999994018	 sent Time 1861.6999999994023
received Time: 1907.9999999993602	 sent Time 1861.6999999994023
received Time: 1973.4999999993006	 sent Time 1861.6999999994023
received Time: 1897.19999999937	 sent Time 1861.6999999994023
received Time: 1973.8999999993002	 sent Time 1861.6999999994023
received Time: 1873.3999999993916	 sent Time 1861.6999999994023
received Time: 2136.3999999991524	 sent Time 1861.6999999994023
received Time: 2033.599999999246	 sent Time 1861.6999999994023
received Time: 1902.3999999993653	 sent Time 1861.6999999994023
received Time: 2445.699999998871	 sent Time 1861.6999999994023
received Time: 1908.5999999993596	 sent Time 1861.6999999994023
received Time: 1900.9999999993665	 sent Time 1861.6999999994023
received Time: 2834.2999999985177	 sent Time 1861.6999999994023
received Time: 1989.2999999992862	 sent Time 1861.6999999994023
received Time: 2200.699999999094	 sent Time 1861.6999999994023
received Time: 3122.099999998256	 sent Time 1861.6999999994023
received Time: 1908.4999999993597	 sent Time 1861.6999999994023
received Time: 1973.6999999993004	 sent Time 1861.6999999994023
received Time: 1937.4999999993333	 sent Time 1861.6999999994023
received Time: 2041.0999999992391	 sent Time 1861.6999999994023
received Time: 2834.099999998518	 sent Time 1861.6999999994023
received Time: 2049.3999999992316	 sent Time 1861.6999999994023
received Time: 1964.5999999993087	 sent Time 1861.6999999994023
received Time: 1883.7999999993822	 sent Time 1861.6999999994023
received Time: 2136.4999999991524	 sent Time 1861.6999999994023
received Time: 2849.6999999985037	 sent Time 1861.6999999994023
received Time: 1975.0999999992991	 sent Time 1861.6999999994023
received Time: 1861.999999999402	 sent Time 1861.6999999994023
received Time: 1974.9999999992992	 sent Time 1861.6999999994023
received Time: 1937.5999999993332	 sent Time 1861.6999999994023
received Time: 2033.2999999992462	 sent Time 1861.6999999994023
received Time: 2033.3999999992461	 sent Time 1861.6999999994023
received Time: 1897.09999999937	 sent Time 1861.6999999994023
received Time: 1875.4999999993897	 sent Time 1861.6999999994023
received Time: 1869.799999999395	 sent Time 1861.6999999994023
received Time: 1883.899999999382	 sent Time 1861.6999999994023
received Time: 1893.899999999373	 sent Time 1861.6999999994023
received Time: 1890.1999999993764	 sent Time 1861.6999999994023
received Time: 1915.0999999993537	 sent Time 1861.6999999994023
received Time: 1897.29999999937	 sent Time 1861.6999999994023
received Time: 3021.4999999983474	 sent Time 1861.6999999994023
received Time: 2466.2999999988524	 sent Time 1861.6999999994023
received Time: 1988.2999999992871	 sent Time 1861.6999999994023
received Time: 1964.4999999993088	 sent Time 1861.6999999994023
received Time: 1910.6999999993577	 sent Time 1861.6999999994023
received Time: 2200.899999999094	 sent Time 1861.6999999994023
received Time: 1886.4999999993797	 sent Time 1861.6999999994023
received Time: 1900.499999999367	 sent Time 1861.6999999994023
received Time: 1988.399999999287	 sent Time 1861.6999999994023
received Time: 1983.1999999992918	 sent Time 1861.6999999994023
received Time: 1888.5999999993778	 sent Time 1861.6999999994023
received Time: 2302.3999999990015	 sent Time 1861.6999999994023
received Time: 1888.499999999378	 sent Time 1861.6999999994023
received Time: 1887.7999999993785	 sent Time 1861.6999999994023
received Time: 2036.0999999992437	 sent Time 1861.6999999994023
received Time: 1907.8999999993603	 sent Time 1861.6999999994023
received Time: 2040.7999999992394	 sent Time 1981.899999999293
received Time: 1982.7999999992921	 sent Time 1981.899999999293
received Time: 2445.599999998871	 sent Time 1981.899999999293
received Time: 2200.1999999990944	 sent Time 1981.899999999293
received Time: 2029.7999999992494	 sent Time 1981.899999999293
received Time: 2023.8999999992548	 sent Time 1981.899999999293
received Time: 2023.7999999992549	 sent Time 1981.899999999293
received Time: 2490.0999999988308	 sent Time 1981.899999999293
received Time: 2014.799999999263	 sent Time 1981.899999999293
received Time: 2136.699999999152	 sent Time 1981.899999999293
received Time: 2034.0999999992455	 sent Time 1981.899999999293
received Time: 2201.1999999990935	 sent Time 1981.899999999293
received Time: 2445.899999998871	 sent Time 1981.899999999293
received Time: 2301.0999999990026	 sent Time 1981.899999999293
received Time: 2023.9999999992547	 sent Time 1981.899999999293
received Time: 2023.3999999992552	 sent Time 1981.899999999293
received Time: 2020.399999999258	 sent Time 1981.899999999293
received Time: 2466.0999999988526	 sent Time 1981.899999999293
received Time: 2024.0999999992546	 sent Time 1981.899999999293
received Time: 2030.5999999992487	 sent Time 1981.899999999293
received Time: 2034.1999999992454	 sent Time 1981.899999999293
received Time: 2040.8999999992393	 sent Time 1981.899999999293
received Time: 2049.2999999992317	 sent Time 1981.899999999293
received Time: 2466.699999998852	 sent Time 1981.899999999293
received Time: 2030.6999999992486	 sent Time 1981.899999999293
received Time: 2136.5999999991523	 sent Time 1981.899999999293
received Time: 2030.199999999249	 sent Time 1981.899999999293
received Time: 1982.3999999992925	 sent Time 1981.899999999293
received Time: 2029.8999999992493	 sent Time 1981.899999999293
received Time: 2010.0999999992673	 sent Time 1981.899999999293
received Time: 2064.099999999218	 sent Time 1981.899999999293
received Time: 2064.199999999218	 sent Time 1981.899999999293
received Time: 1983.3999999992916	 sent Time 1981.899999999293
received Time: 2547.199999998779	 sent Time 1981.899999999293
received Time: 2019.4999999992588	 sent Time 1981.899999999293
received Time: 1982.5999999992923	 sent Time 1981.899999999293
received Time: 2019.3999999992589	 sent Time 1981.899999999293
received Time: 2201.0999999990936	 sent Time 1981.899999999293
received Time: 2016.5999999992614	 sent Time 1981.899999999293
received Time: 2466.799999998852	 sent Time 1981.899999999293
received Time: 2023.599999999255	 sent Time 1981.899999999293
received Time: 2060.899999999221	 sent Time 1981.899999999293
received Time: 3021.5999999983474	 sent Time 1981.899999999293
received Time: 2500.0999999988217	 sent Time 1981.899999999293
received Time: 2027.3999999992516	 sent Time 1981.899999999293
received Time: 3052.599999998319	 sent Time 1981.899999999293
received Time: 2201.3999999990933	 sent Time 1981.899999999293
received Time: 2024.699999999254	 sent Time 1981.899999999293
received Time: 2295.4999999990077	 sent Time 1981.899999999293
received Time: 1982.4999999992924	 sent Time 1981.899999999293
received Time: 2136.2999999991525	 sent Time 1981.899999999293
received Time: 2037.5999999992423	 sent Time 1981.899999999293
received Time: 2023.4999999992551	 sent Time 1981.899999999293
received Time: 2023.699999999255	 sent Time 1981.899999999293
received Time: 2019.5999999992587	 sent Time 1981.899999999293
received Time: 2295.6999999990076	 sent Time 1981.899999999293
received Time: 2300.799999999003	 sent Time 1981.899999999293
received Time: 3312.299999998083	 sent Time 1981.899999999293
received Time: 2436.3999999988796	 sent Time 1981.899999999293
received Time: 2466.899999998852	 sent Time 1981.899999999293
avgAoI: 256.4918088735837 | overhead: 1.1774744027303754 | validDeliveries: 586
34237.0 14400: 0.21 1/s
Simulation done in 34236.79s
---
All done in 34237.16s
