Run 1/1
Running simulation 'FL_A_Epidemic_100_SPMBM'
60.0 1416: 23.60 1/s
120.0 1903: 8.11 1/s
180.0 2341: 7.30 1/s
240.0 2640: 4.98 1/s
300.1 2821: 3.02 1/s
360.1 3043: 3.70 1/s
420.1 3246: 3.38 1/s
480.1 3427: 3.01 1/s
540.2 3558: 2.18 1/s
600.2 3675: 1.96 1/s
660.2 3813: 2.30 1/s
720.2 3952: 2.31 1/s
780.2 4081: 2.16 1/s
840.3 4200: 1.98 1/s
900.3 4305: 1.76 1/s
960.3 4403: 1.62 1/s
1020.4 4491: 1.47 1/s
1080.4 4565: 1.23 1/s
1140.4 4628: 1.05 1/s
1200.5 4709: 1.36 1/s
1260.5 4813: 1.74 1/s
1320.5 4911: 1.63 1/s
1380.5 5024: 1.88 1/s
1440.6 5115: 1.52 1/s
1500.6 5187: 1.21 1/s
1560.6 5259: 1.19 1/s
1620.6 5356: 1.61 1/s
1680.6 5457: 1.69 1/s
1740.7 5545: 1.46 1/s
1800.7 5618: 1.23 1/s
1860.7 5697: 1.31 1/s
1920.8 5779: 1.37 1/s
1980.8 5867: 1.47 1/s
2040.8 5958: 1.52 1/s
2100.9 6018: 1.00 1/s
2161.0 6070: 0.88 1/s
2221.0 6128: 0.97 1/s
2281.0 6198: 1.15 1/s
2341.0 6263: 1.09 1/s
2401.1 6331: 1.12 1/s
2461.1 6405: 1.24 1/s
2521.2 6474: 1.15 1/s
2581.2 6551: 1.27 1/s
2641.2 6633: 1.38 1/s
2701.4 6700: 1.11 1/s
2761.4 6753: 0.87 1/s
2821.5 6813: 1.01 1/s
2881.6 6858: 0.74 1/s
2941.7 6901: 0.72 1/s
3001.7 6950: 0.82 1/s
3061.7 7013: 1.05 1/s
3121.8 7074: 1.02 1/s
3181.9 7127: 0.88 1/s
3241.9 7175: 0.80 1/s
3302.0 7209: 0.56 1/s
3362.1 7245: 0.60 1/s
3422.2 7283: 0.64 1/s
3482.3 7327: 0.73 1/s
3542.4 7380: 0.88 1/s
3602.5 7427: 0.79 1/s
3662.5 7476: 0.81 1/s
3722.6 7519: 0.72 1/s
3782.7 7559: 0.66 1/s
3842.7 7606: 0.78 1/s
3902.8 7662: 0.93 1/s
3962.9 7720: 0.98 1/s
4022.9 7780: 0.99 1/s
4083.0 7840: 1.01 1/s
4143.0 7902: 1.03 1/s
4203.0 7962: 1.00 1/s
4263.1 8011: 0.81 1/s
4323.1 8059: 0.79 1/s
4383.1 8112: 0.89 1/s
4443.1 8171: 0.99 1/s
4503.2 8224: 0.87 1/s
4563.3 8278: 0.91 1/s
4623.3 8330: 0.86 1/s
4683.3 8375: 0.76 1/s
4743.4 8415: 0.67 1/s
4803.4 8456: 0.67 1/s
4863.4 8497: 0.69 1/s
4923.5 8536: 0.65 1/s
4983.6 8575: 0.65 1/s
5043.6 8615: 0.67 1/s
5103.7 8658: 0.71 1/s
5163.8 8706: 0.80 1/s
5223.9 8751: 0.75 1/s
5284.0 8795: 0.72 1/s
5344.1 8838: 0.71 1/s
5404.2 8882: 0.74 1/s
5464.2 8927: 0.75 1/s
5524.3 8973: 0.77 1/s
5584.5 9015: 0.70 1/s
5644.6 9056: 0.69 1/s
5704.7 9101: 0.74 1/s
5764.8 9144: 0.71 1/s
5824.8 9192: 0.81 1/s
5884.8 9244: 0.86 1/s
5944.9 9293: 0.82 1/s
6005.0 9334: 0.68 1/s
6065.1 9371: 0.62 1/s
6125.1 9411: 0.68 1/s
6185.1 9459: 0.79 1/s
6245.2 9504: 0.76 1/s
6305.3 9547: 0.72 1/s
6365.4 9589: 0.70 1/s
6425.6 9628: 0.65 1/s
6485.6 9666: 0.62 1/s
6545.6 9705: 0.65 1/s
6605.8 9743: 0.64 1/s
6665.8 9783: 0.67 1/s
6725.9 9827: 0.73 1/s
6785.9 9869: 0.69 1/s
6845.9 9911: 0.71 1/s
6905.9 9952: 0.68 1/s
6966.1 9993: 0.68 1/s
7026.1 10037: 0.73 1/s
7086.2 10077: 0.67 1/s
7146.2 10111: 0.55 1/s
7206.3 10145: 0.57 1/s
7266.5 10177: 0.54 1/s
7326.6 10208: 0.52 1/s
7386.6 10240: 0.53 1/s
7446.8 10275: 0.58 1/s
7506.9 10314: 0.64 1/s
7566.9 10357: 0.73 1/s
7627.0 10403: 0.76 1/s
7687.1 10447: 0.74 1/s
7747.1 10489: 0.69 1/s
7807.3 10531: 0.69 1/s
7867.3 10571: 0.68 1/s
7927.4 10614: 0.72 1/s
7987.6 10656: 0.70 1/s
8047.6 10703: 0.78 1/s
8107.7 10753: 0.82 1/s
8167.8 10797: 0.74 1/s
8227.9 10840: 0.72 1/s
8287.9 10882: 0.69 1/s
8348.0 10922: 0.67 1/s
8408.2 10962: 0.66 1/s
8468.3 11002: 0.67 1/s
8528.4 11041: 0.65 1/s
8588.4 11089: 0.79 1/s
8648.4 11133: 0.74 1/s
8708.6 11176: 0.72 1/s
8768.6 11220: 0.73 1/s
8828.6 11270: 0.84 1/s
8888.6 11321: 0.85 1/s
8948.7 11371: 0.82 1/s
9008.8 11419: 0.80 1/s
9068.9 11467: 0.81 1/s
9128.9 11515: 0.80 1/s
9189.0 11560: 0.74 1/s
9249.1 11605: 0.75 1/s
9309.1 11648: 0.72 1/s
9369.2 11699: 0.86 1/s
9429.2 11756: 0.95 1/s
9489.2 11807: 0.84 1/s
9549.3 11857: 0.84 1/s
9609.4 11907: 0.83 1/s
9669.5 11951: 0.74 1/s
9729.6 11994: 0.72 1/s
9789.6 12037: 0.71 1/s
9849.8 12080: 0.71 1/s
9909.9 12122: 0.70 1/s
9969.9 12172: 0.83 1/s
10030.0 12222: 0.85 1/s
10090.0 12275: 0.88 1/s
10150.0 12332: 0.94 1/s
10210.1 12387: 0.92 1/s
10270.2 12437: 0.82 1/s
10330.3 12483: 0.77 1/s
10390.3 12527: 0.74 1/s
10450.4 12574: 0.77 1/s
10510.5 12620: 0.78 1/s
10570.6 12667: 0.78 1/s
10630.7 12717: 0.83 1/s
10690.7 12767: 0.84 1/s
10750.8 12822: 0.91 1/s
10810.9 12868: 0.77 1/s
10870.9 12912: 0.74 1/s
10930.9 12960: 0.80 1/s
10991.0 13009: 0.81 1/s
11051.1 13061: 0.86 1/s
11111.1 13114: 0.89 1/s
11171.1 13167: 0.89 1/s
11231.2 13209: 0.70 1/s
11291.3 13245: 0.59 1/s
11351.4 13293: 0.80 1/s
11411.4 13351: 0.96 1/s
11471.4 13408: 0.95 1/s
11531.5 13460: 0.86 1/s
11591.6 13507: 0.78 1/s
11651.7 13556: 0.82 1/s
11711.7 13605: 0.80 1/s
11771.8 13650: 0.76 1/s
11831.9 13692: 0.71 1/s
11892.0 13733: 0.67 1/s
11952.1 13774: 0.69 1/s
12012.2 13817: 0.70 1/s
12072.3 13864: 0.79 1/s
12132.3 13913: 0.80 1/s
12192.3 13959: 0.77 1/s
12252.4 14009: 0.83 1/s
12312.4 14059: 0.84 1/s
12372.5 14104: 0.74 1/s
12432.6 14146: 0.69 1/s
12492.6 14185: 0.65 1/s
12552.7 14224: 0.66 1/s
12612.8 14265: 0.67 1/s
12673.0 14301: 0.61 1/s
12733.0 14337: 0.60 1/s
12793.1 14372: 0.59 1/s
Unique content gateway: 648 :: total unique content cache: 1
received Time: 1874.2999999993908	 sent Time 60.00000000000058
received Time: 555.0000000000576	 sent Time 60.00000000000058
received Time: 952.0000000001479	 sent Time 60.00000000000058
received Time: 555.3000000000577	 sent Time 60.00000000000058
received Time: 322.4000000000048	 sent Time 60.00000000000058
received Time: 60.30000000000059	 sent Time 60.00000000000058
received Time: 1260.499999999949	 sent Time 60.00000000000058
received Time: 1974.6999999992995	 sent Time 60.00000000000058
received Time: 1260.3999999999492	 sent Time 60.00000000000058
received Time: 2349.299999998959	 sent Time 60.00000000000058
received Time: 2572.099999998756	 sent Time 60.00000000000058
received Time: 951.2000000001477	 sent Time 60.00000000000058
received Time: 1875.5999999993896	 sent Time 60.00000000000058
received Time: 950.4000000001475	 sent Time 60.00000000000058
received Time: 951.0000000001477	 sent Time 60.00000000000058
received Time: 583.8000000000642	 sent Time 60.00000000000058
received Time: 1973.2999999993008	 sent Time 60.00000000000058
received Time: 1972.999999999301	 sent Time 60.00000000000058
received Time: 2349.7999999989584	 sent Time 60.00000000000058
received Time: 1100.4000000000947	 sent Time 60.00000000000058
received Time: 954.0000000001484	 sent Time 60.00000000000058
received Time: 583.5000000000641	 sent Time 60.00000000000058
received Time: 2571.7999999987564	 sent Time 60.00000000000058
received Time: 950.7000000001476	 sent Time 60.00000000000058
received Time: 554.7000000000576	 sent Time 60.00000000000058
received Time: 555.1000000000577	 sent Time 60.00000000000058
received Time: 950.2000000001475	 sent Time 60.00000000000058
received Time: 1260.8999999999487	 sent Time 60.00000000000058
received Time: 2570.7999999987574	 sent Time 60.00000000000058
received Time: 1100.7000000000944	 sent Time 60.00000000000058
received Time: 950.6000000001476	 sent Time 60.00000000000058
received Time: 1100.6000000000945	 sent Time 60.00000000000058
received Time: 950.1000000001475	 sent Time 60.00000000000058
received Time: 1260.9999999999486	 sent Time 60.00000000000058
received Time: 3325.1999999980712	 sent Time 60.00000000000058
received Time: 1875.7999999993895	 sent Time 60.00000000000058
received Time: 554.8000000000576	 sent Time 60.00000000000058
received Time: 2347.1999999989607	 sent Time 60.00000000000058
received Time: 1972.6999999993013	 sent Time 60.00000000000058
received Time: 1100.8000000000943	 sent Time 60.00000000000058
received Time: 1873.7999999993913	 sent Time 60.00000000000058
received Time: 1876.399999999389	 sent Time 60.00000000000058
received Time: 2347.3999999989605	 sent Time 60.00000000000058
received Time: 1876.4999999993888	 sent Time 60.00000000000058
received Time: 951.3000000001477	 sent Time 60.00000000000058
received Time: 1974.8999999992993	 sent Time 60.00000000000058
received Time: 554.9000000000576	 sent Time 60.00000000000058
received Time: 950.8000000001476	 sent Time 60.00000000000058
received Time: 1973.9999999993001	 sent Time 60.00000000000058
received Time: 555.2000000000577	 sent Time 60.00000000000058
received Time: 1974.0999999993	 sent Time 60.00000000000058
received Time: 3468.299999997941	 sent Time 60.00000000000058
received Time: 1875.9999999993893	 sent Time 60.00000000000058
received Time: 60.40000000000059	 sent Time 60.00000000000058
received Time: 1972.7999999993012	 sent Time 60.00000000000058
received Time: 950.5000000001476	 sent Time 60.00000000000058
received Time: 952.500000000148	 sent Time 60.00000000000058
received Time: 951.8000000001479	 sent Time 60.00000000000058
received Time: 1876.199999999389	 sent Time 60.00000000000058
received Time: 1974.7999999992994	 sent Time 60.00000000000058
received Time: 1974.1999999993	 sent Time 60.00000000000058
received Time: 951.7000000001478	 sent Time 60.00000000000058
received Time: 2348.5999999989594	 sent Time 60.00000000000058
received Time: 952.300000000148	 sent Time 60.00000000000058
received Time: 950.3000000001475	 sent Time 60.00000000000058
received Time: 1875.6999999993895	 sent Time 60.00000000000058
received Time: 953.5000000001482	 sent Time 60.00000000000058
received Time: 953.2000000001482	 sent Time 60.00000000000058
received Time: 1873.8999999993912	 sent Time 1140.5000000000582
received Time: 3221.999999998165	 sent Time 1140.5000000000582
received Time: 2744.3999999985995	 sent Time 1140.5000000000582
received Time: 3646.299999997779	 sent Time 1140.5000000000582
received Time: 2570.999999998757	 sent Time 1140.5000000000582
received Time: 3647.499999997778	 sent Time 1140.5000000000582
received Time: 3468.7999999979406	 sent Time 1140.5000000000582
received Time: 2348.7999999989593	 sent Time 1140.5000000000582
received Time: 3647.8999999977777	 sent Time 1140.5000000000582
received Time: 3646.599999997779	 sent Time 1140.5000000000582
received Time: 2571.8999999987564	 sent Time 1140.5000000000582
received Time: 1973.1999999993009	 sent Time 1140.5000000000582
received Time: 2348.899999998959	 sent Time 1140.5000000000582
received Time: 1527.1999999997065	 sent Time 1140.5000000000582
received Time: 3647.599999997778	 sent Time 1140.5000000000582
received Time: 2347.099999998961	 sent Time 1140.5000000000582
received Time: 3470.1999999979394	 sent Time 1140.5000000000582
received Time: 2348.19999999896	 sent Time 1140.5000000000582
received Time: 2570.8999999987573	 sent Time 1140.5000000000582
received Time: 2660.499999998676	 sent Time 1140.5000000000582
received Time: 2347.99999999896	 sent Time 1140.5000000000582
received Time: 4389.799999998439	 sent Time 1140.5000000000582
received Time: 2347.4999999989604	 sent Time 1140.5000000000582
received Time: 2402.99999999891	 sent Time 1140.5000000000582
received Time: 4388.299999998433	 sent Time 1140.5000000000582
received Time: 4389.4999999984375	 sent Time 1140.5000000000582
received Time: 1915.799999999353	 sent Time 1140.5000000000582
received Time: 2571.299999998757	 sent Time 1140.5000000000582
received Time: 2661.6999999986747	 sent Time 1140.5000000000582
received Time: 2661.7999999986746	 sent Time 1140.5000000000582
received Time: 2661.399999998675	 sent Time 1140.5000000000582
received Time: 2348.3999999989596	 sent Time 1140.5000000000582
received Time: 3468.599999997941	 sent Time 1140.5000000000582
received Time: 1876.7999999993885	 sent Time 1140.5000000000582
received Time: 4388.199999998433	 sent Time 1140.5000000000582
received Time: 2402.89999999891	 sent Time 1140.5000000000582
received Time: 2349.5999999989585	 sent Time 1140.5000000000582
received Time: 2661.9999999986744	 sent Time 1140.5000000000582
received Time: 1876.8999999993885	 sent Time 1140.5000000000582
received Time: 2349.6999999989584	 sent Time 1140.5000000000582
received Time: 2744.2999999985996	 sent Time 1140.5000000000582
received Time: 4542.5999999989945	 sent Time 1140.5000000000582
received Time: 3647.0999999977785	 sent Time 1140.5000000000582
received Time: 2347.6999999989603	 sent Time 1140.5000000000582
received Time: 2726.199999998616	 sent Time 1140.5000000000582
received Time: 2348.999999998959	 sent Time 1140.5000000000582
received Time: 2349.199999998959	 sent Time 1140.5000000000582
received Time: 4389.199999998436	 sent Time 1140.5000000000582
received Time: 4670.399999999459	 sent Time 1140.5000000000582
received Time: 3469.39999999794	 sent Time 1140.5000000000582
received Time: 2659.199999998677	 sent Time 1140.5000000000582
received Time: 3647.799999997778	 sent Time 1140.5000000000582
received Time: 2346.999999998961	 sent Time 1140.5000000000582
received Time: 2348.4999999989595	 sent Time 1140.5000000000582
received Time: 3470.0999999979394	 sent Time 1140.5000000000582
received Time: 2346.899999998961	 sent Time 1140.5000000000582
received Time: 2658.6999999986774	 sent Time 1140.5000000000582
received Time: 1975.5999999992987	 sent Time 1140.5000000000582
received Time: 2402.4999999989104	 sent Time 1140.5000000000582
received Time: 1261.4999999999482	 sent Time 1140.5000000000582
received Time: 2348.09999999896	 sent Time 1140.5000000000582
received Time: 1873.6999999993914	 sent Time 1140.5000000000582
received Time: 1261.3999999999482	 sent Time 1140.5000000000582
received Time: 2571.6999999987565	 sent Time 1140.5000000000582
received Time: 2347.2999999989606	 sent Time 1140.5000000000582
received Time: 2570.3999999987577	 sent Time 1140.5000000000582
received Time: 3897.5999999975506	 sent Time 2402.5999999989103
received Time: 4389.399999998437	 sent Time 2402.5999999989103
received Time: 4344.499999998274	 sent Time 2402.5999999989103
received Time: 4343.299999998269	 sent Time 2402.5999999989103
received Time: 3222.199999998165	 sent Time 2402.5999999989103
received Time: 5058.20000000087	 sent Time 2402.5999999989103
received Time: 4388.999999998436	 sent Time 2402.5999999989103
received Time: 4344.199999998273	 sent Time 2402.5999999989103
received Time: 3646.399999997779	 sent Time 2402.5999999989103
received Time: 3647.399999997778	 sent Time 2402.5999999989103
received Time: 3646.499999997779	 sent Time 2402.5999999989103
received Time: 5058.700000000872	 sent Time 2402.5999999989103
received Time: 2427.5999999988876	 sent Time 2402.5999999989103
received Time: 5059.800000000876	 sent Time 2402.5999999989103
received Time: 3897.8999999975504	 sent Time 2402.5999999989103
received Time: 5091.700000000992	 sent Time 2402.5999999989103
received Time: 3469.69999999794	 sent Time 2402.5999999989103
received Time: 2795.0999999985534	 sent Time 2402.5999999989103
received Time: 3469.59999999794	 sent Time 2402.5999999989103
received Time: 4342.899999998268	 sent Time 2402.5999999989103
received Time: 2988.1999999983777	 sent Time 2402.5999999989103
received Time: 4389.699999998438	 sent Time 2402.5999999989103
received Time: 4524.99999999893	 sent Time 2402.5999999989103
received Time: 3469.29999999794	 sent Time 2402.5999999989103
received Time: 5272.100000001648	 sent Time 2402.5999999989103
received Time: 3325.0999999980713	 sent Time 2402.5999999989103
received Time: 2571.5999999987566	 sent Time 2402.5999999989103
received Time: 5091.600000000992	 sent Time 2402.5999999989103
received Time: 3897.299999997551	 sent Time 2402.5999999989103
received Time: 3222.099999998165	 sent Time 2402.5999999989103
received Time: 3897.4999999975507	 sent Time 2402.5999999989103
received Time: 3647.699999997778	 sent Time 2402.5999999989103
received Time: 3469.49999999794	 sent Time 2402.5999999989103
received Time: 3897.399999997551	 sent Time 2402.5999999989103
received Time: 2795.1999999985533	 sent Time 2402.5999999989103
received Time: 2794.6999999985537	 sent Time 2402.5999999989103
received Time: 3646.699999997779	 sent Time 2402.5999999989103
received Time: 5092.400000000995	 sent Time 2402.5999999989103
received Time: 2403.3999999989096	 sent Time 2402.5999999989103
received Time: 3897.9999999975503	 sent Time 2402.5999999989103
received Time: 4543.599999998998	 sent Time 2402.5999999989103
received Time: 3647.2999999977783	 sent Time 2402.5999999989103
received Time: 2659.8999999986763	 sent Time 2402.5999999989103
received Time: 2726.099999998616	 sent Time 2402.5999999989103
received Time: 3897.199999997551	 sent Time 2402.5999999989103
received Time: 2627.499999998706	 sent Time 2402.5999999989103
received Time: 4390.399999998441	 sent Time 2402.5999999989103
received Time: 5371.50000000201	 sent Time 2402.5999999989103
received Time: 3468.499999997941	 sent Time 2402.5999999989103
received Time: 2744.1999999985997	 sent Time 2402.5999999989103
received Time: 3647.1999999977784	 sent Time 2402.5999999989103
received Time: 3325.299999998071	 sent Time 2402.5999999989103
received Time: 3469.1999999979403	 sent Time 2402.5999999989103
received Time: 2660.6999999986756	 sent Time 2402.5999999989103
received Time: 3469.8999999979396	 sent Time 2402.5999999989103
received Time: 3646.8999999977787	 sent Time 2402.5999999989103
received Time: 2659.6999999986765	 sent Time 2402.5999999989103
received Time: 2427.4999999988877	 sent Time 2402.5999999989103
received Time: 4388.499999998434	 sent Time 2402.5999999989103
received Time: 4388.699999998435	 sent Time 2402.5999999989103
received Time: 3468.6999999979407	 sent Time 2402.5999999989103
received Time: 5058.400000000871	 sent Time 2402.5999999989103
received Time: 4343.999999998272	 sent Time 2402.5999999989103
received Time: 3324.9999999980714	 sent Time 2402.5999999989103
received Time: 4388.3999999984335	 sent Time 2402.5999999989103
received Time: 3470.2999999979393	 sent Time 2402.5999999989103
received Time: 5272.000000001648	 sent Time 3484.3999999979264
received Time: 5271.900000001648	 sent Time 3484.3999999979264
received Time: 4344.099999998272	 sent Time 3484.3999999979264
received Time: 4343.699999998271	 sent Time 3484.3999999979264
received Time: 4343.199999998269	 sent Time 3484.3999999979264
received Time: 4390.29999999844	 sent Time 3484.3999999979264
received Time: 4388.899999998435	 sent Time 3484.3999999979264
received Time: 4343.899999998272	 sent Time 3484.3999999979264
received Time: 4543.199999998997	 sent Time 3484.3999999979264
received Time: 4342.699999998267	 sent Time 3484.3999999979264
received Time: 5059.300000000874	 sent Time 3484.3999999979264
received Time: 4343.099999998269	 sent Time 3484.3999999979264
received Time: 5057.900000000869	 sent Time 3484.3999999979264
received Time: 4804.599999999948	 sent Time 3484.3999999979264
received Time: 3646.9999999977786	 sent Time 3484.3999999979264
received Time: 5091.900000000993	 sent Time 3484.3999999979264
received Time: 3512.6999999979007	 sent Time 3484.3999999979264
received Time: 5058.300000000871	 sent Time 3484.3999999979264
received Time: 5800.600000003571	 sent Time 3484.3999999979264
received Time: 5491.600000002447	 sent Time 3484.3999999979264
received Time: 3512.499999997901	 sent Time 3484.3999999979264
received Time: 5058.600000000872	 sent Time 3484.3999999979264
received Time: 4525.2999999989315	 sent Time 3484.3999999979264
received Time: 5059.000000000873	 sent Time 3484.3999999979264
received Time: 5672.100000003104	 sent Time 3484.3999999979264
received Time: 5354.000000001946	 sent Time 3484.3999999979264
received Time: 5371.40000000201	 sent Time 3484.3999999979264
received Time: 4344.599999998274	 sent Time 3484.3999999979264
received Time: 4343.799999998271	 sent Time 3484.3999999979264
received Time: 5800.40000000357	 sent Time 3484.3999999979264
received Time: 3897.7999999975505	 sent Time 3484.3999999979264
received Time: 5427.600000002214	 sent Time 3484.3999999979264
received Time: 4542.999999998996	 sent Time 3484.3999999979264
received Time: 5271.500000001646	 sent Time 3484.3999999979264
received Time: 5058.800000000872	 sent Time 3484.3999999979264
received Time: 4342.999999998268	 sent Time 3484.3999999979264
received Time: 4805.3999999999505	 sent Time 3484.3999999979264
received Time: 4343.49999999827	 sent Time 3484.3999999979264
received Time: 5092.300000000994	 sent Time 3484.3999999979264
received Time: 4543.099999998996	 sent Time 3484.3999999979264
received Time: 5354.200000001947	 sent Time 3484.3999999979264
received Time: 4542.699999998995	 sent Time 3484.3999999979264
received Time: 4343.5999999982705	 sent Time 3484.3999999979264
received Time: 3498.7999999979133	 sent Time 3484.3999999979264
received Time: 5427.400000002213	 sent Time 3484.3999999979264
received Time: 4804.799999999948	 sent Time 3484.3999999979264
received Time: 4344.299999998273	 sent Time 3484.3999999979264
received Time: 4390.19999999844	 sent Time 3484.3999999979264
received Time: 5427.800000002215	 sent Time 3484.3999999979264
received Time: 3570.8999999978478	 sent Time 3484.3999999979264
received Time: 4543.499999998998	 sent Time 3484.3999999979264
received Time: 5427.900000002215	 sent Time 3484.3999999979264
received Time: 3646.7999999977787	 sent Time 3484.3999999979264
received Time: 5091.800000000992	 sent Time 3484.3999999979264
received Time: 3484.5999999979263	 sent Time 3484.3999999979264
received Time: 4804.999999999949	 sent Time 3484.3999999979264
received Time: 4542.799999998995	 sent Time 3484.3999999979264
received Time: 4805.19999999995	 sent Time 3484.3999999979264
received Time: 4344.399999998273	 sent Time 3484.3999999979264
received Time: 5059.900000000876	 sent Time 3484.3999999979264
received Time: 5271.700000001647	 sent Time 3484.3999999979264
received Time: 5059.200000000874	 sent Time 3484.3999999979264
received Time: 4342.799999998268	 sent Time 3484.3999999979264
received Time: 4388.099999998432	 sent Time 3484.3999999979264
received Time: 4805.29999999995	 sent Time 3484.3999999979264
received Time: 4804.699999999948	 sent Time 3484.3999999979264
received Time: 7408.30000000942	 sent Time 4385.399999998423
received Time: 5271.400000001646	 sent Time 4385.399999998423
received Time: 5058.500000000871	 sent Time 4385.399999998423
received Time: 5058.900000000873	 sent Time 4385.399999998423
received Time: 5536.900000002612	 sent Time 4385.399999998423
received Time: 8287.100000012617	 sent Time 4385.399999998423
received Time: 4425.299999998568	 sent Time 4385.399999998423
received Time: 5354.100000001947	 sent Time 4385.399999998423
received Time: 6343.000000005544	 sent Time 4385.399999998423
received Time: 7406.800000009414	 sent Time 4385.399999998423
received Time: 7017.500000007998	 sent Time 4385.399999998423
received Time: 5058.10000000087	 sent Time 4385.399999998423
received Time: 5427.500000002214	 sent Time 4385.399999998423
received Time: 6106.4000000046835	 sent Time 4385.399999998423
received Time: 7177.800000008581	 sent Time 4385.399999998423
received Time: 5800.900000003572	 sent Time 4385.399999998423
received Time: 5371.60000000201	 sent Time 4385.399999998423
received Time: 6172.500000004924	 sent Time 4385.399999998423
received Time: 5800.30000000357	 sent Time 4385.399999998423
received Time: 5491.700000002447	 sent Time 4385.399999998423
received Time: 6172.9000000049255	 sent Time 4385.399999998423
received Time: 4542.899999998996	 sent Time 4385.399999998423
received Time: 8284.900000012609	 sent Time 4385.399999998423
received Time: 5672.300000003104	 sent Time 4385.399999998423
received Time: 5354.300000001947	 sent Time 4385.399999998423
received Time: 5371.700000002011	 sent Time 4385.399999998423
received Time: 5092.000000000993	 sent Time 4385.399999998423
received Time: 7591.900000010088	 sent Time 4385.399999998423
received Time: 4525.099999998931	 sent Time 4385.399999998423
received Time: 7017.300000007997	 sent Time 4385.399999998423
received Time: 7407.200000009416	 sent Time 4385.399999998423
received Time: 5427.700000002214	 sent Time 4385.399999998423
received Time: 5059.1000000008735	 sent Time 4385.399999998423
received Time: 5354.400000001948	 sent Time 4385.399999998423
received Time: 5059.600000000875	 sent Time 4385.399999998423
received Time: 5092.1000000009935	 sent Time 4385.399999998423
received Time: 5721.0000000032815	 sent Time 4385.399999998423
received Time: 7161.900000008523	 sent Time 4385.399999998423
received Time: 5371.300000002009	 sent Time 4385.399999998423
received Time: 5800.500000003571	 sent Time 4385.399999998423
received Time: 7177.40000000858	 sent Time 4385.399999998423
received Time: 5059.400000000875	 sent Time 4385.399999998423
received Time: 6772.600000007107	 sent Time 4385.399999998423
received Time: 5353.900000001946	 sent Time 4385.399999998423
received Time: 8286.100000012613	 sent Time 4385.399999998423
received Time: 4425.399999998568	 sent Time 4385.399999998423
received Time: 6342.600000005543	 sent Time 4385.399999998423
received Time: 5371.200000002009	 sent Time 4385.399999998423
received Time: 7177.50000000858	 sent Time 4385.399999998423
received Time: 5428.100000002216	 sent Time 4385.399999998423
received Time: 5428.0000000022155	 sent Time 4385.399999998423
received Time: 5060.000000000877	 sent Time 4385.399999998423
received Time: 6342.300000005542	 sent Time 4385.399999998423
received Time: 5092.200000000994	 sent Time 4385.399999998423
received Time: 4543.299999998997	 sent Time 4385.399999998423
received Time: 5059.700000000876	 sent Time 4385.399999998423
received Time: 5271.600000001647	 sent Time 4385.399999998423
received Time: 6172.600000004924	 sent Time 4385.399999998423
received Time: 8074.900000011845	 sent Time 4385.399999998423
received Time: 4385.599999998423	 sent Time 4385.399999998423
received Time: 4415.8999999985335	 sent Time 4385.399999998423
received Time: 4805.099999999949	 sent Time 4385.399999998423
received Time: 5862.800000003797	 sent Time 4385.399999998423
received Time: 7407.600000009417	 sent Time 5285.400000001697
received Time: 5392.700000002087	 sent Time 5285.400000001697
received Time: 5414.000000002165	 sent Time 5285.400000001697
received Time: 5406.500000002137	 sent Time 5285.400000001697
received Time: 7017.400000007998	 sent Time 5285.400000001697
received Time: 8287.200000012617	 sent Time 5285.400000001697
received Time: 7348.600000009203	 sent Time 5285.400000001697
received Time: 6343.300000005545	 sent Time 5285.400000001697
received Time: 7017.200000007997	 sent Time 5285.400000001697
received Time: 7408.100000009419	 sent Time 5285.400000001697
received Time: 6342.900000005544	 sent Time 5285.400000001697
received Time: 5537.000000002612	 sent Time 5285.400000001697
received Time: 6106.600000004684	 sent Time 5285.400000001697
received Time: 7178.200000008583	 sent Time 5285.400000001697
received Time: 5800.700000003571	 sent Time 5285.400000001697
received Time: 6342.100000005541	 sent Time 5285.400000001697
received Time: 7407.900000009418	 sent Time 5285.400000001697
received Time: 6772.800000007108	 sent Time 5285.400000001697
received Time: 5800.800000003572	 sent Time 5285.400000001697
received Time: 5564.700000002713	 sent Time 5285.400000001697
received Time: 6172.400000004924	 sent Time 5285.400000001697
received Time: 8285.30000001261	 sent Time 5285.400000001697
received Time: 5301.300000001755	 sent Time 5285.400000001697
received Time: 8285.900000012613	 sent Time 5285.400000001697
received Time: 5672.200000003104	 sent Time 5285.400000001697
received Time: 6342.200000005541	 sent Time 5285.400000001697
received Time: 5451.600000002301	 sent Time 5285.400000001697
received Time: 5434.300000002238	 sent Time 5285.400000001697
received Time: 5336.700000001883	 sent Time 5285.400000001697
received Time: 5434.400000002239	 sent Time 5285.400000001697
received Time: 5428.300000002217	 sent Time 5285.400000001697
received Time: 5565.7000000027165	 sent Time 5285.400000001697
received Time: 7017.900000008	 sent Time 5285.400000001697
received Time: 6172.100000004923	 sent Time 5285.400000001697
received Time: 5721.100000003282	 sent Time 5285.400000001697
received Time: 7162.000000008524	 sent Time 5285.400000001697
received Time: 5434.200000002238	 sent Time 5285.400000001697
received Time: 7407.800000009418	 sent Time 5285.400000001697
received Time: 7349.100000009204	 sent Time 5285.400000001697
received Time: 5412.900000002161	 sent Time 5285.400000001697
received Time: 6405.900000005773	 sent Time 5285.400000001697
received Time: 8285.800000012612	 sent Time 5285.400000001697
received Time: 5491.800000002448	 sent Time 5285.400000001697
received Time: 8287.300000012618	 sent Time 5285.400000001697
received Time: 8075.500000011847	 sent Time 5285.400000001697
received Time: 6342.400000005542	 sent Time 5285.400000001697
received Time: 5435.200000002242	 sent Time 5285.400000001697
received Time: 7177.6000000085805	 sent Time 5285.400000001697
received Time: 6172.700000004925	 sent Time 5285.400000001697
received Time: 7161.800000008523	 sent Time 5285.400000001697
received Time: 5620.000000002914	 sent Time 5285.400000001697
received Time: 6173.000000004926	 sent Time 5285.400000001697
received Time: 9323.700000016388	 sent Time 5285.400000001697
received Time: 6343.200000005545	 sent Time 5285.400000001697
received Time: 9324.00000001639	 sent Time 5285.400000001697
received Time: 7178.100000008582	 sent Time 5285.400000001697
received Time: 5435.100000002241	 sent Time 5285.400000001697
received Time: 5285.6000000016975	 sent Time 5285.400000001697
received Time: 7407.100000009415	 sent Time 5285.400000001697
received Time: 5435.300000002242	 sent Time 5285.400000001697
received Time: 5650.800000003026	 sent Time 5285.400000001697
received Time: 5661.200000003064	 sent Time 5285.400000001697
received Time: 5862.900000003798	 sent Time 5285.400000001697
received Time: 7407.700000009418	 sent Time 5945.400000004098
received Time: 7349.000000009204	 sent Time 5945.400000004098
received Time: 6772.900000007108	 sent Time 5945.400000004098
received Time: 7406.900000009415	 sent Time 5945.400000004098
received Time: 8286.800000012616	 sent Time 5945.400000004098
received Time: 7348.700000009203	 sent Time 5945.400000004098
received Time: 7177.900000008582	 sent Time 5945.400000004098
received Time: 7017.6000000079985	 sent Time 5945.400000004098
received Time: 7408.200000009419	 sent Time 5945.400000004098
received Time: 7017.700000007999	 sent Time 5945.400000004098
received Time: 6484.80000000606	 sent Time 5945.400000004098
received Time: 7751.8000000106695	 sent Time 5945.400000004098
received Time: 6106.500000004684	 sent Time 5945.400000004098
received Time: 7178.7000000085845	 sent Time 5945.400000004098
received Time: 5968.900000004183	 sent Time 5945.400000004098
received Time: 8284.200000012606	 sent Time 5945.400000004098
received Time: 7407.500000009417	 sent Time 5945.400000004098
received Time: 6773.000000007109	 sent Time 5945.400000004098
received Time: 6343.100000005545	 sent Time 5945.400000004098
received Time: 5968.4000000041815	 sent Time 5945.400000004098
received Time: 6172.200000004923	 sent Time 5945.400000004098
received Time: 8285.500000012611	 sent Time 5945.400000004098
received Time: 5945.9000000041	 sent Time 5945.400000004098
received Time: 8285.700000012612	 sent Time 5945.400000004098
received Time: 5960.300000004152	 sent Time 5945.400000004098
received Time: 6342.800000005544	 sent Time 5945.400000004098
received Time: 7590.900000010084	 sent Time 5945.400000004098
received Time: 6034.400000004422	 sent Time 5945.400000004098
received Time: 7591.200000010085	 sent Time 5945.400000004098
received Time: 6279.200000005312	 sent Time 5945.400000004098
received Time: 7017.800000007999	 sent Time 5945.400000004098
received Time: 7407.000000009415	 sent Time 5945.400000004098
received Time: 6106.700000004685	 sent Time 5945.400000004098
received Time: 9322.800000016385	 sent Time 5945.400000004098
received Time: 5960.500000004153	 sent Time 5945.400000004098
received Time: 7017.000000007996	 sent Time 5945.400000004098
received Time: 8075.100000011846	 sent Time 5945.400000004098
received Time: 8285.40000001261	 sent Time 5945.400000004098
received Time: 5945.700000004099	 sent Time 5945.400000004098
received Time: 7162.100000008524	 sent Time 5945.400000004098
received Time: 7752.100000010671	 sent Time 5945.400000004098
received Time: 8286.000000012613	 sent Time 5945.400000004098
received Time: 7348.900000009204	 sent Time 5945.400000004098
received Time: 7589.70000001008	 sent Time 5945.400000004098
received Time: 6772.500000007107	 sent Time 5945.400000004098
received Time: 8286.400000012614	 sent Time 5945.400000004098
received Time: 5946.0000000041	 sent Time 5945.400000004098
received Time: 8075.400000011847	 sent Time 5945.400000004098
received Time: 6342.5000000055425	 sent Time 5945.400000004098
received Time: 6183.700000004965	 sent Time 5945.400000004098
received Time: 7178.400000008583	 sent Time 5945.400000004098
received Time: 6173.100000004926	 sent Time 5945.400000004098
received Time: 7348.200000009201	 sent Time 5945.400000004098
received Time: 6408.000000005781	 sent Time 5945.400000004098
received Time: 8286.900000012616	 sent Time 5945.400000004098
received Time: 7690.900000010448	 sent Time 5945.400000004098
received Time: 7590.800000010084	 sent Time 5945.400000004098
received Time: 7590.400000010082	 sent Time 5945.400000004098
received Time: 10209.50000001961	 sent Time 5945.400000004098
received Time: 7751.90000001067	 sent Time 5945.400000004098
received Time: 8075.000000011845	 sent Time 5945.400000004098
received Time: 7691.000000010448	 sent Time 5945.400000004098
received Time: 7590.000000010081	 sent Time 5945.400000004098
received Time: 7690.800000010448	 sent Time 5945.400000004098
received Time: 6035.000000004424	 sent Time 5945.400000004098
received Time: 9322.100000016382	 sent Time 6785.400000007154
received Time: 7590.700000010083	 sent Time 6785.400000007154
received Time: 7589.9000000100805	 sent Time 6785.400000007154
received Time: 9323.200000016386	 sent Time 6785.400000007154
received Time: 8287.000000012617	 sent Time 6785.400000007154
received Time: 9324.30000001639	 sent Time 6785.400000007154
received Time: 7590.200000010082	 sent Time 6785.400000007154
received Time: 7178.300000008583	 sent Time 6785.400000007154
received Time: 9323.800000016388	 sent Time 6785.400000007154
received Time: 9326.000000016396	 sent Time 6785.400000007154
received Time: 7028.700000008039	 sent Time 6785.400000007154
received Time: 7751.700000010669	 sent Time 6785.400000007154
received Time: 7752.400000010672	 sent Time 6785.400000007154
received Time: 8075.700000011848	 sent Time 6785.400000007154
received Time: 7349.200000009205	 sent Time 6785.400000007154
received Time: 9323.900000016389	 sent Time 6785.400000007154
received Time: 8285.600000012611	 sent Time 6785.400000007154
received Time: 8286.200000012614	 sent Time 6785.400000007154
received Time: 7590.500000010083	 sent Time 6785.400000007154
received Time: 7752.600000010672	 sent Time 6785.400000007154
received Time: 9857.30000001833	 sent Time 6785.400000007154
received Time: 6785.600000007154	 sent Time 6785.400000007154
received Time: 9325.200000016393	 sent Time 6785.400000007154
received Time: 8285.00000001261	 sent Time 6785.400000007154
received Time: 9324.900000016392	 sent Time 6785.400000007154
received Time: 7591.700000010087	 sent Time 6785.400000007154
received Time: 9326.8000000164	 sent Time 6785.400000007154
received Time: 7752.00000001067	 sent Time 6785.400000007154
received Time: 7589.300000010078	 sent Time 6785.400000007154
received Time: 9326.200000016397	 sent Time 6785.400000007154
received Time: 7018.000000008	 sent Time 6785.400000007154
received Time: 7407.4000000094165	 sent Time 6785.400000007154
received Time: 6806.5000000072305	 sent Time 6785.400000007154
received Time: 8295.800000012649	 sent Time 6785.400000007154
received Time: 7178.500000008584	 sent Time 6785.400000007154
received Time: 10369.800000020194	 sent Time 6785.400000007154
received Time: 8284.400000012607	 sent Time 6785.400000007154
received Time: 7590.300000010082	 sent Time 6785.400000007154
received Time: 7161.700000008523	 sent Time 6785.400000007154
received Time: 7752.300000010671	 sent Time 6785.400000007154
received Time: 8284.500000012607	 sent Time 6785.400000007154
received Time: 7591.0000000100845	 sent Time 6785.400000007154
received Time: 7591.300000010086	 sent Time 6785.400000007154
received Time: 7589.600000010079	 sent Time 6785.400000007154
received Time: 8286.300000012614	 sent Time 6785.400000007154
received Time: 9325.900000016396	 sent Time 6785.400000007154
received Time: 10370.000000020194	 sent Time 6785.400000007154
received Time: 9325.500000016395	 sent Time 6785.400000007154
received Time: 7178.000000008582	 sent Time 6785.400000007154
received Time: 6806.700000007231	 sent Time 6785.400000007154
received Time: 7590.100000010081	 sent Time 6785.400000007154
received Time: 7408.40000000942	 sent Time 6785.400000007154
received Time: 7589.500000010079	 sent Time 6785.400000007154
received Time: 7589.400000010079	 sent Time 6785.400000007154
received Time: 9837.300000018256	 sent Time 6785.400000007154
received Time: 9323.400000016387	 sent Time 6785.400000007154
received Time: 7690.700000010447	 sent Time 6785.400000007154
received Time: 9325.600000016395	 sent Time 6785.400000007154
received Time: 7590.600000010083	 sent Time 6785.400000007154
received Time: 7591.800000010087	 sent Time 6785.400000007154
received Time: 10209.700000019611	 sent Time 6785.400000007154
received Time: 7752.500000010672	 sent Time 6785.400000007154
received Time: 10368.200000020188	 sent Time 6785.400000007154
received Time: 9857.70000001833	 sent Time 6785.400000007154
received Time: 7591.400000010086	 sent Time 6785.400000007154
received Time: 9858.700000018334	 sent Time 6785.400000007154
received Time: 7407.300000009416	 sent Time 6785.400000007154
received Time: 10369.500000020193	 sent Time 7625.40000001021
received Time: 8296.00000001265	 sent Time 7625.40000001021
received Time: 9783.600000018061	 sent Time 7625.40000001021
received Time: 9326.600000016399	 sent Time 7625.40000001021
received Time: 8327.300000012763	 sent Time 7625.40000001021
received Time: 9783.700000018061	 sent Time 7625.40000001021
received Time: 9325.000000016393	 sent Time 7625.40000001021
received Time: 9324.20000001639	 sent Time 7625.40000001021
received Time: 9837.200000018256	 sent Time 7625.40000001021
received Time: 9326.700000016399	 sent Time 7625.40000001021
received Time: 8344.200000012825	 sent Time 7625.40000001021
received Time: 8344.300000012825	 sent Time 7625.40000001021
received Time: 7625.700000010211	 sent Time 7625.40000001021
received Time: 10369.700000020193	 sent Time 7625.40000001021
received Time: 8284.800000012609	 sent Time 7625.40000001021
received Time: 8327.600000012764	 sent Time 7625.40000001021
received Time: 8075.300000011846	 sent Time 7625.40000001021
received Time: 8296.20000001265	 sent Time 7625.40000001021
received Time: 9859.200000018336	 sent Time 7625.40000001021
received Time: 9324.700000016392	 sent Time 7625.40000001021
received Time: 9326.400000016398	 sent Time 7625.40000001021
received Time: 13587.100000031898	 sent Time 7625.40000001021
received Time: 8296.40000001265	 sent Time 7625.40000001021
received Time: 9324.800000016392	 sent Time 7625.40000001021
received Time: 9323.100000016386	 sent Time 7625.40000001021
received Time: 9323.300000016387	 sent Time 7625.40000001021
received Time: 9321.30000001638	 sent Time 7625.40000001021
received Time: 8344.000000012824	 sent Time 7625.40000001021
received Time: 7625.900000010211	 sent Time 7625.40000001021
received Time: 9322.200000016383	 sent Time 7625.40000001021
received Time: 9858.100000018332	 sent Time 7625.40000001021
received Time: 8344.400000012825	 sent Time 7625.40000001021
received Time: 8284.300000012607	 sent Time 7625.40000001021
received Time: 10369.100000020191	 sent Time 7625.40000001021
received Time: 9323.000000016385	 sent Time 7625.40000001021
received Time: 9858.900000018335	 sent Time 7625.40000001021
received Time: 8296.30000001265	 sent Time 7625.40000001021
received Time: 8286.500000012615	 sent Time 7625.40000001021
received Time: 9321.40000001638	 sent Time 7625.40000001021
received Time: 9322.000000016382	 sent Time 7625.40000001021
received Time: 9858.000000018332	 sent Time 7625.40000001021
received Time: 11015.600000022543	 sent Time 7625.40000001021
received Time: 8296.10000001265	 sent Time 7625.40000001021
received Time: 9324.500000016391	 sent Time 7625.40000001021
received Time: 9324.10000001639	 sent Time 7625.40000001021
received Time: 9859.000000018335	 sent Time 7625.40000001021
received Time: 8286.600000012615	 sent Time 7625.40000001021
received Time: 8295.900000012649	 sent Time 7625.40000001021
received Time: 8344.100000012824	 sent Time 7625.40000001021
received Time: 9857.40000001833	 sent Time 7625.40000001021
received Time: 10368.100000020188	 sent Time 7625.40000001021
received Time: 8075.600000011847	 sent Time 7625.40000001021
received Time: 9323.500000016387	 sent Time 7625.40000001021
received Time: 8075.200000011846	 sent Time 7625.40000001021
received Time: 8295.700000012648	 sent Time 7625.40000001021
received Time: 10210.000000019612	 sent Time 7625.40000001021
received Time: 9325.700000016395	 sent Time 7625.40000001021
received Time: 9857.60000001833	 sent Time 7625.40000001021
received Time: 11183.100000023152	 sent Time 7625.40000001021
received Time: 10370.100000020195	 sent Time 8345.400000012829
received Time: 9327.2000000164	 sent Time 8345.400000012829
received Time: 11480.500000024234	 sent Time 8345.400000012829
received Time: 11183.300000023153	 sent Time 8345.400000012829
received Time: 9857.000000018328	 sent Time 8345.400000012829
received Time: 11015.200000022542	 sent Time 8345.400000012829
received Time: 8458.20000001324	 sent Time 8345.400000012829
received Time: 9783.40000001806	 sent Time 8345.400000012829
received Time: 9325.800000016396	 sent Time 8345.400000012829
received Time: 9322.400000016383	 sent Time 8345.400000012829
received Time: 9837.400000018257	 sent Time 8345.400000012829
received Time: 9327.300000016401	 sent Time 8345.400000012829
received Time: 11015.500000022543	 sent Time 8345.400000012829
received Time: 9858.500000018334	 sent Time 8345.400000012829
received Time: 9857.100000018329	 sent Time 8345.400000012829
received Time: 8345.70000001283	 sent Time 8345.400000012829
received Time: 8466.200000013268	 sent Time 8345.400000012829
received Time: 9322.300000016383	 sent Time 8345.400000012829
received Time: 9783.20000001806	 sent Time 8345.400000012829
received Time: 9857.900000018331	 sent Time 8345.400000012829
received Time: 9857.800000018331	 sent Time 8345.400000012829
received Time: 11015.700000022543	 sent Time 8345.400000012829
received Time: 10369.00000002019	 sent Time 8345.400000012829
received Time: 11480.400000024234	 sent Time 8345.400000012829
received Time: 9321.50000001638	 sent Time 8345.400000012829
received Time: 9322.600000016384	 sent Time 8345.400000012829
received Time: 11183.000000023152	 sent Time 8345.400000012829
received Time: 9859.300000018337	 sent Time 8345.400000012829
received Time: 9783.800000018062	 sent Time 8345.400000012829
received Time: 8376.00000001294	 sent Time 8345.400000012829
received Time: 10209.900000019612	 sent Time 8345.400000012829
received Time: 9321.70000001638	 sent Time 8345.400000012829
received Time: 9858.400000018333	 sent Time 8345.400000012829
received Time: 10209.60000001961	 sent Time 8345.400000012829
received Time: 10368.70000002019	 sent Time 8345.400000012829
received Time: 10368.300000020188	 sent Time 8345.400000012829
received Time: 9783.000000018059	 sent Time 8345.400000012829
received Time: 9857.50000001833	 sent Time 8345.400000012829
received Time: 10368.500000020189	 sent Time 8345.400000012829
received Time: 8458.30000001324	 sent Time 8345.400000012829
received Time: 9321.800000016381	 sent Time 8345.400000012829
received Time: 9783.50000001806	 sent Time 8345.400000012829
received Time: 9859.100000018336	 sent Time 8345.400000012829
received Time: 9321.900000016381	 sent Time 8345.400000012829
received Time: 9325.100000016393	 sent Time 8345.400000012829
received Time: 11015.400000022542	 sent Time 8345.400000012829
received Time: 9858.200000018333	 sent Time 8345.400000012829
received Time: 10369.600000020193	 sent Time 8345.400000012829
received Time: 11183.200000023153	 sent Time 8345.400000012829
received Time: 10368.400000020189	 sent Time 8345.400000012829
received Time: 10370.300000020196	 sent Time 8345.400000012829
received Time: 8345.80000001283	 sent Time 8345.400000012829
received Time: 9858.600000018334	 sent Time 8345.400000012829
received Time: 10369.300000020192	 sent Time 8345.400000012829
received Time: 11015.300000022542	 sent Time 8345.400000012829
received Time: 8458.40000001324	 sent Time 8345.400000012829
received Time: 9783.10000001806	 sent Time 8345.400000012829
received Time: 11015.100000022541	 sent Time 8345.400000012829
received Time: 9323.600000016388	 sent Time 8345.400000012829
received Time: 10209.800000019612	 sent Time 8345.400000012829
received Time: 9859.400000018337	 sent Time 8345.400000012829
received Time: 10369.400000020192	 sent Time 8345.400000012829
received Time: 9857.200000018329	 sent Time 8345.400000012829
received Time: 10370.200000020195	 sent Time 8345.400000012829
received Time: 9858.800000018335	 sent Time 8345.400000012829
avgAoI: 1411.0141975339054 | overhead: 1.0648148148148149 | validDeliveries: 648
12839.1 14400: 0.61 1/s
Simulation done in 12839.06s
---
All done in 12839.30s
