Run 1/1
Running simulation 'FL_B_CCN_NoCache_50_SPMBM'
60.0 8430: 140.50 1/s
120.0 13151: 78.69 1/s
Unique content gateway: 188 :: total unique content cache: 1
received Time: 6658.600000006692	 sent Time 60.00000000000058
received Time: 5513.600000002527	 sent Time 60.00000000000058
received Time: 868.700000000129	 sent Time 60.00000000000058
received Time: 5256.500000001592	 sent Time 60.00000000000058
received Time: 2249.4999999990496	 sent Time 60.00000000000058
received Time: 5256.2000000015905	 sent Time 60.00000000000058
received Time: 6089.600000004622	 sent Time 60.00000000000058
received Time: 2203.099999999092	 sent Time 60.00000000000058
received Time: 93.89999999999894	 sent Time 60.00000000000058
received Time: 2249.3999999990497	 sent Time 60.00000000000058
received Time: 3278.6999999981135	 sent Time 60.00000000000058
received Time: 3601.8999999978196	 sent Time 60.00000000000058
received Time: 4860.30000000015	 sent Time 60.00000000000058
received Time: 3437.799999997969	 sent Time 60.00000000000058
received Time: 710.700000000093	 sent Time 60.00000000000058
received Time: 835.5000000001214	 sent Time 60.00000000000058
received Time: 4146.599999997554	 sent Time 60.00000000000058
received Time: 714.3000000000939	 sent Time 60.00000000000058
received Time: 5256.300000001591	 sent Time 60.00000000000058
received Time: 3601.7999999978197	 sent Time 60.00000000000058
received Time: 214.79999999999208	 sent Time 60.00000000000058
received Time: 2010.5999999992669	 sent Time 60.00000000000058
received Time: 408.2000000000243	 sent Time 60.00000000000058
received Time: 3278.5999999981136	 sent Time 60.00000000000058
received Time: 716.5000000000944	 sent Time 60.00000000000058
received Time: 1084.8000000001089	 sent Time 60.00000000000058
received Time: 882.9000000001322	 sent Time 60.00000000000058
received Time: 214.3999999999921	 sent Time 60.00000000000058
received Time: 717.3000000000945	 sent Time 60.00000000000058
received Time: 2792.9999999985553	 sent Time 60.00000000000058
received Time: 714.2000000000938	 sent Time 60.00000000000058
received Time: 2455.9999999988618	 sent Time 60.00000000000058
received Time: 2249.19999999905	 sent Time 60.00000000000058
received Time: 868.600000000129	 sent Time 60.00000000000058
received Time: 2456.0999999988617	 sent Time 2282.3999999990197
received Time: 4860.20000000015	 sent Time 2282.3999999990197
received Time: 6658.9000000066935	 sent Time 2282.3999999990197
received Time: 3166.6999999982154	 sent Time 2282.3999999990197
received Time: 2456.1999999988616	 sent Time 2282.3999999990197
received Time: 6088.8000000046195	 sent Time 2282.3999999990197
received Time: 7702.800000010491	 sent Time 2282.3999999990197
received Time: 3495.5999999979163	 sent Time 2282.3999999990197
received Time: 6089.400000004622	 sent Time 2282.3999999990197
received Time: 6089.500000004622	 sent Time 2282.3999999990197
received Time: 2880.199999998476	 sent Time 2282.3999999990197
received Time: 3602.0999999978194	 sent Time 2282.3999999990197
received Time: 5513.900000002528	 sent Time 2282.3999999990197
received Time: 3437.699999997969	 sent Time 2282.3999999990197
received Time: 2879.999999998476	 sent Time 2282.3999999990197
received Time: 8134.00000001206	 sent Time 2282.3999999990197
received Time: 5513.500000002527	 sent Time 2282.3999999990197
received Time: 3437.599999997969	 sent Time 2282.3999999990197
received Time: 7703.000000010492	 sent Time 2282.3999999990197
received Time: 6089.00000000462	 sent Time 2282.3999999990197
received Time: 2282.6999999990194	 sent Time 2282.3999999990197
received Time: 2880.299999998476	 sent Time 2282.3999999990197
received Time: 5256.700000001592	 sent Time 2282.3999999990197
received Time: 5513.700000002527	 sent Time 2282.3999999990197
received Time: 4842.300000000085	 sent Time 2282.3999999990197
received Time: 8707.600000014147	 sent Time 2282.3999999990197
received Time: 5256.10000000159	 sent Time 2282.3999999990197
received Time: 4860.1000000001495	 sent Time 2282.3999999990197
received Time: 6410.4000000057895	 sent Time 2282.3999999990197
received Time: 2880.099999998476	 sent Time 2282.3999999990197
received Time: 4860.400000000151	 sent Time 2282.3999999990197
received Time: 2468.3999999988505	 sent Time 2282.3999999990197
received Time: 2282.899999999019	 sent Time 2282.3999999990197
received Time: 6089.300000004621	 sent Time 2282.3999999990197
received Time: 8708.200000014149	 sent Time 3604.599999997817
received Time: 6410.200000005789	 sent Time 3604.599999997817
received Time: 7703.100000010492	 sent Time 3604.599999997817
received Time: 7703.600000010494	 sent Time 3604.599999997817
received Time: 6410.100000005788	 sent Time 3604.599999997817
received Time: 6089.100000004621	 sent Time 3604.599999997817
received Time: 6088.90000000462	 sent Time 3604.599999997817
received Time: 3622.499999997801	 sent Time 3604.599999997817
received Time: 7702.900000010492	 sent Time 3604.599999997817
received Time: 6153.000000004853	 sent Time 3604.599999997817
received Time: 6410.700000005791	 sent Time 3604.599999997817
received Time: 3604.9999999978168	 sent Time 3604.599999997817
received Time: 7703.500000010494	 sent Time 3604.599999997817
received Time: 3604.899999997817	 sent Time 3604.599999997817
received Time: 6659.000000006694	 sent Time 3604.599999997817
received Time: 8707.500000014146	 sent Time 3604.599999997817
received Time: 3793.2999999976455	 sent Time 3604.599999997817
received Time: 4021.6999999974378	 sent Time 3604.599999997817
received Time: 11947.500000025933	 sent Time 3604.599999997817
received Time: 6410.60000000579	 sent Time 3604.599999997817
received Time: 11132.500000022968	 sent Time 3604.599999997817
received Time: 6410.300000005789	 sent Time 3604.599999997817
received Time: 5256.400000001591	 sent Time 3604.599999997817
received Time: 8708.30000001415	 sent Time 3604.599999997817
received Time: 10101.900000019219	 sent Time 3604.599999997817
received Time: 10638.10000002117	 sent Time 3604.599999997817
received Time: 6636.500000006612	 sent Time 3604.599999997817
received Time: 4860.600000000151	 sent Time 3604.599999997817
received Time: 6636.400000006612	 sent Time 3604.599999997817
received Time: 6636.300000006611	 sent Time 3604.599999997817
received Time: 11128.500000022954	 sent Time 3604.599999997817
received Time: 5514.000000002528	 sent Time 3604.599999997817
received Time: 5513.800000002528	 sent Time 3604.599999997817
received Time: 10102.30000001922	 sent Time 3604.599999997817
received Time: 8708.100000014148	 sent Time 6125.400000004753
received Time: 7703.200000010493	 sent Time 6125.400000004753
received Time: 10101.800000019219	 sent Time 6125.400000004753
received Time: 8133.9000000120595	 sent Time 6125.400000004753
received Time: 6125.600000004753	 sent Time 6125.400000004753
received Time: 11129.100000022956	 sent Time 6125.400000004753
received Time: 8707.900000014148	 sent Time 6125.400000004753
received Time: 10179.900000019503	 sent Time 6125.400000004753
received Time: 11947.900000025935	 sent Time 6125.400000004753
received Time: 11132.400000022968	 sent Time 6125.400000004753
received Time: 8707.800000014147	 sent Time 6125.400000004753
received Time: 7703.300000010493	 sent Time 6125.400000004753
received Time: 12420.800000027655	 sent Time 6125.400000004753
received Time: 10180.000000019503	 sent Time 6125.400000004753
received Time: 6636.200000006611	 sent Time 6125.400000004753
received Time: 11128.700000022955	 sent Time 6125.400000004753
received Time: 10101.700000019218	 sent Time 6125.400000004753
received Time: 12279.500000027141	 sent Time 6125.400000004753
received Time: 12279.800000027142	 sent Time 6125.400000004753
received Time: 6411.000000005792	 sent Time 6125.400000004753
received Time: 10101.600000019218	 sent Time 6125.400000004753
received Time: 10102.20000001922	 sent Time 6125.400000004753
received Time: 11129.000000022956	 sent Time 6125.400000004753
received Time: 6658.700000006693	 sent Time 6125.400000004753
received Time: 6434.500000005877	 sent Time 6125.400000004753
received Time: 6422.900000005835	 sent Time 6125.400000004753
received Time: 11131.700000022965	 sent Time 6125.400000004753
received Time: 10354.300000020137	 sent Time 6125.400000004753
received Time: 10250.300000019759	 sent Time 6125.400000004753
received Time: 6658.500000006692	 sent Time 6125.400000004753
received Time: 12280.000000027143	 sent Time 6125.400000004753
received Time: 11947.600000025934	 sent Time 8765.400000014357
received Time: 11947.800000025934	 sent Time 8765.400000014357
received Time: 11132.100000022967	 sent Time 8765.400000014357
received Time: 13325.600000030947	 sent Time 8765.400000014357
received Time: 12279.600000027142	 sent Time 8765.400000014357
received Time: 12676.000000028584	 sent Time 8765.400000014357
received Time: 10584.300000020974	 sent Time 8765.400000014357
received Time: 13979.300000033325	 sent Time 8765.400000014357
received Time: 11948.000000025935	 sent Time 8765.400000014357
received Time: 12788.400000028993	 sent Time 8765.400000014357
received Time: 13325.500000030946	 sent Time 8765.400000014357
received Time: 12279.700000027142	 sent Time 8765.400000014357
received Time: 8908.300000014877	 sent Time 8765.400000014357
received Time: 10250.100000019758	 sent Time 8765.400000014357
received Time: 13325.400000030946	 sent Time 8765.400000014357
received Time: 12279.40000002714	 sent Time 8765.400000014357
received Time: 11947.700000025934	 sent Time 8765.400000014357
received Time: 11129.200000022956	 sent Time 8765.400000014357
received Time: 13326.200000030949	 sent Time 8765.400000014357
received Time: 12788.300000028992	 sent Time 8765.400000014357
received Time: 11131.600000022965	 sent Time 8765.400000014357
received Time: 10166.200000019453	 sent Time 8765.400000014357
received Time: 10102.10000001922	 sent Time 8765.400000014357
received Time: 10655.500000021233	 sent Time 8765.400000014357
received Time: 11131.900000022966	 sent Time 8765.400000014357
received Time: 10250.200000019759	 sent Time 8765.400000014357
received Time: 10153.000000019405	 sent Time 8765.400000014357
received Time: 11920.600000025835	 sent Time 11165.400000023088
received Time: 11180.000000023141	 sent Time 11165.400000023088
received Time: 12441.40000002773	 sent Time 11165.400000023088
received Time: 14100.000000033764	 sent Time 11165.400000023088
received Time: 12006.600000026148	 sent Time 11165.400000023088
received Time: 12916.90000002946	 sent Time 11165.400000023088
received Time: 12006.500000026148	 sent Time 11165.400000023088
received Time: 11727.700000025134	 sent Time 11165.400000023088
received Time: 11165.70000002309	 sent Time 11165.400000023088
received Time: 13326.30000003095	 sent Time 11165.400000023088
received Time: 13325.900000030948	 sent Time 11165.400000023088
received Time: 11186.800000023166	 sent Time 11165.400000023088
received Time: 12441.30000002773	 sent Time 11165.400000023088
received Time: 11165.90000002309	 sent Time 11165.400000023088
received Time: 11179.80000002314	 sent Time 11165.400000023088
received Time: 13326.50000003095	 sent Time 12665.400000028545
received Time: 13325.800000030948	 sent Time 12665.400000028545
received Time: 12683.40000002861	 sent Time 12665.400000028545
received Time: 12665.800000028546	 sent Time 12665.400000028545
received Time: 12687.000000028624	 sent Time 12665.400000028545
received Time: 12665.700000028546	 sent Time 12665.400000028545
received Time: 13326.100000030949	 sent Time 12665.400000028545
received Time: 13330.000000030963	 sent Time 12665.400000028545
received Time: 13326.000000030948	 sent Time 12665.400000028545
received Time: 13326.40000003095	 sent Time 12665.400000028545
received Time: 12676.100000028584	 sent Time 12665.400000028545
received Time: 12931.000000029511	 sent Time 12665.400000028545
received Time: 13341.800000031006	 sent Time 12665.400000028545
avgAoI: 2589.847872346787 | overhead: 1.946808510638298 | validDeliveries: 188
140.6 14400: 60.64 1/s
Simulation done in 140.53s
---
All done in 140.86s
