Run 1/1
Running simulation 'FL_B_CCN_NoCache_100_RWP'
60.0 1933: 32.21 1/s
120.0 2552: 10.33 1/s
180.0 3046: 8.23 1/s
240.0 3441: 6.58 1/s
300.1 3728: 4.79 1/s
360.1 3995: 4.44 1/s
420.1 4261: 4.43 1/s
480.1 4530: 4.48 1/s
540.1 4760: 3.84 1/s
600.1 4946: 3.10 1/s
660.1 5165: 3.64 1/s
720.2 5391: 3.76 1/s
780.2 5571: 3.01 1/s
840.2 5765: 3.23 1/s
900.2 5953: 3.13 1/s
960.2 6154: 3.35 1/s
1020.2 6337: 3.04 1/s
1080.3 6492: 2.59 1/s
1140.3 6659: 2.77 1/s
1200.3 6847: 3.14 1/s
1260.3 7030: 3.06 1/s
1320.3 7221: 3.18 1/s
1380.4 7414: 3.22 1/s
1440.4 7598: 3.06 1/s
1500.4 7759: 2.68 1/s
1560.5 7910: 2.51 1/s
1620.5 8074: 2.74 1/s
1680.5 8241: 2.78 1/s
1740.5 8403: 2.71 1/s
1800.5 8552: 2.48 1/s
1860.5 8708: 2.60 1/s
1920.6 8870: 2.70 1/s
1980.6 9041: 2.85 1/s
2040.6 9214: 2.89 1/s
2100.6 9335: 2.01 1/s
2160.7 9476: 2.35 1/s
2220.7 9610: 2.23 1/s
2280.7 9746: 2.27 1/s
2340.7 9889: 2.38 1/s
2400.7 10026: 2.28 1/s
2460.7 10159: 2.21 1/s
2520.8 10304: 2.42 1/s
2580.8 10455: 2.52 1/s
2640.8 10638: 3.05 1/s
2700.8 10789: 2.52 1/s
2760.8 10915: 2.09 1/s
2820.9 11042: 2.12 1/s
2880.9 11161: 1.99 1/s
2940.9 11276: 1.91 1/s
3000.9 11392: 1.93 1/s
3061.0 11536: 2.40 1/s
3121.0 11692: 2.60 1/s
3181.0 11840: 2.46 1/s
3241.0 12001: 2.69 1/s
3301.1 12152: 2.51 1/s
3361.1 12313: 2.69 1/s
3421.1 12479: 2.77 1/s
3481.2 12642: 2.72 1/s
3541.2 12797: 2.57 1/s
3601.2 12940: 2.38 1/s
3661.3 13077: 2.29 1/s
3721.3 13216: 2.32 1/s
3781.3 13366: 2.49 1/s
3841.3 13513: 2.45 1/s
3901.4 13662: 2.48 1/s
3961.4 13801: 2.32 1/s
4021.4 13948: 2.45 1/s
4081.4 14084: 2.26 1/s
4141.5 14215: 2.18 1/s
4201.5 14351: 2.27 1/s
Unique content gateway: 643 :: total unique content cache: 1
received Time: 626.1000000000738	 sent Time 60.00000000000058
received Time: 816.300000000117	 sent Time 60.00000000000058
received Time: 1204.9999999999995	 sent Time 60.00000000000058
received Time: 80.4999999999997	 sent Time 60.00000000000058
received Time: 80.19999999999972	 sent Time 60.00000000000058
received Time: 626.800000000074	 sent Time 60.00000000000058
received Time: 816.4000000001171	 sent Time 60.00000000000058
received Time: 636.6000000000762	 sent Time 60.00000000000058
received Time: 2888.3999999984685	 sent Time 60.00000000000058
received Time: 1294.0999999999185	 sent Time 60.00000000000058
received Time: 433.00000000002996	 sent Time 60.00000000000058
received Time: 765.3000000001055	 sent Time 60.00000000000058
received Time: 636.8000000000762	 sent Time 60.00000000000058
received Time: 738.1000000000993	 sent Time 60.00000000000058
received Time: 88.69999999999924	 sent Time 60.00000000000058
received Time: 1205.2999999999993	 sent Time 60.00000000000058
received Time: 1047.8000000001425	 sent Time 60.00000000000058
received Time: 1294.1999999999184	 sent Time 60.00000000000058
received Time: 751.5000000001023	 sent Time 60.00000000000058
received Time: 682.2000000000866	 sent Time 60.00000000000058
received Time: 427.20000000002864	 sent Time 60.00000000000058
received Time: 115.7999999999977	 sent Time 60.00000000000058
received Time: 1373.9999999998458	 sent Time 60.00000000000058
received Time: 738.2000000000993	 sent Time 60.00000000000058
received Time: 60.200000000000585	 sent Time 60.00000000000058
received Time: 2200.599999999094	 sent Time 60.00000000000058
received Time: 1803.4999999994552	 sent Time 60.00000000000058
received Time: 1373.2999999998465	 sent Time 60.00000000000058
received Time: 2388.2999999989233	 sent Time 60.00000000000058
received Time: 2556.2999999987705	 sent Time 60.00000000000058
received Time: 80.09999999999972	 sent Time 60.00000000000058
received Time: 682.0000000000865	 sent Time 60.00000000000058
received Time: 88.99999999999922	 sent Time 60.00000000000058
received Time: 738.0000000000992	 sent Time 60.00000000000058
received Time: 1294.599999999918	 sent Time 60.00000000000058
received Time: 830.2000000001202	 sent Time 60.00000000000058
received Time: 1204.8999999999996	 sent Time 60.00000000000058
received Time: 101.6999999999985	 sent Time 60.00000000000058
received Time: 636.9000000000763	 sent Time 60.00000000000058
received Time: 1374.3999999998455	 sent Time 60.00000000000058
received Time: 682.1000000000865	 sent Time 60.00000000000058
received Time: 1374.1999999998457	 sent Time 60.00000000000058
received Time: 2248.79999999905	 sent Time 60.00000000000058
received Time: 1373.5999999998462	 sent Time 60.00000000000058
received Time: 751.4000000001023	 sent Time 60.00000000000058
received Time: 74.40000000000005	 sent Time 60.00000000000058
received Time: 1205.0999999999995	 sent Time 60.00000000000058
received Time: 1048.1000000001422	 sent Time 60.00000000000058
received Time: 80.29999999999971	 sent Time 60.00000000000058
received Time: 1047.7000000001426	 sent Time 60.00000000000058
received Time: 1897.6999999993695	 sent Time 60.00000000000058
received Time: 681.9000000000865	 sent Time 60.00000000000058
received Time: 626.900000000074	 sent Time 60.00000000000058
received Time: 1373.3999999998464	 sent Time 60.00000000000058
received Time: 1294.4999999999181	 sent Time 60.00000000000058
received Time: 816.5000000001171	 sent Time 60.00000000000058
received Time: 682.3000000000866	 sent Time 60.00000000000058
received Time: 737.8000000000992	 sent Time 60.00000000000058
received Time: 76.49999999999993	 sent Time 60.00000000000058
received Time: 636.7000000000762	 sent Time 60.00000000000058
received Time: 636.5000000000762	 sent Time 60.00000000000058
received Time: 751.6000000001023	 sent Time 60.00000000000058
received Time: 1373.699999999846	 sent Time 60.00000000000058
received Time: 2672.199999998665	 sent Time 60.00000000000058
received Time: 74.50000000000004	 sent Time 60.00000000000058
received Time: 1373.4999999998463	 sent Time 60.00000000000058
received Time: 94.6999999999989	 sent Time 60.00000000000058
received Time: 737.9000000000992	 sent Time 60.00000000000058
received Time: 2200.1999999990944	 sent Time 780.3000000001089
received Time: 1843.4999999994188	 sent Time 780.3000000001089
received Time: 1294.2999999999183	 sent Time 780.3000000001089
received Time: 3149.299999998231	 sent Time 780.3000000001089
received Time: 1373.799999999846	 sent Time 780.3000000001089
received Time: 781.2000000001091	 sent Time 780.3000000001089
received Time: 794.8000000001122	 sent Time 780.3000000001089
received Time: 1886.5999999993796	 sent Time 780.3000000001089
received Time: 2888.2999999984686	 sent Time 780.3000000001089
received Time: 1293.9999999999186	 sent Time 780.3000000001089
received Time: 798.400000000113	 sent Time 780.3000000001089
received Time: 2423.899999998891	 sent Time 780.3000000001089
received Time: 880.6000000001317	 sent Time 780.3000000001089
received Time: 2671.4999999986658	 sent Time 780.3000000001089
received Time: 907.2000000001377	 sent Time 780.3000000001089
received Time: 1472.1999999997565	 sent Time 780.3000000001089
received Time: 2671.7999999986655	 sent Time 780.3000000001089
received Time: 1472.2999999997564	 sent Time 780.3000000001089
received Time: 1205.1999999999994	 sent Time 780.3000000001089
received Time: 3148.7999999982317	 sent Time 780.3000000001089
received Time: 2200.499999999094	 sent Time 780.3000000001089
received Time: 2423.799999998891	 sent Time 780.3000000001089
received Time: 1886.9999999993793	 sent Time 780.3000000001089
received Time: 1047.6000000001427	 sent Time 780.3000000001089
received Time: 2671.6999999986656	 sent Time 780.3000000001089
received Time: 1803.3999999994553	 sent Time 780.3000000001089
received Time: 2248.89999999905	 sent Time 780.3000000001089
received Time: 2387.9999999989236	 sent Time 780.3000000001089
received Time: 2888.099999998469	 sent Time 780.3000000001089
received Time: 1790.0999999994674	 sent Time 780.3000000001089
received Time: 2887.799999998469	 sent Time 780.3000000001089
received Time: 781.100000000109	 sent Time 780.3000000001089
received Time: 1789.8999999994676	 sent Time 780.3000000001089
received Time: 787.6000000001105	 sent Time 780.3000000001089
received Time: 969.5000000001519	 sent Time 780.3000000001089
received Time: 1841.9999999994202	 sent Time 780.3000000001089
received Time: 1294.699999999918	 sent Time 780.3000000001089
received Time: 1897.19999999937	 sent Time 780.3000000001089
received Time: 1047.9000000001424	 sent Time 780.3000000001089
received Time: 2249.09999999905	 sent Time 780.3000000001089
received Time: 1374.2999999998456	 sent Time 780.3000000001089
received Time: 2248.6999999990503	 sent Time 780.3000000001089
received Time: 1373.899999999846	 sent Time 780.3000000001089
received Time: 1023.3000000001641	 sent Time 780.3000000001089
received Time: 1789.6999999994678	 sent Time 780.3000000001089
received Time: 1267.8999999999423	 sent Time 780.3000000001089
received Time: 2387.799999998924	 sent Time 780.3000000001089
received Time: 1048.0000000001423	 sent Time 780.3000000001089
received Time: 1897.3999999993698	 sent Time 780.3000000001089
received Time: 780.700000000109	 sent Time 780.3000000001089
received Time: 1803.799999999455	 sent Time 780.3000000001089
received Time: 1897.4999999993697	 sent Time 780.3000000001089
received Time: 1897.29999999937	 sent Time 780.3000000001089
received Time: 799.8000000001133	 sent Time 780.3000000001089
received Time: 1023.4000000001641	 sent Time 780.3000000001089
received Time: 1803.699999999455	 sent Time 780.3000000001089
received Time: 780.900000000109	 sent Time 780.3000000001089
received Time: 825.8000000001192	 sent Time 780.3000000001089
received Time: 1087.2000000001067	 sent Time 780.3000000001089
received Time: 1047.5000000001428	 sent Time 780.3000000001089
received Time: 1374.0999999998457	 sent Time 780.3000000001089
received Time: 1886.4999999993797	 sent Time 780.3000000001089
received Time: 825.9000000001192	 sent Time 780.3000000001089
received Time: 1374.4999999998454	 sent Time 780.3000000001089
received Time: 1843.399999999419	 sent Time 1320.7999999998942
received Time: 1841.7999999994204	 sent Time 1320.7999999998942
received Time: 1330.4999999998854	 sent Time 1320.7999999998942
received Time: 1897.8999999993694	 sent Time 1320.7999999998942
received Time: 1344.2999999998729	 sent Time 1320.7999999998942
received Time: 4346.19999999828	 sent Time 1320.7999999998942
received Time: 1886.8999999993794	 sent Time 1320.7999999998942
received Time: 2803.8999999985454	 sent Time 1320.7999999998942
received Time: 1321.5999999998935	 sent Time 1320.7999999998942
received Time: 1842.09999999942	 sent Time 1320.7999999998942
received Time: 2387.399999998924	 sent Time 1320.7999999998942
received Time: 1321.1999999998939	 sent Time 1320.7999999998942
received Time: 2671.8999999986654	 sent Time 1320.7999999998942
received Time: 1344.099999999873	 sent Time 1320.7999999998942
received Time: 1438.9999999997867	 sent Time 1320.7999999998942
received Time: 1335.299999999881	 sent Time 1320.7999999998942
received Time: 1843.5999999994187	 sent Time 1320.7999999998942
received Time: 3367.399999998033	 sent Time 1320.7999999998942
received Time: 1472.3999999997563	 sent Time 1320.7999999998942
received Time: 3704.1999999977265	 sent Time 1320.7999999998942
received Time: 2699.2999999986405	 sent Time 1320.7999999998942
received Time: 1354.8999999998632	 sent Time 1320.7999999998942
received Time: 1803.9999999994548	 sent Time 1320.7999999998942
received Time: 4158.399999997597	 sent Time 1320.7999999998942
received Time: 2388.1999999989234	 sent Time 1320.7999999998942
received Time: 2803.299999998546	 sent Time 1320.7999999998942
received Time: 1370.599999999849	 sent Time 1320.7999999998942
received Time: 2387.2999999989242	 sent Time 1320.7999999998942
received Time: 3300.099999998094	 sent Time 1320.7999999998942
received Time: 1803.5999999994551	 sent Time 1320.7999999998942
received Time: 1789.7999999994677	 sent Time 1320.7999999998942
received Time: 1344.7999999998724	 sent Time 1320.7999999998942
received Time: 1790.1999999994673	 sent Time 1320.7999999998942
received Time: 1841.8999999994203	 sent Time 1320.7999999998942
received Time: 1789.9999999994675	 sent Time 1320.7999999998942
received Time: 1897.7999999993694	 sent Time 1320.7999999998942
received Time: 3149.0999999982314	 sent Time 1320.7999999998942
received Time: 1841.6999999994205	 sent Time 1320.7999999998942
received Time: 1919.29999999935	 sent Time 1320.7999999998942
received Time: 1841.2999999994208	 sent Time 1320.7999999998942
received Time: 1374.6999999998452	 sent Time 1320.7999999998942
received Time: 1328.8999999998869	 sent Time 1320.7999999998942
received Time: 1380.49999999984	 sent Time 1320.7999999998942
received Time: 1338.699999999878	 sent Time 1320.7999999998942
received Time: 2387.499999998924	 sent Time 1320.7999999998942
received Time: 2671.9999999986653	 sent Time 1320.7999999998942
received Time: 2888.1999999984687	 sent Time 1320.7999999998942
received Time: 1843.6999999994187	 sent Time 1320.7999999998942
received Time: 1841.4999999994207	 sent Time 1320.7999999998942
received Time: 2887.899999998469	 sent Time 1320.7999999998942
received Time: 1670.9999999995757	 sent Time 1320.7999999998942
received Time: 3324.6999999980717	 sent Time 1320.7999999998942
received Time: 1886.7999999993795	 sent Time 1320.7999999998942
received Time: 1328.9999999998868	 sent Time 1320.7999999998942
received Time: 1843.299999999419	 sent Time 1320.7999999998942
received Time: 1886.6999999993795	 sent Time 1320.7999999998942
received Time: 1321.3999999998937	 sent Time 1320.7999999998942
received Time: 2556.3999999987705	 sent Time 1320.7999999998942
received Time: 1803.8999999994548	 sent Time 1320.7999999998942
received Time: 1804.0999999994547	 sent Time 1320.7999999998942
received Time: 2200.3999999990942	 sent Time 1320.7999999998942
received Time: 2556.4999999987704	 sent Time 1320.7999999998942
received Time: 1468.49999999976	 sent Time 1320.7999999998942
received Time: 4345.899999998279	 sent Time 1320.7999999998942
received Time: 1919.3999999993498	 sent Time 1320.7999999998942
received Time: 2386.8999999989246	 sent Time 1801.599999999457
received Time: 1841.3999999994207	 sent Time 1801.599999999457
received Time: 3150.1999999982304	 sent Time 1801.599999999457
received Time: 2804.199999998545	 sent Time 1801.599999999457
received Time: 4200.49999999775	 sent Time 1801.599999999457
received Time: 1899.7999999993676	 sent Time 1801.599999999457
received Time: 2671.5999999986657	 sent Time 1801.599999999457
received Time: 4201.499999997754	 sent Time 1801.599999999457
received Time: 3300.299999998094	 sent Time 1801.599999999457
received Time: 1815.5999999994442	 sent Time 1801.599999999457
received Time: 2986.899999998379	 sent Time 1801.599999999457
received Time: 2387.699999998924	 sent Time 1801.599999999457
received Time: 2803.199999998546	 sent Time 1801.599999999457
received Time: 2637.8999999986963	 sent Time 1801.599999999457
received Time: 2821.699999998529	 sent Time 1801.599999999457
received Time: 2200.2999999990943	 sent Time 1801.599999999457
received Time: 1901.2999999993663	 sent Time 1801.599999999457
received Time: 3150.2999999982303	 sent Time 1801.599999999457
received Time: 1919.4999999993497	 sent Time 1801.599999999457
received Time: 2804.5999999985447	 sent Time 1801.599999999457
received Time: 1950.3999999993216	 sent Time 1801.599999999457
received Time: 3703.899999997727	 sent Time 1801.599999999457
received Time: 4200.59999999775	 sent Time 1801.599999999457
received Time: 1949.2999999993226	 sent Time 1801.599999999457
received Time: 2388.0999999989235	 sent Time 1801.599999999457
received Time: 4357.699999998322	 sent Time 1801.599999999457
received Time: 2388.3999999989232	 sent Time 1801.599999999457
received Time: 2804.499999998545	 sent Time 1801.599999999457
received Time: 1919.09999999935	 sent Time 1801.599999999457
received Time: 2987.0999999983787	 sent Time 1801.599999999457
received Time: 3300.199999998094	 sent Time 1801.599999999457
received Time: 4200.799999997751	 sent Time 1801.599999999457
received Time: 1801.7999999994568	 sent Time 1801.599999999457
received Time: 4199.999999997748	 sent Time 1801.599999999457
received Time: 2137.3999999991515	 sent Time 1801.599999999457
received Time: 2248.99999999905	 sent Time 1801.599999999457
received Time: 2137.2999999991516	 sent Time 1801.599999999457
received Time: 1897.5999999993696	 sent Time 1801.599999999457
received Time: 1841.5999999994206	 sent Time 1801.599999999457
received Time: 1826.2999999994345	 sent Time 1801.599999999457
received Time: 1919.19999999935	 sent Time 1801.599999999457
received Time: 1892.699999999374	 sent Time 1801.599999999457
received Time: 1860.6999999994032	 sent Time 1801.599999999457
received Time: 2803.7999999985454	 sent Time 1801.599999999457
received Time: 2557.3999999987695	 sent Time 1801.599999999457
received Time: 2386.9999999989245	 sent Time 1801.599999999457
received Time: 3361.799999998038	 sent Time 1801.599999999457
received Time: 2803.4999999985457	 sent Time 1801.599999999457
received Time: 1871.4999999993934	 sent Time 1801.599999999457
received Time: 3782.899999997655	 sent Time 1801.599999999457
received Time: 2887.999999998469	 sent Time 1801.599999999457
received Time: 2804.7999999985445	 sent Time 1801.599999999457
received Time: 3324.499999998072	 sent Time 1801.599999999457
received Time: 1881.3999999993844	 sent Time 1801.599999999457
received Time: 1860.999999999403	 sent Time 1801.599999999457
received Time: 2780.999999998566	 sent Time 1801.599999999457
received Time: 3148.9999999982315	 sent Time 1801.599999999457
received Time: 1881.799999999384	 sent Time 1801.599999999457
received Time: 3300.4999999980937	 sent Time 1801.599999999457
received Time: 1830.7999999994304	 sent Time 1801.599999999457
received Time: 4158.499999997597	 sent Time 1801.599999999457
received Time: 2804.299999998545	 sent Time 1801.599999999457
received Time: 2557.4999999987695	 sent Time 1801.599999999457
received Time: 4159.599999997601	 sent Time 1801.599999999457
received Time: 3150.0999999982305	 sent Time 1801.599999999457
received Time: 2781.099999998566	 sent Time 1801.599999999457
received Time: 2243.8999999990547	 sent Time 2222.2999999990743
received Time: 2675.599999998662	 sent Time 2222.2999999990743
received Time: 4158.899999997599	 sent Time 2222.2999999990743
received Time: 2387.8999999989237	 sent Time 2222.2999999990743
received Time: 2570.4999999987576	 sent Time 2222.2999999990743
received Time: 2297.7999999990056	 sent Time 2222.2999999990743
received Time: 4159.2999999976	 sent Time 2222.2999999990743
received Time: 3659.1999999977675	 sent Time 2222.2999999990743
received Time: 2987.1999999983786	 sent Time 2222.2999999990743
received Time: 3602.399999997819	 sent Time 2222.2999999990743
received Time: 2804.6999999985446	 sent Time 2222.2999999990743
received Time: 2672.099999998665	 sent Time 2222.2999999990743
received Time: 2578.99999999875	 sent Time 2222.2999999990743
received Time: 2563.7999999987637	 sent Time 2222.2999999990743
received Time: 2250.199999999049	 sent Time 2222.2999999990743
received Time: 2804.399999998545	 sent Time 2222.2999999990743
received Time: 2222.699999999074	 sent Time 2222.2999999990743
received Time: 4464.699999998711	 sent Time 2222.2999999990743
received Time: 2570.8999999987573	 sent Time 2222.2999999990743
received Time: 3539.3999999978764	 sent Time 2222.2999999990743
received Time: 3539.5999999978762	 sent Time 2222.2999999990743
received Time: 3150.39999999823	 sent Time 2222.2999999990743
received Time: 4357.19999999832	 sent Time 2222.2999999990743
received Time: 2387.599999998924	 sent Time 2222.2999999990743
received Time: 2803.399999998546	 sent Time 2222.2999999990743
received Time: 3539.4999999978763	 sent Time 2222.2999999990743
received Time: 3539.2999999978765	 sent Time 2222.2999999990743
received Time: 3299.999999998094	 sent Time 2222.2999999990743
received Time: 5650.1000000030235	 sent Time 2222.2999999990743
received Time: 2237.5999999990604	 sent Time 2222.2999999990743
received Time: 4357.09999999832	 sent Time 2222.2999999990743
received Time: 2222.599999999074	 sent Time 2222.2999999990743
received Time: 2357.2999999989515	 sent Time 2222.2999999990743
received Time: 3783.3999999976545	 sent Time 2222.2999999990743
received Time: 2675.2999999986623	 sent Time 2222.2999999990743
received Time: 2237.6999999990603	 sent Time 2222.2999999990743
received Time: 3703.9999999977267	 sent Time 2222.2999999990743
received Time: 2236.699999999061	 sent Time 2222.2999999990743
received Time: 2804.099999998545	 sent Time 2222.2999999990743
received Time: 2236.999999999061	 sent Time 2222.2999999990743
received Time: 3947.0999999975056	 sent Time 2222.2999999990743
received Time: 2559.3999999987677	 sent Time 2222.2999999990743
received Time: 2387.0999999989244	 sent Time 2222.2999999990743
received Time: 3361.499999998038	 sent Time 2222.2999999990743
received Time: 5015.600000000715	 sent Time 2222.2999999990743
received Time: 2780.8999999985663	 sent Time 2222.2999999990743
received Time: 3783.099999997655	 sent Time 2222.2999999990743
received Time: 2675.399999998662	 sent Time 2222.2999999990743
received Time: 2803.6999999985455	 sent Time 2222.2999999990743
received Time: 3704.899999997726	 sent Time 2222.2999999990743
received Time: 2387.1999999989243	 sent Time 2222.2999999990743
received Time: 2986.799999998379	 sent Time 2222.2999999990743
received Time: 4200.899999997751	 sent Time 2222.2999999990743
received Time: 2607.299999998724	 sent Time 2222.2999999990743
received Time: 2699.1999999986406	 sent Time 2222.2999999990743
received Time: 4199.899999997748	 sent Time 2222.2999999990743
received Time: 3323.9999999980723	 sent Time 2222.2999999990743
received Time: 2559.299999998768	 sent Time 2222.2999999990743
received Time: 4159.099999997599	 sent Time 2222.2999999990743
received Time: 4357.599999998321	 sent Time 2222.2999999990743
received Time: 2803.9999999985453	 sent Time 2222.2999999990743
received Time: 3602.599999997819	 sent Time 2642.9999999986917
received Time: 2662.1999999986742	 sent Time 2642.9999999986917
received Time: 4158.999999997599	 sent Time 2642.9999999986917
received Time: 2715.9999999986253	 sent Time 2642.9999999986917
received Time: 2664.9999999986717	 sent Time 2642.9999999986917
received Time: 5400.300000002115	 sent Time 2642.9999999986917
received Time: 3782.699999997655	 sent Time 2642.9999999986917
received Time: 4201.299999997753	 sent Time 2642.9999999986917
received Time: 3782.999999997655	 sent Time 2642.9999999986917
received Time: 2734.899999998608	 sent Time 2642.9999999986917
received Time: 4795.4999999999145	 sent Time 2642.9999999986917
received Time: 5650.200000003024	 sent Time 2642.9999999986917
received Time: 2650.9999999986844	 sent Time 2642.9999999986917
received Time: 3148.8999999982316	 sent Time 2642.9999999986917
received Time: 4158.299999997596	 sent Time 2642.9999999986917
received Time: 3425.29999999798	 sent Time 2642.9999999986917
received Time: 4159.6999999976015	 sent Time 2642.9999999986917
received Time: 3658.699999997768	 sent Time 2642.9999999986917
received Time: 3704.999999997726	 sent Time 2642.9999999986917
received Time: 3602.499999997819	 sent Time 2642.9999999986917
received Time: 2643.2999999986914	 sent Time 2642.9999999986917
received Time: 2653.1999999986824	 sent Time 2642.9999999986917
received Time: 3361.3999999980383	 sent Time 2642.9999999986917
received Time: 2986.999999998379	 sent Time 2642.9999999986917
received Time: 2675.499999998662	 sent Time 2642.9999999986917
received Time: 3425.39999999798	 sent Time 2642.9999999986917
received Time: 3324.299999998072	 sent Time 2642.9999999986917
received Time: 4014.0999999974447	 sent Time 2642.9999999986917
received Time: 3324.0999999980722	 sent Time 2642.9999999986917
received Time: 4356.899999998319	 sent Time 2642.9999999986917
received Time: 2662.0999999986743	 sent Time 2642.9999999986917
received Time: 2781.199999998566	 sent Time 2642.9999999986917
received Time: 3783.2999999976546	 sent Time 2642.9999999986917
received Time: 2661.9999999986744	 sent Time 2642.9999999986917
received Time: 3149.1999999982313	 sent Time 2642.9999999986917
received Time: 2643.699999998691	 sent Time 2642.9999999986917
received Time: 3658.9999999977676	 sent Time 2642.9999999986917
received Time: 2643.799999998691	 sent Time 2642.9999999986917
received Time: 3946.499999997506	 sent Time 2642.9999999986917
received Time: 2986.699999998379	 sent Time 2642.9999999986917
received Time: 3705.0999999977257	 sent Time 2642.9999999986917
received Time: 2682.399999998656	 sent Time 2642.9999999986917
received Time: 3324.199999998072	 sent Time 2642.9999999986917
received Time: 3361.899999998038	 sent Time 2642.9999999986917
received Time: 5649.900000003023	 sent Time 2642.9999999986917
received Time: 3659.0999999977676	 sent Time 2642.9999999986917
received Time: 3324.7999999980716	 sent Time 2642.9999999986917
received Time: 3425.49999999798	 sent Time 2642.9999999986917
received Time: 3705.1999999977256	 sent Time 2642.9999999986917
received Time: 3149.399999998231	 sent Time 2642.9999999986917
received Time: 3323.7999999980725	 sent Time 2642.9999999986917
received Time: 3361.699999998038	 sent Time 2642.9999999986917
received Time: 4200.39999999775	 sent Time 2642.9999999986917
received Time: 2852.899999998501	 sent Time 2642.9999999986917
received Time: 3300.5999999980936	 sent Time 2642.9999999986917
received Time: 2708.0999999986325	 sent Time 2642.9999999986917
received Time: 4158.799999997598	 sent Time 2642.9999999986917
received Time: 3324.399999998072	 sent Time 2642.9999999986917
received Time: 2653.2999999986823	 sent Time 2642.9999999986917
received Time: 4159.499999997601	 sent Time 2642.9999999986917
received Time: 4357.999999998323	 sent Time 2642.9999999986917
received Time: 2803.5999999985456	 sent Time 2642.9999999986917
received Time: 3492.699999997919	 sent Time 3183.8999999981997
received Time: 3946.699999997506	 sent Time 3183.8999999981997
received Time: 4464.49999999871	 sent Time 3183.8999999981997
received Time: 3221.2999999981657	 sent Time 3183.8999999981997
received Time: 4597.2999999991935	 sent Time 3183.8999999981997
received Time: 3658.8999999977677	 sent Time 3183.8999999981997
received Time: 4464.39999999871	 sent Time 3183.8999999981997
received Time: 3300.399999998094	 sent Time 3183.8999999981997
received Time: 4464.899999998712	 sent Time 3183.8999999981997
received Time: 3184.2999999981994	 sent Time 3183.8999999981997
received Time: 4596.699999999191	 sent Time 3183.8999999981997
received Time: 5650.000000003023	 sent Time 3183.8999999981997
received Time: 5428.400000002217	 sent Time 3183.8999999981997
received Time: 3323.8999999980724	 sent Time 3183.8999999981997
received Time: 6791.600000007176	 sent Time 3183.8999999981997
received Time: 5428.100000002216	 sent Time 3183.8999999981997
received Time: 4357.29999999832	 sent Time 3183.8999999981997
received Time: 3947.1999999975055	 sent Time 3183.8999999981997
received Time: 4201.1999999977525	 sent Time 3183.8999999981997
received Time: 3215.0999999981714	 sent Time 3183.8999999981997
received Time: 3361.599999998038	 sent Time 3183.8999999981997
received Time: 3364.999999998035	 sent Time 3183.8999999981997
received Time: 3191.6999999981927	 sent Time 3183.8999999981997
received Time: 3782.5999999976552	 sent Time 3183.8999999981997
received Time: 5471.600000002374	 sent Time 3183.8999999981997
received Time: 4200.699999997751	 sent Time 3183.8999999981997
received Time: 3494.4999999979173	 sent Time 3183.8999999981997
received Time: 3494.3999999979173	 sent Time 3183.8999999981997
received Time: 6221.500000005102	 sent Time 3183.8999999981997
received Time: 3946.3999999975063	 sent Time 3183.8999999981997
received Time: 4795.699999999915	 sent Time 3183.8999999981997
received Time: 4464.199999998709	 sent Time 3183.8999999981997
received Time: 3184.1999999981995	 sent Time 3183.8999999981997
received Time: 3539.1999999978766	 sent Time 3183.8999999981997
received Time: 3782.799999997655	 sent Time 3183.8999999981997
received Time: 4464.999999998712	 sent Time 3183.8999999981997
received Time: 3602.299999997819	 sent Time 3183.8999999981997
received Time: 3494.2999999979174	 sent Time 3183.8999999981997
received Time: 4356.999999998319	 sent Time 3183.8999999981997
received Time: 3276.199999998116	 sent Time 3183.8999999981997
received Time: 3600.5999999978208	 sent Time 3183.8999999981997
received Time: 3659.2999999977674	 sent Time 3183.8999999981997
received Time: 5154.200000001219	 sent Time 3183.8999999981997
received Time: 4200.299999997749	 sent Time 3183.8999999981997
received Time: 3458.1999999979503	 sent Time 3183.8999999981997
received Time: 3324.599999998072	 sent Time 3183.8999999981997
received Time: 4201.399999997753	 sent Time 3183.8999999981997
received Time: 3658.599999997768	 sent Time 3183.8999999981997
received Time: 3783.1999999976547	 sent Time 3183.8999999981997
received Time: 4200.199999997749	 sent Time 3183.8999999981997
received Time: 3600.199999997821	 sent Time 3183.8999999981997
received Time: 6115.700000004717	 sent Time 3183.8999999981997
received Time: 4014.1999999974446	 sent Time 3183.8999999981997
received Time: 3303.299999998091	 sent Time 3183.8999999981997
received Time: 3317.699999998078	 sent Time 3183.8999999981997
received Time: 4795.999999999916	 sent Time 3183.8999999981997
received Time: 4199.699999997747	 sent Time 3183.8999999981997
received Time: 3317.2999999980784	 sent Time 3183.8999999981997
received Time: 3221.3999999981656	 sent Time 3183.8999999981997
received Time: 3658.1999999977684	 sent Time 3183.8999999981997
received Time: 4159.3999999976	 sent Time 3183.8999999981997
received Time: 4775.599999999842	 sent Time 3183.8999999981997
received Time: 3560.899999997857	 sent Time 3544.499999997872
received Time: 4014.2999999974445	 sent Time 3544.499999997872
received Time: 4745.699999999733	 sent Time 3544.499999997872
received Time: 4158.5999999975975	 sent Time 3544.499999997872
received Time: 4465.299999998713	 sent Time 3544.499999997872
received Time: 5471.400000002373	 sent Time 3544.499999997872
received Time: 4465.199999998713	 sent Time 3544.499999997872
received Time: 4465.0999999987125	 sent Time 3544.499999997872
received Time: 3658.399999997768	 sent Time 3544.499999997872
received Time: 4775.499999999842	 sent Time 3544.499999997872
received Time: 3585.5999999978344	 sent Time 3544.499999997872
received Time: 4857.9000000001415	 sent Time 3544.499999997872
received Time: 5428.800000002218	 sent Time 3544.499999997872
received Time: 4465.699999998715	 sent Time 3544.499999997872
received Time: 5154.100000001219	 sent Time 3544.499999997872
received Time: 4158.199999997596	 sent Time 3544.499999997872
received Time: 3704.0999999977266	 sent Time 3544.499999997872
received Time: 4200.999999997752	 sent Time 3544.499999997872
received Time: 4464.29999999871	 sent Time 3544.499999997872
received Time: 4465.399999998714	 sent Time 3544.499999997872
received Time: 3600.299999997821	 sent Time 3544.499999997872
received Time: 3980.0999999974756	 sent Time 3544.499999997872
received Time: 4159.1999999976	 sent Time 3544.499999997872
received Time: 3658.2999999977683	 sent Time 3544.499999997872
received Time: 4201.599999997754	 sent Time 3544.499999997872
received Time: 3967.599999997487	 sent Time 3544.499999997872
received Time: 3544.9999999978713	 sent Time 3544.499999997872
received Time: 6221.600000005103	 sent Time 3544.499999997872
received Time: 5428.500000002217	 sent Time 3544.499999997872
received Time: 4775.399999999841	 sent Time 3544.499999997872
received Time: 3559.599999997858	 sent Time 3544.499999997872
received Time: 3565.5999999978526	 sent Time 3544.499999997872
received Time: 4465.499999998714	 sent Time 3544.499999997872
received Time: 4464.799999998711	 sent Time 3544.499999997872
received Time: 3562.5999999978553	 sent Time 3544.499999997872
received Time: 3600.399999997821	 sent Time 3544.499999997872
received Time: 4795.399999999914	 sent Time 3544.499999997872
received Time: 3545.0999999978712	 sent Time 3544.499999997872
received Time: 3659.3999999977673	 sent Time 3544.499999997872
received Time: 3658.499999997768	 sent Time 3544.499999997872
received Time: 3946.9999999975057	 sent Time 3544.499999997872
received Time: 3593.599999997827	 sent Time 3544.499999997872
received Time: 4464.599999998711	 sent Time 3544.499999997872
received Time: 3544.8999999978714	 sent Time 3544.499999997872
received Time: 4596.599999999191	 sent Time 3544.499999997872
received Time: 3612.49999999781	 sent Time 3544.499999997872
received Time: 3658.0999999977685	 sent Time 3544.499999997872
received Time: 4200.0999999977485	 sent Time 3544.499999997872
received Time: 3600.499999997821	 sent Time 3544.499999997872
received Time: 4346.09999999828	 sent Time 3544.499999997872
received Time: 3976.6999999974787	 sent Time 3544.499999997872
received Time: 4745.799999999734	 sent Time 3544.499999997872
received Time: 3575.7999999978433	 sent Time 3544.499999997872
received Time: 3967.699999997487	 sent Time 3544.499999997872
received Time: 5015.500000000715	 sent Time 3544.499999997872
received Time: 4158.699999997598	 sent Time 3544.499999997872
received Time: 3575.899999997843	 sent Time 3544.499999997872
received Time: 3566.499999997852	 sent Time 3544.499999997872
received Time: 3658.799999997768	 sent Time 3544.499999997872
received Time: 4357.499999998321	 sent Time 3544.499999997872
received Time: 4159.799999997602	 sent Time 3544.499999997872
received Time: 5105.100000001041	 sent Time 3905.099999997544
received Time: 3951.4999999975016	 sent Time 3905.099999997544
received Time: 6115.400000004716	 sent Time 3905.099999997544
received Time: 5400.5000000021155	 sent Time 3905.099999997544
received Time: 4376.2999999983895	 sent Time 3905.099999997544
received Time: 7381.500000009322	 sent Time 3905.099999997544
received Time: 4775.299999999841	 sent Time 3905.099999997544
received Time: 4326.399999998208	 sent Time 3905.099999997544
received Time: 5400.900000002117	 sent Time 3905.099999997544
received Time: 6861.100000007429	 sent Time 3905.099999997544
received Time: 5460.500000002334	 sent Time 3905.099999997544
received Time: 5017.700000000723	 sent Time 3905.099999997544
received Time: 4795.599999999915	 sent Time 3905.099999997544
received Time: 5428.0000000022155	 sent Time 3905.099999997544
received Time: 4465.599999998714	 sent Time 3905.099999997544
received Time: 6861.30000000743	 sent Time 3905.099999997544
received Time: 4795.899999999916	 sent Time 3905.099999997544
received Time: 5427.900000002215	 sent Time 3905.099999997544
received Time: 4345.999999998279	 sent Time 3905.099999997544
received Time: 3981.3999999974744	 sent Time 3905.099999997544
received Time: 4945.000000000458	 sent Time 3905.099999997544
received Time: 5105.200000001041	 sent Time 3905.099999997544
received Time: 5017.500000000722	 sent Time 3905.099999997544
received Time: 3946.799999997506	 sent Time 3905.099999997544
received Time: 5400.600000002116	 sent Time 3905.099999997544
received Time: 3991.1999999974655	 sent Time 3905.099999997544
received Time: 6861.40000000743	 sent Time 3905.099999997544
received Time: 4201.099999997752	 sent Time 3905.099999997544
received Time: 3946.899999997506	 sent Time 3905.099999997544
received Time: 3981.1999999974746	 sent Time 3905.099999997544
received Time: 5428.600000002218	 sent Time 3905.099999997544
received Time: 5460.7000000023345	 sent Time 3905.099999997544
received Time: 5154.30000000122	 sent Time 3905.099999997544
received Time: 3981.2999999974745	 sent Time 3905.099999997544
received Time: 3981.5999999974742	 sent Time 3905.099999997544
received Time: 3905.5999999975434	 sent Time 3905.099999997544
received Time: 3981.4999999974743	 sent Time 3905.099999997544
received Time: 4357.799999998322	 sent Time 3905.099999997544
received Time: 3981.799999997474	 sent Time 3905.099999997544
received Time: 5428.200000002216	 sent Time 3905.099999997544
received Time: 4356.7999999983185	 sent Time 3905.099999997544
received Time: 3976.7999999974786	 sent Time 3905.099999997544
received Time: 7381.800000009323	 sent Time 3905.099999997544
received Time: 6221.800000005103	 sent Time 3905.099999997544
received Time: 4037.699999997423	 sent Time 3905.099999997544
received Time: 5105.0000000010405	 sent Time 3905.099999997544
received Time: 7381.700000009323	 sent Time 3905.099999997544
received Time: 4597.099999999193	 sent Time 3905.099999997544
received Time: 5154.000000001219	 sent Time 3905.099999997544
received Time: 3905.3999999975435	 sent Time 3905.099999997544
received Time: 5534.200000002602	 sent Time 3905.099999997544
received Time: 3919.7999999975304	 sent Time 3905.099999997544
received Time: 6115.900000004718	 sent Time 3905.099999997544
received Time: 4199.799999997747	 sent Time 3905.099999997544
received Time: 3946.599999997506	 sent Time 3905.099999997544
received Time: 5471.500000002374	 sent Time 3905.099999997544
received Time: 4596.899999999192	 sent Time 3905.099999997544
received Time: 5017.6000000007225	 sent Time 3905.099999997544
received Time: 5427.800000002215	 sent Time 3905.099999997544
received Time: 4376.199999998389	 sent Time 3905.099999997544
received Time: 7381.600000009323	 sent Time 3905.099999997544
received Time: 4357.8999999983225	 sent Time 3905.099999997544
received Time: 3933.699999997518	 sent Time 3905.099999997544
received Time: 4357.399999998321	 sent Time 3905.099999997544
received Time: 3981.699999997474	 sent Time 3905.099999997544
received Time: 6221.900000005104	 sent Time 4385.399999998423
received Time: 6221.200000005101	 sent Time 4385.399999998423
received Time: 6408.900000005784	 sent Time 4385.399999998423
received Time: 5400.700000002116	 sent Time 4385.399999998423
received Time: 4407.299999998502	 sent Time 4385.399999998423
received Time: 5105.500000001042	 sent Time 4385.399999998423
received Time: 6186.600000004975	 sent Time 4385.399999998423
received Time: 4745.599999999733	 sent Time 4385.399999998423
received Time: 6217.900000005089	 sent Time 4385.399999998423
received Time: 6217.800000005089	 sent Time 4385.399999998423
received Time: 5460.800000002335	 sent Time 4385.399999998423
received Time: 5026.700000000756	 sent Time 4385.399999998423
received Time: 4538.399999998979	 sent Time 4385.399999998423
received Time: 6115.800000004718	 sent Time 4385.399999998423
received Time: 5428.700000002218	 sent Time 4385.399999998423
received Time: 6861.2000000074295	 sent Time 4385.399999998423
received Time: 5428.300000002217	 sent Time 4385.399999998423
received Time: 5534.300000002602	 sent Time 4385.399999998423
received Time: 6462.300000005978	 sent Time 4385.399999998423
received Time: 6186.700000004976	 sent Time 4385.399999998423
received Time: 6115.200000004716	 sent Time 4385.399999998423
received Time: 5460.200000002333	 sent Time 4385.399999998423
received Time: 6408.800000005784	 sent Time 4385.399999998423
received Time: 5026.800000000756	 sent Time 4385.399999998423
received Time: 4596.999999999192	 sent Time 4385.399999998423
received Time: 5400.800000002117	 sent Time 4385.399999998423
received Time: 6671.900000006741	 sent Time 4385.399999998423
received Time: 7133.800000008421	 sent Time 4385.399999998423
received Time: 4586.299999999153	 sent Time 4385.399999998423
received Time: 5723.30000000329	 sent Time 4385.399999998423
received Time: 6222.000000005104	 sent Time 4385.399999998423
received Time: 6221.700000005103	 sent Time 4385.399999998423
received Time: 6115.500000004717	 sent Time 4385.399999998423
received Time: 5460.600000002334	 sent Time 4385.399999998423
received Time: 6221.400000005102	 sent Time 4385.399999998423
received Time: 4795.799999999916	 sent Time 4385.399999998423
received Time: 6861.500000007431	 sent Time 4385.399999998423
received Time: 5866.30000000381	 sent Time 4385.399999998423
received Time: 6791.700000007177	 sent Time 4385.399999998423
received Time: 6115.300000004716	 sent Time 4385.399999998423
received Time: 4483.69999999878	 sent Time 4385.399999998423
received Time: 6221.3000000051015	 sent Time 4385.399999998423
received Time: 4481.399999998772	 sent Time 4385.399999998423
received Time: 6408.600000005783	 sent Time 4385.399999998423
received Time: 4597.199999999193	 sent Time 4385.399999998423
received Time: 5401.000000002117	 sent Time 4385.399999998423
received Time: 5866.20000000381	 sent Time 4385.399999998423
received Time: 4413.999999998527	 sent Time 4385.399999998423
received Time: 6229.10000000513	 sent Time 4385.399999998423
received Time: 5105.600000001043	 sent Time 4385.399999998423
received Time: 5460.400000002333	 sent Time 4385.399999998423
received Time: 6229.20000000513	 sent Time 4385.399999998423
received Time: 4596.799999999192	 sent Time 4385.399999998423
received Time: 5400.400000002115	 sent Time 4385.399999998423
received Time: 4537.899999998977	 sent Time 4385.399999998423
received Time: 6408.700000005783	 sent Time 4385.399999998423
received Time: 4385.899999998424	 sent Time 4385.399999998423
received Time: 4385.799999998424	 sent Time 4385.399999998423
received Time: 5105.300000001042	 sent Time 4385.399999998423
received Time: 4596.499999999191	 sent Time 4385.399999998423
received Time: 4602.699999999213	 sent Time 4385.399999998423
received Time: 4775.6999999998425	 sent Time 4385.399999998423
received Time: 5460.300000002333	 sent Time 4385.399999998423
received Time: 6671.80000000674	 sent Time 4385.399999998423
received Time: 5105.400000001042	 sent Time 4385.399999998423
received Time: 6115.600000004717	 sent Time 4385.399999998423
received Time: 4471.899999998737	 sent Time 4385.399999998423
received Time: 4385.999999998425	 sent Time 4385.399999998423
received Time: 4414.099999998527	 sent Time 4385.399999998423
avgAoI: 894.6869362369931 | overhead: 1.073094867807154 | validDeliveries: 643
4222.9 14400: 2.27 1/s
Simulation done in 4222.75s
---
All done in 4223.04s
