Run 1/1
Running simulation 'FL_C_CCN_Cache_100_RWP'
60.0 1761: 29.34 1/s
120.0 2381: 10.35 1/s
180.0 2805: 7.07 1/s
240.0 3155: 5.82 1/s
300.0 3465: 5.17 1/s
360.0 3725: 4.34 1/s
420.1 3949: 3.73 1/s
480.1 4155: 3.43 1/s
540.1 4371: 3.60 1/s
600.1 4593: 3.71 1/s
660.1 4822: 3.80 1/s
720.1 5027: 3.43 1/s
780.1 5269: 4.03 1/s
840.1 5491: 3.69 1/s
900.2 5701: 3.50 1/s
960.2 5925: 3.74 1/s
1020.2 6158: 3.88 1/s
1080.2 6366: 3.47 1/s
1140.2 6567: 3.34 1/s
1200.3 6784: 3.63 1/s
1260.3 7001: 3.62 1/s
1320.3 7215: 3.57 1/s
1380.3 7429: 3.55 1/s
1440.3 7637: 3.47 1/s
1500.3 7839: 3.37 1/s
1560.3 8026: 3.11 1/s
1620.4 8212: 3.10 1/s
1680.4 8389: 2.96 1/s
1740.4 8557: 2.80 1/s
1800.4 8740: 3.05 1/s
1860.5 8934: 3.23 1/s
1920.5 9129: 3.25 1/s
1980.5 9341: 3.53 1/s
2040.5 9544: 3.39 1/s
2100.5 9735: 3.18 1/s
2160.5 9941: 3.43 1/s
2220.5 10129: 3.12 1/s
2280.6 10324: 3.26 1/s
2340.6 10530: 3.43 1/s
2400.6 10747: 3.62 1/s
2460.6 10967: 3.66 1/s
2520.6 11185: 3.64 1/s
2580.6 11392: 3.44 1/s
2640.6 11605: 3.55 1/s
2700.6 11820: 3.58 1/s
2760.7 12050: 3.83 1/s
2820.7 12275: 3.75 1/s
2880.7 12513: 3.96 1/s
2940.7 12738: 3.76 1/s
3000.7 12945: 3.45 1/s
3060.8 13146: 3.34 1/s
3120.8 13357: 3.52 1/s
3180.8 13569: 3.53 1/s
3240.8 13777: 3.47 1/s
3300.8 13980: 3.38 1/s
3360.9 14168: 3.13 1/s
3420.9 14364: 3.27 1/s
Unique content gateway: 619 :: total unique content cache: 1
received Time: 626.1000000000738	 sent Time 60.00000000000058
received Time: 816.4000000001171	 sent Time 60.00000000000058
received Time: 1205.0999999999995	 sent Time 60.00000000000058
received Time: 80.4999999999997	 sent Time 60.00000000000058
received Time: 80.19999999999972	 sent Time 60.00000000000058
received Time: 626.800000000074	 sent Time 60.00000000000058
received Time: 816.5000000001171	 sent Time 60.00000000000058
received Time: 636.6000000000762	 sent Time 60.00000000000058
received Time: 2887.899999998469	 sent Time 60.00000000000058
received Time: 1294.599999999918	 sent Time 60.00000000000058
received Time: 433.00000000002996	 sent Time 60.00000000000058
received Time: 765.3000000001055	 sent Time 60.00000000000058
received Time: 636.7000000000762	 sent Time 60.00000000000058
received Time: 738.2000000000993	 sent Time 60.00000000000058
received Time: 88.69999999999924	 sent Time 60.00000000000058
received Time: 1205.1999999999994	 sent Time 60.00000000000058
received Time: 1048.0000000001423	 sent Time 60.00000000000058
received Time: 1294.4999999999181	 sent Time 60.00000000000058
received Time: 751.6000000001023	 sent Time 60.00000000000058
received Time: 682.2000000000866	 sent Time 60.00000000000058
received Time: 427.20000000002864	 sent Time 60.00000000000058
received Time: 115.7999999999977	 sent Time 60.00000000000058
received Time: 1374.0999999998457	 sent Time 60.00000000000058
received Time: 738.0000000000992	 sent Time 60.00000000000058
received Time: 60.200000000000585	 sent Time 60.00000000000058
received Time: 682.4000000000866	 sent Time 60.00000000000058
received Time: 1804.4999999994543	 sent Time 60.00000000000058
received Time: 1373.799999999846	 sent Time 60.00000000000058
received Time: 682.7000000000867	 sent Time 60.00000000000058
received Time: 80.09999999999972	 sent Time 60.00000000000058
received Time: 682.6000000000867	 sent Time 60.00000000000058
received Time: 88.99999999999922	 sent Time 60.00000000000058
received Time: 737.9000000000992	 sent Time 60.00000000000058
received Time: 1295.0999999999176	 sent Time 60.00000000000058
received Time: 830.2000000001202	 sent Time 60.00000000000058
received Time: 738.3000000000993	 sent Time 60.00000000000058
received Time: 101.6999999999985	 sent Time 60.00000000000058
received Time: 636.5000000000762	 sent Time 60.00000000000058
received Time: 1374.999999999845	 sent Time 60.00000000000058
received Time: 682.1000000000865	 sent Time 60.00000000000058
received Time: 1374.799999999845	 sent Time 60.00000000000058
received Time: 1804.6999999994541	 sent Time 60.00000000000058
received Time: 2249.4999999990496	 sent Time 60.00000000000058
received Time: 1373.3999999998464	 sent Time 60.00000000000058
received Time: 751.4000000001023	 sent Time 60.00000000000058
received Time: 74.40000000000005	 sent Time 60.00000000000058
received Time: 1204.9999999999995	 sent Time 60.00000000000058
received Time: 1048.2000000001422	 sent Time 60.00000000000058
received Time: 80.29999999999971	 sent Time 60.00000000000058
received Time: 637.0000000000763	 sent Time 60.00000000000058
received Time: 1804.3999999994544	 sent Time 60.00000000000058
received Time: 682.0000000000865	 sent Time 60.00000000000058
received Time: 626.900000000074	 sent Time 60.00000000000058
received Time: 1373.9999999998458	 sent Time 60.00000000000058
received Time: 1295.2999999999174	 sent Time 60.00000000000058
received Time: 816.300000000117	 sent Time 60.00000000000058
received Time: 681.9000000000865	 sent Time 60.00000000000058
received Time: 737.8000000000992	 sent Time 60.00000000000058
received Time: 76.49999999999993	 sent Time 60.00000000000058
received Time: 637.1000000000763	 sent Time 60.00000000000058
received Time: 636.8000000000762	 sent Time 60.00000000000058
received Time: 751.5000000001023	 sent Time 60.00000000000058
received Time: 1374.6999999998452	 sent Time 60.00000000000058
received Time: 1769.9999999994857	 sent Time 60.00000000000058
received Time: 74.50000000000004	 sent Time 60.00000000000058
received Time: 1373.4999999998463	 sent Time 60.00000000000058
received Time: 94.6999999999989	 sent Time 60.00000000000058
received Time: 738.1000000000993	 sent Time 60.00000000000058
received Time: 1403.6999999998188	 sent Time 780.3000000001089
received Time: 1844.0999999994183	 sent Time 780.3000000001089
received Time: 1294.699999999918	 sent Time 780.3000000001089
received Time: 2803.5999999985456	 sent Time 780.3000000001089
received Time: 1373.2999999998465	 sent Time 780.3000000001089
received Time: 781.2000000001091	 sent Time 780.3000000001089
received Time: 790.1000000001111	 sent Time 780.3000000001089
received Time: 1887.399999999379	 sent Time 780.3000000001089
received Time: 2888.6999999984682	 sent Time 780.3000000001089
received Time: 1294.1999999999184	 sent Time 780.3000000001089
received Time: 798.300000000113	 sent Time 780.3000000001089
received Time: 1842.5999999994197	 sent Time 780.3000000001089
received Time: 880.6000000001317	 sent Time 780.3000000001089
received Time: 1078.7000000001144	 sent Time 780.3000000001089
received Time: 782.2000000001093	 sent Time 780.3000000001089
received Time: 1472.3999999997563	 sent Time 780.3000000001089
received Time: 2671.9999999986653	 sent Time 780.3000000001089
received Time: 1293.9999999999186	 sent Time 780.3000000001089
received Time: 1294.3999999999182	 sent Time 780.3000000001089
received Time: 3148.8999999982316	 sent Time 780.3000000001089
received Time: 1205.599999999999	 sent Time 780.3000000001089
received Time: 2200.3999999990942	 sent Time 780.3000000001089
received Time: 1844.7999999994177	 sent Time 780.3000000001089
received Time: 1598.8999999996413	 sent Time 780.3000000001089
received Time: 1047.6000000001427	 sent Time 780.3000000001089
received Time: 1349.599999999868	 sent Time 780.3000000001089
received Time: 1803.9999999994548	 sent Time 780.3000000001089
received Time: 2387.799999998924	 sent Time 780.3000000001089
received Time: 2389.799999998922	 sent Time 780.3000000001089
received Time: 2699.69999999864	 sent Time 780.3000000001089
received Time: 1789.9999999994675	 sent Time 780.3000000001089
received Time: 2388.499999998923	 sent Time 780.3000000001089
received Time: 3305.499999998089	 sent Time 780.3000000001089
received Time: 781.100000000109	 sent Time 780.3000000001089
received Time: 1416.8999999998068	 sent Time 780.3000000001089
received Time: 784.7000000001099	 sent Time 780.3000000001089
received Time: 970.000000000152	 sent Time 780.3000000001089
received Time: 1842.19999999942	 sent Time 780.3000000001089
received Time: 1072.60000000012	 sent Time 780.3000000001089
received Time: 1897.4999999993697	 sent Time 780.3000000001089
received Time: 1228.1999999999784	 sent Time 780.3000000001089
received Time: 2248.5999999990504	 sent Time 780.3000000001089
received Time: 1374.3999999998455	 sent Time 780.3000000001089
received Time: 2249.09999999905	 sent Time 780.3000000001089
received Time: 1373.899999999846	 sent Time 780.3000000001089
received Time: 1294.2999999999183	 sent Time 780.3000000001089
received Time: 1790.499999999467	 sent Time 780.3000000001089
received Time: 1267.8999999999423	 sent Time 780.3000000001089
received Time: 2388.699999998923	 sent Time 780.3000000001089
received Time: 1047.7000000001426	 sent Time 780.3000000001089
received Time: 1374.2999999998456	 sent Time 780.3000000001089
received Time: 780.700000000109	 sent Time 780.3000000001089
received Time: 1897.19999999937	 sent Time 780.3000000001089
received Time: 1373.699999999846	 sent Time 780.3000000001089
received Time: 798.9000000001131	 sent Time 780.3000000001089
received Time: 1064.7000000001271	 sent Time 780.3000000001089
received Time: 1841.2999999994208	 sent Time 780.3000000001089
received Time: 780.900000000109	 sent Time 780.3000000001089
received Time: 783.2000000001095	 sent Time 780.3000000001089
received Time: 1294.0999999999185	 sent Time 780.3000000001089
received Time: 1790.3999999994671	 sent Time 780.3000000001089
received Time: 1790.9999999994666	 sent Time 780.3000000001089
received Time: 1886.4999999993797	 sent Time 780.3000000001089
received Time: 825.8000000001192	 sent Time 780.3000000001089
received Time: 1842.09999999942	 sent Time 780.3000000001089
received Time: 1844.299999999418	 sent Time 1320.7999999998942
received Time: 1325.0999999998903	 sent Time 1320.7999999998942
received Time: 3149.299999998231	 sent Time 1320.7999999998942
received Time: 3150.49999999823	 sent Time 1320.7999999998942
received Time: 1343.7999999998733	 sent Time 1320.7999999998942
received Time: 3425.7999999979797	 sent Time 1320.7999999998942
received Time: 1886.6999999993795	 sent Time 1320.7999999998942
received Time: 2803.7999999985454	 sent Time 1320.7999999998942
received Time: 1321.5999999998935	 sent Time 1320.7999999998942
received Time: 2248.2999999990507	 sent Time 1320.7999999998942
received Time: 2987.4999999983784	 sent Time 1320.7999999998942
received Time: 1321.1999999998939	 sent Time 1320.7999999998942
received Time: 2671.6999999986656	 sent Time 1320.7999999998942
received Time: 1334.0999999998821	 sent Time 1320.7999999998942
received Time: 1438.799999999787	 sent Time 1320.7999999998942
received Time: 1339.3999999998773	 sent Time 1320.7999999998942
received Time: 1435.6999999997897	 sent Time 1320.7999999998942
received Time: 3150.1999999982304	 sent Time 1320.7999999998942
received Time: 3703.899999997727	 sent Time 1320.7999999998942
received Time: 1887.7999999993785	 sent Time 1320.7999999998942
received Time: 2672.499999998665	 sent Time 1320.7999999998942
received Time: 1344.9999999998722	 sent Time 1320.7999999998942
received Time: 1790.599999999467	 sent Time 1320.7999999998942
received Time: 2306.7999999989975	 sent Time 1320.7999999998942
received Time: 2803.8999999985454	 sent Time 1320.7999999998942
received Time: 1367.3999999998518	 sent Time 1320.7999999998942
received Time: 2307.8999999989965	 sent Time 1320.7999999998942
received Time: 1789.7999999994677	 sent Time 1320.7999999998942
received Time: 1341.0999999998758	 sent Time 1320.7999999998942
received Time: 2137.5999999991514	 sent Time 1320.7999999998942
received Time: 1841.6999999994205	 sent Time 1320.7999999998942
received Time: 1636.8999999996067	 sent Time 1320.7999999998942
received Time: 1897.29999999937	 sent Time 1320.7999999998942
received Time: 3148.9999999982315	 sent Time 1320.7999999998942
received Time: 1841.5999999994206	 sent Time 1320.7999999998942
received Time: 1919.7999999993494	 sent Time 1320.7999999998942
received Time: 1841.3999999994207	 sent Time 1320.7999999998942
received Time: 1375.1999999998447	 sent Time 1320.7999999998942
received Time: 1332.3999999998837	 sent Time 1320.7999999998942
received Time: 1381.1999999998393	 sent Time 1320.7999999998942
received Time: 1336.39999999988	 sent Time 1320.7999999998942
received Time: 2308.8999999989956	 sent Time 1320.7999999998942
received Time: 2672.299999998665	 sent Time 1320.7999999998942
received Time: 2782.199999998565	 sent Time 1320.7999999998942
received Time: 1469.1999999997593	 sent Time 1320.7999999998942
received Time: 1803.799999999455	 sent Time 1320.7999999998942
received Time: 2805.199999998544	 sent Time 1320.7999999998942
received Time: 1671.1999999995755	 sent Time 1320.7999999998942
received Time: 3324.299999998072	 sent Time 1320.7999999998942
received Time: 1886.5999999993796	 sent Time 1320.7999999998942
received Time: 1335.5999999998808	 sent Time 1320.7999999998942
received Time: 1844.6999999994177	 sent Time 1320.7999999998942
received Time: 1886.8999999993794	 sent Time 1320.7999999998942
received Time: 1321.3999999998937	 sent Time 1320.7999999998942
received Time: 2529.199999998795	 sent Time 1320.7999999998942
received Time: 1803.699999999455	 sent Time 1320.7999999998942
received Time: 1803.3999999994553	 sent Time 1320.7999999998942
received Time: 2201.2999999990934	 sent Time 1320.7999999998942
received Time: 2556.4999999987704	 sent Time 1320.7999999998942
received Time: 1469.0999999997593	 sent Time 1320.7999999998942
received Time: 4345.899999998279	 sent Time 1320.7999999998942
received Time: 1841.7999999994204	 sent Time 1320.7999999998942
received Time: 2387.499999998924	 sent Time 1741.4999999995116
received Time: 1755.8999999994985	 sent Time 1741.4999999995116
received Time: 2671.4999999986658	 sent Time 1741.4999999995116
received Time: 2780.8999999985663	 sent Time 1741.4999999995116
received Time: 1897.6999999993695	 sent Time 1741.4999999995116
received Time: 1883.0999999993828	 sent Time 1741.4999999995116
received Time: 2672.6999999986647	 sent Time 1741.4999999995116
received Time: 1898.6999999993686	 sent Time 1741.4999999995116
received Time: 3305.699999998089	 sent Time 1741.4999999995116
received Time: 1803.4999999994552	 sent Time 1741.4999999995116
received Time: 2987.899999998378	 sent Time 1741.4999999995116
received Time: 1871.6999999993932	 sent Time 1741.4999999995116
received Time: 2671.5999999986657	 sent Time 1741.4999999995116
received Time: 2557.5999999987694	 sent Time 1741.4999999995116
received Time: 1887.4999999993788	 sent Time 1741.4999999995116
received Time: 1897.9999999993693	 sent Time 1741.4999999995116
received Time: 3150.8999999982298	 sent Time 1741.4999999995116
received Time: 1842.3999999994198	 sent Time 1741.4999999995116
received Time: 2805.6999999985437	 sent Time 1741.4999999995116
received Time: 3367.399999998033	 sent Time 1741.4999999995116
received Time: 1888.7999999993776	 sent Time 1741.4999999995116
received Time: 3704.599999997726	 sent Time 1741.4999999995116
received Time: 2558.6999999987684	 sent Time 1741.4999999995116
received Time: 1917.099999999352	 sent Time 1741.4999999995116
received Time: 2307.6999999989966	 sent Time 1741.4999999995116
received Time: 4160.299999997604	 sent Time 1741.4999999995116
received Time: 4161.499999997608	 sent Time 1741.4999999995116
received Time: 2389.1999999989225	 sent Time 1741.4999999995116
received Time: 2805.499999998544	 sent Time 1741.4999999995116
received Time: 1919.5999999993496	 sent Time 1741.4999999995116
received Time: 2305.6999999989985	 sent Time 1741.4999999995116
received Time: 3306.699999998088	 sent Time 1741.4999999995116
received Time: 2558.3999999987686	 sent Time 1741.4999999995116
received Time: 1789.8999999994676	 sent Time 1741.4999999995116
received Time: 2558.2999999987687	 sent Time 1741.4999999995116
received Time: 2137.4999999991514	 sent Time 1741.4999999995116
received Time: 2248.1999999990508	 sent Time 1741.4999999995116
received Time: 3704.3999999977264	 sent Time 1741.4999999995116
received Time: 1897.5999999993696	 sent Time 1741.4999999995116
received Time: 3150.0999999982305	 sent Time 1741.4999999995116
received Time: 1843.399999999419	 sent Time 1741.4999999995116
received Time: 1826.799999999434	 sent Time 1741.4999999995116
received Time: 1819.199999999441	 sent Time 1741.4999999995116
received Time: 1773.8999999994821	 sent Time 1741.4999999995116
received Time: 1741.6999999995114	 sent Time 1741.4999999995116
received Time: 1762.7999999994922	 sent Time 1741.4999999995116
received Time: 1762.5999999994924	 sent Time 1741.4999999995116
received Time: 2987.5999999983783	 sent Time 1741.4999999995116
received Time: 3361.3999999980383	 sent Time 1741.4999999995116
received Time: 2803.4999999985457	 sent Time 1741.4999999995116
received Time: 1842.6999999994196	 sent Time 1741.4999999995116
received Time: 3784.6999999976533	 sent Time 1741.4999999995116
received Time: 2699.1999999986406	 sent Time 1741.4999999995116
received Time: 1897.09999999937	 sent Time 1741.4999999995116
received Time: 1778.399999999478	 sent Time 1741.4999999995116
received Time: 1756.2999999994981	 sent Time 1741.4999999995116
received Time: 2781.4999999985657	 sent Time 1741.4999999995116
received Time: 1898.299999999369	 sent Time 1741.4999999995116
received Time: 1756.399999999498	 sent Time 1741.4999999995116
received Time: 2556.2999999987705	 sent Time 1741.4999999995116
received Time: 1844.5999999994178	 sent Time 1741.4999999995116
received Time: 2781.199999998566	 sent Time 1741.4999999995116
received Time: 2558.099999998769	 sent Time 1741.4999999995116
received Time: 4162.09999999761	 sent Time 1741.4999999995116
received Time: 4347.899999998286	 sent Time 1741.4999999995116
received Time: 1842.9999999994193	 sent Time 1741.4999999995116
received Time: 2390.0999999989217	 sent Time 2041.9999999992383
received Time: 2045.599999999235	 sent Time 2041.9999999992383
received Time: 4159.1999999976	 sent Time 2041.9999999992383
received Time: 2386.9999999989245	 sent Time 2041.9999999992383
received Time: 2822.2999999985286	 sent Time 2041.9999999992383
received Time: 3602.7999999978188	 sent Time 2041.9999999992383
received Time: 2749.7999999985946	 sent Time 2041.9999999992383
received Time: 2568.899999998759	 sent Time 2041.9999999992383
received Time: 3306.2999999980884	 sent Time 2041.9999999992383
received Time: 2137.2999999991516	 sent Time 2041.9999999992383
received Time: 2987.0999999983787	 sent Time 2041.9999999992383
received Time: 2298.1999999990053	 sent Time 2041.9999999992383
received Time: 2655.69999999868	 sent Time 2041.9999999992383
received Time: 2672.199999998665	 sent Time 2041.9999999992383
received Time: 3149.599999998231	 sent Time 2041.9999999992383
received Time: 2201.0999999990936	 sent Time 2041.9999999992383
received Time: 2219.7999999990766	 sent Time 2041.9999999992383
received Time: 2134.699999999154	 sent Time 2041.9999999992383
received Time: 3705.2999999977255	 sent Time 2041.9999999992383
received Time: 2201.4999999990932	 sent Time 2041.9999999992383
received Time: 3782.999999997655	 sent Time 2041.9999999992383
received Time: 2772.399999998574	 sent Time 2041.9999999992383
received Time: 3784.4999999976535	 sent Time 2041.9999999992383
received Time: 3981.699999997474	 sent Time 2041.9999999992383
received Time: 2386.8999999989246	 sent Time 2041.9999999992383
received Time: 2804.299999998545	 sent Time 2041.9999999992383
received Time: 2387.2999999989242	 sent Time 2041.9999999992383
received Time: 2988.1999999983777	 sent Time 2041.9999999992383
received Time: 2042.299999999238	 sent Time 2041.9999999992383
received Time: 2200.499999999094	 sent Time 2041.9999999992383
received Time: 2137.6999999991513	 sent Time 2041.9999999992383
received Time: 2389.999999998922	 sent Time 2041.9999999992383
received Time: 3658.399999997768	 sent Time 2041.9999999992383
received Time: 2676.0999999986616	 sent Time 2041.9999999992383
received Time: 3149.9999999982306	 sent Time 2041.9999999992383
received Time: 2076.599999999207	 sent Time 2041.9999999992383
received Time: 2138.89999999915	 sent Time 2041.9999999992383
received Time: 2145.499999999144	 sent Time 2041.9999999992383
received Time: 2083.8999999992	 sent Time 2041.9999999992383
received Time: 3426.0999999979795	 sent Time 2041.9999999992383
received Time: 2558.199999998769	 sent Time 2041.9999999992383
received Time: 2388.3999999989232	 sent Time 2041.9999999992383
received Time: 3425.8999999979796	 sent Time 2041.9999999992383
received Time: 2300.2999999990034	 sent Time 2041.9999999992383
received Time: 3658.799999997768	 sent Time 2041.9999999992383
received Time: 2388.9999999989227	 sent Time 2041.9999999992383
received Time: 2804.199999998545	 sent Time 2041.9999999992383
received Time: 2781.8999999985654	 sent Time 2041.9999999992383
received Time: 2042.399999999238	 sent Time 2041.9999999992383
received Time: 2387.1999999989243	 sent Time 2041.9999999992383
received Time: 2390.4999999989213	 sent Time 2041.9999999992383
received Time: 4162.199999997611	 sent Time 2041.9999999992383
received Time: 2575.9999999987526	 sent Time 2041.9999999992383
received Time: 3304.9999999980896	 sent Time 2041.9999999992383
received Time: 2700.2999999986396	 sent Time 2041.9999999992383
received Time: 2557.999999998769	 sent Time 2041.9999999992383
received Time: 3323.8999999980724	 sent Time 2041.9999999992383
received Time: 2558.4999999987685	 sent Time 2041.9999999992383
received Time: 2804.499999998545	 sent Time 2041.9999999992383
received Time: 2403.19999999891	 sent Time 2402.5999999989103
received Time: 2622.0999999987107	 sent Time 2402.5999999989103
received Time: 2427.199999998888	 sent Time 2402.5999999989103
received Time: 2557.799999998769	 sent Time 2402.5999999989103
received Time: 2417.499999998897	 sent Time 2402.5999999989103
received Time: 3149.699999998231	 sent Time 2402.5999999989103
received Time: 3305.1999999980894	 sent Time 2402.5999999989103
received Time: 3601.0999999978203	 sent Time 2402.5999999989103
received Time: 2677.4999999986603	 sent Time 2402.5999999989103
received Time: 2672.7999999986646	 sent Time 2402.5999999989103
received Time: 2803.9999999985453	 sent Time 2402.5999999989103
received Time: 2672.099999998665	 sent Time 2402.5999999989103
received Time: 2557.6999999987693	 sent Time 2402.5999999989103
received Time: 2529.0999999987953	 sent Time 2402.5999999989103
received Time: 2503.999999998818	 sent Time 2402.5999999989103
received Time: 3362.0999999980377	 sent Time 2402.5999999989103
received Time: 3602.299999997819	 sent Time 2402.5999999989103
received Time: 2403.09999999891	 sent Time 2402.5999999989103
received Time: 2558.899999998768	 sent Time 2402.5999999989103
received Time: 3658.0999999977685	 sent Time 2402.5999999989103
received Time: 2699.2999999986405	 sent Time 2402.5999999989103
received Time: 3150.9999999982297	 sent Time 2402.5999999989103
received Time: 2677.0999999986607	 sent Time 2402.5999999989103
received Time: 2805.7999999985436	 sent Time 2402.5999999989103
received Time: 2782.099999998565	 sent Time 2402.5999999989103
received Time: 2986.899999998379	 sent Time 2402.5999999989103
received Time: 2424.2999999988906	 sent Time 2402.5999999989103
received Time: 4161.799999997609	 sent Time 2402.5999999989103
received Time: 2607.599999998724	 sent Time 2402.5999999989103
received Time: 2677.59999999866	 sent Time 2402.5999999989103
received Time: 3784.2999999976537	 sent Time 2402.5999999989103
received Time: 2676.9999999986608	 sent Time 2402.5999999989103
received Time: 2417.399999998897	 sent Time 2402.5999999989103
received Time: 3783.999999997654	 sent Time 2402.5999999989103
received Time: 2402.99999999891	 sent Time 2402.5999999989103
received Time: 3426.1999999979794	 sent Time 2402.5999999989103
received Time: 2424.6999999988902	 sent Time 2402.5999999989103
received Time: 3705.0999999977257	 sent Time 2402.5999999989103
received Time: 2528.9999999987954	 sent Time 2402.5999999989103
received Time: 2675.399999998662	 sent Time 2402.5999999989103
received Time: 3361.9999999980378	 sent Time 2402.5999999989103
received Time: 3659.499999997767	 sent Time 2402.5999999989103
received Time: 3783.6999999976542	 sent Time 2402.5999999989103
received Time: 2781.7999999985655	 sent Time 2402.5999999989103
received Time: 3305.799999998089	 sent Time 2402.5999999989103
received Time: 2988.899999998377	 sent Time 2402.5999999989103
received Time: 2987.1999999983786	 sent Time 2402.5999999989103
received Time: 2504.099999998818	 sent Time 2402.5999999989103
received Time: 2677.69999999866	 sent Time 2402.5999999989103
received Time: 4203.099999997759	 sent Time 2402.5999999989103
received Time: 2558.5999999987685	 sent Time 2402.5999999989103
received Time: 4160.499999997604	 sent Time 2402.5999999989103
received Time: 2803.6999999985455	 sent Time 2402.5999999989103
received Time: 3602.8999999978187	 sent Time 2703.099999998637
received Time: 3552.999999997864	 sent Time 2703.099999998637
received Time: 3606.5999999978153	 sent Time 2703.099999998637
received Time: 2738.5999999986047	 sent Time 2703.099999998637
received Time: 2709.9999999986308	 sent Time 2703.099999998637
received Time: 4201.599999997754	 sent Time 2703.099999998637
received Time: 3782.799999997655	 sent Time 2703.099999998637
received Time: 4199.999999997748	 sent Time 2703.099999998637
received Time: 2906.599999998452	 sent Time 2703.099999998637
received Time: 2738.9999999986044	 sent Time 2703.099999998637
received Time: 4797.399999999921	 sent Time 2703.099999998637
received Time: 3305.3999999980892	 sent Time 2703.099999998637
received Time: 2704.399999998636	 sent Time 2703.099999998637
received Time: 2822.3999999985285	 sent Time 2703.099999998637
received Time: 3603.1999999978184	 sent Time 2703.099999998637
received Time: 2766.2999999985796	 sent Time 2703.099999998637
received Time: 4158.399999997597	 sent Time 2703.099999998637
received Time: 4358.599999998325	 sent Time 2703.099999998637
received Time: 6217.800000005089	 sent Time 2703.099999998637
received Time: 3587.6999999978325	 sent Time 2703.099999998637
received Time: 2703.6999999986365	 sent Time 2703.099999998637
received Time: 3784.899999997653	 sent Time 2703.099999998637
received Time: 2715.6999999986256	 sent Time 2703.099999998637
received Time: 2774.0999999985725	 sent Time 2703.099999998637
received Time: 4357.799999998322	 sent Time 2703.099999998637
received Time: 2747.3999999985967	 sent Time 2703.099999998637
received Time: 3323.9999999980723	 sent Time 2703.099999998637
received Time: 3238.59999999815	 sent Time 2703.099999998637
received Time: 3421.5999999979836	 sent Time 2703.099999998637
received Time: 2906.399999998452	 sent Time 2703.099999998637
received Time: 3968.0999999974865	 sent Time 2703.099999998637
received Time: 4357.599999998321	 sent Time 2703.099999998637
received Time: 2723.799999998618	 sent Time 2703.099999998637
received Time: 3325.1999999980712	 sent Time 2703.099999998637
received Time: 4357.699999998322	 sent Time 2703.099999998637
received Time: 2704.099999998636	 sent Time 2703.099999998637
received Time: 3149.8999999982307	 sent Time 2703.099999998637
received Time: 2703.999999998636	 sent Time 2703.099999998637
received Time: 3658.9999999977676	 sent Time 2703.099999998637
received Time: 2703.8999999986363	 sent Time 2703.099999998637
received Time: 3946.699999997506	 sent Time 2703.099999998637
received Time: 3362.999999998037	 sent Time 2703.099999998637
received Time: 4161.299999997607	 sent Time 2703.099999998637
received Time: 3539.2999999978765	 sent Time 2703.099999998637
received Time: 4852.700000000123	 sent Time 2703.099999998637
received Time: 3660.1999999977666	 sent Time 2703.099999998637
received Time: 3660.2999999977665	 sent Time 2703.099999998637
received Time: 3183.0999999982005	 sent Time 2703.099999998637
received Time: 3425.59999999798	 sent Time 2703.099999998637
received Time: 3946.599999997506	 sent Time 2703.099999998637
received Time: 3150.2999999982303	 sent Time 2703.099999998637
received Time: 3660.4999999977663	 sent Time 2703.099999998637
received Time: 2987.999999998378	 sent Time 2703.099999998637
received Time: 3149.0999999982314	 sent Time 2703.099999998637
received Time: 2853.4999999985002	 sent Time 2703.099999998637
received Time: 3305.0999999980895	 sent Time 2703.099999998637
received Time: 2716.7999999986246	 sent Time 2703.099999998637
received Time: 3183.2999999982003	 sent Time 2703.099999998637
received Time: 2710.3999999986304	 sent Time 2703.099999998637
received Time: 4162.299999997611	 sent Time 2703.099999998637
received Time: 4357.19999999832	 sent Time 2703.099999998637
received Time: 2729.699999998613	 sent Time 2703.099999998637
received Time: 3492.599999997919	 sent Time 3003.5999999983637
received Time: 4014.699999997444	 sent Time 3003.5999999983637
received Time: 4747.49999999974	 sent Time 3003.5999999983637
received Time: 3040.49999999833	 sent Time 3003.5999999983637
received Time: 3031.999999998338	 sent Time 3003.5999999983637
received Time: 3361.499999998038	 sent Time 3003.5999999983637
received Time: 3361.599999998038	 sent Time 3003.5999999983637
received Time: 3306.1999999980885	 sent Time 3003.5999999983637
received Time: 4358.699999998325	 sent Time 3003.5999999983637
received Time: 3004.199999998363	 sent Time 3003.5999999983637
received Time: 4200.199999997749	 sent Time 3003.5999999983637
received Time: 5461.200000002336	 sent Time 3003.5999999983637
received Time: 4811.299999999972	 sent Time 3003.5999999983637
received Time: 3038.7999999983317	 sent Time 3003.5999999983637
received Time: 5480.300000002406	 sent Time 3003.5999999983637
received Time: 5154.5000000012205	 sent Time 3003.5999999983637
received Time: 4159.499999997601	 sent Time 3003.5999999983637
received Time: 3658.8999999977677	 sent Time 3003.5999999983637
received Time: 3946.9999999975057	 sent Time 3003.5999999983637
received Time: 3639.5999999977853	 sent Time 3003.5999999983637
received Time: 3031.699999998338	 sent Time 3003.5999999983637
received Time: 4264.199999997982	 sent Time 3003.5999999983637
received Time: 3362.3999999980374	 sent Time 3003.5999999983637
received Time: 3380.6999999980208	 sent Time 3003.5999999983637
received Time: 3032.4999999983374	 sent Time 3003.5999999983637
received Time: 3040.3999999983303	 sent Time 3003.5999999983637
received Time: 5472.200000002376	 sent Time 3003.5999999983637
received Time: 3968.2999999974863	 sent Time 3003.5999999983637
received Time: 3411.8999999979924	 sent Time 3003.5999999983637
received Time: 3425.69999999798	 sent Time 3003.5999999983637
received Time: 3947.699999997505	 sent Time 3003.5999999983637
received Time: 3704.999999997726	 sent Time 3003.5999999983637
received Time: 5431.100000002227	 sent Time 3003.5999999983637
received Time: 4021.399999997438	 sent Time 3003.5999999983637
received Time: 3003.9999999983634	 sent Time 3003.5999999983637
received Time: 3539.1999999978766	 sent Time 3003.5999999983637
received Time: 3782.899999997655	 sent Time 3003.5999999983637
received Time: 4465.399999998714	 sent Time 3003.5999999983637
received Time: 3602.599999997819	 sent Time 3003.5999999983637
received Time: 3500.9999999979113	 sent Time 3003.5999999983637
received Time: 3783.1999999976547	 sent Time 3003.5999999983637
received Time: 3275.999999998116	 sent Time 3003.5999999983637
received Time: 3600.8999999978205	 sent Time 3003.5999999983637
received Time: 3659.2999999977674	 sent Time 3003.5999999983637
received Time: 4809.399999999965	 sent Time 3003.5999999983637
received Time: 3363.0999999980368	 sent Time 3003.5999999983637
received Time: 3168.8999999982134	 sent Time 3003.5999999983637
received Time: 3659.699999997767	 sent Time 3003.5999999983637
received Time: 3658.699999997768	 sent Time 3003.5999999983637
received Time: 3600.6999999978207	 sent Time 3003.5999999983637
received Time: 5429.500000002221	 sent Time 3003.5999999983637
received Time: 3968.1999999974864	 sent Time 3003.5999999983637
received Time: 4014.4999999974443	 sent Time 3003.5999999983637
received Time: 3361.799999998038	 sent Time 3003.5999999983637
received Time: 4480.99999999877	 sent Time 3003.5999999983637
received Time: 3968.3999999974862	 sent Time 3003.5999999983637
received Time: 3004.0999999983633	 sent Time 3003.5999999983637
received Time: 3596.3999999978246	 sent Time 3003.5999999983637
received Time: 3052.3999999983193	 sent Time 3003.5999999983637
received Time: 3045.4999999983256	 sent Time 3003.5999999983637
received Time: 4158.699999997598	 sent Time 3003.5999999983637
received Time: 4356.7999999983185	 sent Time 3003.5999999983637
received Time: 3967.699999997487	 sent Time 3003.5999999983637
received Time: 3602.499999997819	 sent Time 3424.299999997981
received Time: 3705.1999999977256	 sent Time 3424.299999997981
received Time: 5402.500000002123	 sent Time 3424.299999997981
received Time: 3452.2999999979556	 sent Time 3424.299999997981
received Time: 4596.899999999192	 sent Time 3424.299999997981
received Time: 3453.6999999979544	 sent Time 3424.299999997981
received Time: 3645.59999999778	 sent Time 3424.299999997981
received Time: 3424.9999999979805	 sent Time 3424.299999997981
received Time: 4158.999999997599	 sent Time 3424.299999997981
received Time: 3424.8999999979806	 sent Time 3424.299999997981
received Time: 4596.499999999191	 sent Time 3424.299999997981
received Time: 3660.599999997766	 sent Time 3424.299999997981
received Time: 5402.200000002122	 sent Time 3424.299999997981
received Time: 5105.600000001043	 sent Time 3424.299999997981
received Time: 3660.999999997766	 sent Time 3424.299999997981
received Time: 3947.799999997505	 sent Time 3424.299999997981
received Time: 4203.3999999977605	 sent Time 3424.299999997981
received Time: 4745.799999999734	 sent Time 3424.299999997981
received Time: 5471.500000002374	 sent Time 3424.299999997981
received Time: 3449.3999999979583	 sent Time 3424.299999997981
received Time: 3449.799999997958	 sent Time 3424.299999997981
received Time: 3683.3999999977455	 sent Time 3424.299999997981
received Time: 3540.799999997875	 sent Time 3424.299999997981
received Time: 4203.999999997763	 sent Time 3424.299999997981
received Time: 3501.0999999979113	 sent Time 3424.299999997981
received Time: 5429.000000002219	 sent Time 3424.299999997981
received Time: 3947.3999999975053	 sent Time 3424.299999997981
received Time: 4796.799999999919	 sent Time 3424.299999997981
received Time: 4161.8999999976095	 sent Time 3424.299999997981
received Time: 3426.599999997979	 sent Time 3424.299999997981
received Time: 3785.299999997653	 sent Time 3424.299999997981
received Time: 4465.199999998713	 sent Time 3424.299999997981
received Time: 3474.5999999979354	 sent Time 3424.299999997981
received Time: 4945.40000000046	 sent Time 3424.299999997981
received Time: 3424.7999999979806	 sent Time 3424.299999997981
received Time: 3432.7999999979734	 sent Time 3424.299999997981
received Time: 3659.899999997767	 sent Time 3424.299999997981
received Time: 4348.499999998288	 sent Time 3424.299999997981
received Time: 3585.799999997834	 sent Time 3424.299999997981
received Time: 3459.9999999979486	 sent Time 3424.299999997981
received Time: 3426.699999997979	 sent Time 3424.299999997981
received Time: 4597.2999999991935	 sent Time 3424.299999997981
received Time: 3658.499999997768	 sent Time 3424.299999997981
received Time: 3785.099999997653	 sent Time 3424.299999997981
received Time: 3452.6999999979553	 sent Time 3424.299999997981
received Time: 5430.900000002226	 sent Time 3424.299999997981
received Time: 4347.099999998283	 sent Time 3424.299999997981
received Time: 4014.0999999974447	 sent Time 3424.299999997981
received Time: 3447.7999999979597	 sent Time 3424.299999997981
received Time: 3474.799999997935	 sent Time 3424.299999997981
received Time: 4200.799999997751	 sent Time 3424.299999997981
received Time: 4158.499999997597	 sent Time 3424.299999997981
received Time: 3474.899999997935	 sent Time 3424.299999997981
received Time: 3439.999999997967	 sent Time 3424.299999997981
received Time: 3451.999999997956	 sent Time 3424.299999997981
received Time: 4160.599999997605	 sent Time 3424.299999997981
received Time: 3784.5999999976534	 sent Time 3424.299999997981
received Time: 4160.7999999976055	 sent Time 3424.299999997981
received Time: 3725.3999999977073	 sent Time 3724.799999997708
received Time: 3946.799999997506	 sent Time 3724.799999997708
received Time: 4158.5999999975975	 sent Time 3724.799999997708
received Time: 5472.8000000023785	 sent Time 3724.799999997708
received Time: 4409.2999999985095	 sent Time 3724.799999997708
received Time: 5013.500000000708	 sent Time 3724.799999997708
received Time: 3976.8999999974785	 sent Time 3724.799999997708
received Time: 3751.199999997684	 sent Time 3724.799999997708
received Time: 5400.800000002117	 sent Time 3724.799999997708
received Time: 5460.200000002333	 sent Time 3724.799999997708
received Time: 5018.000000000724	 sent Time 3724.799999997708
received Time: 4316.599999998172	 sent Time 3724.799999997708
received Time: 5428.0000000022155	 sent Time 3724.799999997708
received Time: 4796.699999999919	 sent Time 3724.799999997708
received Time: 5427.800000002215	 sent Time 3724.799999997708
received Time: 4852.800000000123	 sent Time 3724.799999997708
received Time: 3981.5999999974742	 sent Time 3724.799999997708
received Time: 4747.699999999741	 sent Time 3724.799999997708
received Time: 4775.499999999842	 sent Time 3724.799999997708
received Time: 4203.799999997762	 sent Time 3724.799999997708
received Time: 3735.799999997698	 sent Time 3724.799999997708
received Time: 4161.199999997607	 sent Time 3724.799999997708
received Time: 3977.0999999974783	 sent Time 3724.799999997708
received Time: 4200.0999999977485	 sent Time 3724.799999997708
received Time: 3968.799999997486	 sent Time 3724.799999997708
received Time: 3740.199999997694	 sent Time 3724.799999997708
received Time: 5650.400000003025	 sent Time 3724.799999997708
received Time: 4347.699999998285	 sent Time 3724.799999997708
received Time: 5460.600000002334	 sent Time 3724.799999997708
received Time: 5154.900000001222	 sent Time 3724.799999997708
received Time: 4746.599999999737	 sent Time 3724.799999997708
received Time: 3747.1999999976874	 sent Time 3724.799999997708
received Time: 3725.499999997707	 sent Time 3724.799999997708
received Time: 4775.599999999842	 sent Time 3724.799999997708
received Time: 4746.199999999735	 sent Time 3724.799999997708
received Time: 3736.3999999976973	 sent Time 3724.799999997708
received Time: 3946.899999997506	 sent Time 3724.799999997708
received Time: 4525.799999998933	 sent Time 3724.799999997708
received Time: 3725.599999997707	 sent Time 3724.799999997708
received Time: 3738.4999999976953	 sent Time 3724.799999997708
received Time: 4438.499999998616	 sent Time 3724.799999997708
received Time: 5017.6000000007225	 sent Time 3724.799999997708
received Time: 4201.399999997753	 sent Time 3724.799999997708
received Time: 4464.599999998711	 sent Time 3724.799999997708
received Time: 3736.2999999976973	 sent Time 3724.799999997708
received Time: 4796.99999999992	 sent Time 3724.799999997708
received Time: 3725.799999997707	 sent Time 3724.799999997708
received Time: 3746.0999999976884	 sent Time 3724.799999997708
received Time: 3725.699999997707	 sent Time 3724.799999997708
received Time: 5429.800000002222	 sent Time 3724.799999997708
received Time: 4346.09999999828	 sent Time 3724.799999997708
received Time: 3743.7999999976905	 sent Time 3724.799999997708
received Time: 3742.5999999976916	 sent Time 3724.799999997708
received Time: 4203.599999997761	 sent Time 3724.799999997708
received Time: 4204.199999997763	 sent Time 3724.799999997708
received Time: 4131.999999997501	 sent Time 3724.799999997708
received Time: 3981.799999997474	 sent Time 3724.799999997708
received Time: 6672.1000000067415	 sent Time 3724.799999997708
received Time: 3742.6999999976915	 sent Time 3724.799999997708
received Time: 3976.7999999974786	 sent Time 3724.799999997708
received Time: 4161.399999997608	 sent Time 3724.799999997708
received Time: 4357.29999999832	 sent Time 3724.799999997708
received Time: 4160.899999997606	 sent Time 3724.799999997708
avgAoI: 724.749757673524 | overhead: 1.1147011308562198 | validDeliveries: 619
3431.8 14400: 3.30 1/s
Simulation done in 3431.70s
---
All done in 3432.03s
