Run 1/1
Running simulation 'FL_C_CCN_Cache_50_RWP'
60.0 3883: 64.71 1/s
120.0 5217: 22.24 1/s
180.0 6174: 15.94 1/s
240.0 7203: 17.15 1/s
300.0 8245: 17.37 1/s
360.0 9398: 19.21 1/s
420.0 10467: 17.81 1/s
480.0 11436: 16.16 1/s
540.0 12635: 19.98 1/s
600.0 13835: 20.00 1/s
Unique content gateway: 283 :: total unique content cache: 1
received Time: 670.5000000000839	 sent Time 60.00000000000058
received Time: 1480.7999999997487	 sent Time 60.00000000000058
received Time: 151.1999999999957	 sent Time 60.00000000000058
received Time: 62.300000000000615	 sent Time 60.00000000000058
received Time: 1262.2999999999474	 sent Time 60.00000000000058
received Time: 1262.4999999999472	 sent Time 60.00000000000058
received Time: 1602.2999999996382	 sent Time 60.00000000000058
received Time: 1093.400000000101	 sent Time 60.00000000000058
received Time: 60.200000000000585	 sent Time 60.00000000000058
received Time: 1480.9999999997485	 sent Time 60.00000000000058
received Time: 168.29999999999472	 sent Time 60.00000000000058
received Time: 3331.3999999980656	 sent Time 60.00000000000058
received Time: 1491.499999999739	 sent Time 60.00000000000058
received Time: 1602.399999999638	 sent Time 60.00000000000058
received Time: 1262.3999999999473	 sent Time 60.00000000000058
received Time: 1491.399999999739	 sent Time 60.00000000000058
received Time: 790.4000000001112	 sent Time 60.00000000000058
received Time: 1375.5999999998444	 sent Time 60.00000000000058
received Time: 790.6000000001112	 sent Time 60.00000000000058
received Time: 359.00000000001313	 sent Time 60.00000000000058
received Time: 74.50000000000004	 sent Time 60.00000000000058
received Time: 1766.8999999994885	 sent Time 60.00000000000058
received Time: 1749.799999999504	 sent Time 60.00000000000058
received Time: 790.5000000001112	 sent Time 60.00000000000058
received Time: 70.80000000000025	 sent Time 60.00000000000058
received Time: 1602.1999999996383	 sent Time 60.00000000000058
received Time: 71.20000000000023	 sent Time 60.00000000000058
received Time: 793.5000000001119	 sent Time 60.00000000000058
received Time: 70.70000000000026	 sent Time 60.00000000000058
received Time: 769.4000000001064	 sent Time 60.00000000000058
received Time: 1262.699999999947	 sent Time 60.00000000000058
received Time: 358.9000000000131	 sent Time 60.00000000000058
received Time: 2922.6999999984373	 sent Time 1140.5000000000582
received Time: 2969.199999998395	 sent Time 1140.5000000000582
received Time: 1726.799999999525	 sent Time 1140.5000000000582
received Time: 1263.1999999999466	 sent Time 1140.5000000000582
received Time: 1689.299999999559	 sent Time 1140.5000000000582
received Time: 1277.2999999999338	 sent Time 1140.5000000000582
received Time: 2223.0999999990736	 sent Time 1140.5000000000582
received Time: 1141.0000000000578	 sent Time 1140.5000000000582
received Time: 1497.0999999997339	 sent Time 1140.5000000000582
received Time: 1514.3999999997181	 sent Time 1140.5000000000582
received Time: 2726.4999999986157	 sent Time 1140.5000000000582
received Time: 4551.199999999026	 sent Time 1140.5000000000582
received Time: 2513.4999999988095	 sent Time 1140.5000000000582
received Time: 1480.599999999749	 sent Time 1140.5000000000582
received Time: 2923.4999999984366	 sent Time 1140.5000000000582
received Time: 1274.1999999999366	 sent Time 1140.5000000000582
received Time: 2513.3999999988096	 sent Time 1140.5000000000582
received Time: 1270.39999999994	 sent Time 1140.5000000000582
received Time: 1274.0999999999367	 sent Time 1140.5000000000582
received Time: 2925.4999999984348	 sent Time 1140.5000000000582
received Time: 1271.499999999939	 sent Time 1140.5000000000582
received Time: 1806.4999999994525	 sent Time 1140.5000000000582
received Time: 3331.2999999980657	 sent Time 1140.5000000000582
received Time: 1749.899999999504	 sent Time 1140.5000000000582
received Time: 2270.5999999990304	 sent Time 1140.5000000000582
received Time: 2725.7999999986164	 sent Time 1140.5000000000582
received Time: 3060.699999998312	 sent Time 1140.5000000000582
received Time: 3532.199999997883	 sent Time 1140.5000000000582
received Time: 2726.399999998616	 sent Time 1140.5000000000582
received Time: 1831.7999999994295	 sent Time 1140.5000000000582
received Time: 1480.8999999997486	 sent Time 1140.5000000000582
received Time: 1140.800000000058	 sent Time 1140.5000000000582
received Time: 2923.199999998437	 sent Time 1741.4999999995116
received Time: 1758.1999999994964	 sent Time 1741.4999999995116
received Time: 1831.5999999994297	 sent Time 1741.4999999995116
received Time: 1750.2999999995036	 sent Time 1741.4999999995116
received Time: 2223.2999999990734	 sent Time 1741.4999999995116
received Time: 2223.1999999990735	 sent Time 1741.4999999995116
received Time: 2726.299999998616	 sent Time 1741.4999999995116
received Time: 1741.9999999995111	 sent Time 1741.4999999995116
received Time: 1742.199999999511	 sent Time 1741.4999999995116
received Time: 2725.8999999986163	 sent Time 1741.4999999995116
received Time: 2922.999999998437	 sent Time 1741.4999999995116
received Time: 2513.5999999988094	 sent Time 1741.4999999995116
received Time: 1761.1999999994937	 sent Time 1741.4999999995116
received Time: 1741.8999999995112	 sent Time 1741.4999999995116
received Time: 1758.4999999994961	 sent Time 1741.4999999995116
received Time: 2093.2999999991916	 sent Time 1741.4999999995116
received Time: 1964.5999999993087	 sent Time 1741.4999999995116
received Time: 2005.7999999992712	 sent Time 1741.4999999995116
received Time: 3532.4999999978827	 sent Time 1741.4999999995116
received Time: 2270.6999999990303	 sent Time 1741.4999999995116
received Time: 2726.199999998616	 sent Time 1741.4999999995116
received Time: 2480.2999999988397	 sent Time 1741.4999999995116
received Time: 3114.499999998263	 sent Time 1741.4999999995116
received Time: 2725.999999998616	 sent Time 1741.4999999995116
received Time: 3004.0999999983633	 sent Time 1741.4999999995116
received Time: 1759.4999999994952	 sent Time 1741.4999999995116
received Time: 1749.9999999995039	 sent Time 1741.4999999995116
received Time: 4403.199999998487	 sent Time 2282.3999999990197
received Time: 2408.299999998905	 sent Time 2282.3999999990197
received Time: 3180.299999998203	 sent Time 2282.3999999990197
received Time: 2596.8999999987336	 sent Time 2282.3999999990197
received Time: 2282.899999999019	 sent Time 2282.3999999990197
received Time: 2923.2999999984368	 sent Time 2282.3999999990197
received Time: 2596.9999999987335	 sent Time 2282.3999999990197
received Time: 2913.099999998446	 sent Time 2282.3999999990197
received Time: 2408.1999999989052	 sent Time 2282.3999999990197
received Time: 2595.6999999987347	 sent Time 2282.3999999990197
received Time: 4156.299999997589	 sent Time 2282.3999999990197
received Time: 3998.9999999974584	 sent Time 2282.3999999990197
received Time: 2959.499999998404	 sent Time 2282.3999999990197
received Time: 2912.999999998446	 sent Time 2282.3999999990197
received Time: 4550.499999999023	 sent Time 2282.3999999990197
received Time: 3355.3999999980438	 sent Time 2282.3999999990197
received Time: 2922.899999998437	 sent Time 2282.3999999990197
received Time: 4978.700000000581	 sent Time 2282.3999999990197
received Time: 4977.600000000577	 sent Time 2282.3999999990197
received Time: 2283.199999999019	 sent Time 2282.3999999990197
received Time: 2948.099999998414	 sent Time 2282.3999999990197
received Time: 3530.999999997884	 sent Time 2282.3999999990197
received Time: 3531.099999997884	 sent Time 2282.3999999990197
received Time: 2577.1999999987515	 sent Time 2282.3999999990197
received Time: 2282.999999999019	 sent Time 2282.3999999990197
received Time: 3659.699999997767	 sent Time 2282.3999999990197
received Time: 4565.299999999077	 sent Time 2282.3999999990197
received Time: 3042.3999999983284	 sent Time 2282.3999999990197
received Time: 2595.7999999987346	 sent Time 2282.3999999990197
received Time: 3531.6999999978834	 sent Time 2282.3999999990197
received Time: 2283.099999999019	 sent Time 2282.3999999990197
received Time: 2726.099999998616	 sent Time 2282.3999999990197
received Time: 4365.999999998352	 sent Time 2763.1999999985824
received Time: 3659.599999997767	 sent Time 2763.1999999985824
received Time: 2770.5999999985756	 sent Time 2763.1999999985824
received Time: 3003.5999999983637	 sent Time 2763.1999999985824
received Time: 4403.89999999849	 sent Time 2763.1999999985824
received Time: 4371.299999998371	 sent Time 2763.1999999985824
received Time: 2969.399999998395	 sent Time 2763.1999999985824
received Time: 3727.0999999977057	 sent Time 2763.1999999985824
received Time: 2763.399999998582	 sent Time 2763.1999999985824
received Time: 4550.399999999023	 sent Time 2763.1999999985824
received Time: 3998.8999999974585	 sent Time 2763.1999999985824
received Time: 3929.3999999975217	 sent Time 2763.1999999985824
received Time: 2927.399999998433	 sent Time 2763.1999999985824
received Time: 3999.1999999974582	 sent Time 2763.1999999985824
received Time: 3530.899999997884	 sent Time 2763.1999999985824
received Time: 2912.899999998446	 sent Time 2763.1999999985824
received Time: 4977.500000000577	 sent Time 2763.1999999985824
received Time: 2925.399999998435	 sent Time 2763.1999999985824
received Time: 3531.3999999978837	 sent Time 2763.1999999985824
received Time: 3013.6999999983545	 sent Time 2763.1999999985824
received Time: 4225.599999997841	 sent Time 2763.1999999985824
received Time: 5050.700000000843	 sent Time 2763.1999999985824
received Time: 3114.599999998263	 sent Time 2763.1999999985824
received Time: 2770.4999999985757	 sent Time 2763.1999999985824
received Time: 2969.299999998395	 sent Time 2763.1999999985824
received Time: 3532.399999997883	 sent Time 2763.1999999985824
received Time: 3331.4999999980655	 sent Time 2763.1999999985824
received Time: 4977.400000000576	 sent Time 3243.999999998145
received Time: 3311.299999998084	 sent Time 3243.999999998145
received Time: 3522.6999999978916	 sent Time 3243.999999998145
received Time: 5052.200000000848	 sent Time 3243.999999998145
received Time: 7008.800000007966	 sent Time 3243.999999998145
received Time: 4978.50000000058	 sent Time 3243.999999998145
received Time: 3912.699999997537	 sent Time 3243.999999998145
received Time: 4979.200000000583	 sent Time 3243.999999998145
received Time: 4366.299999998353	 sent Time 3243.999999998145
received Time: 3726.999999997706	 sent Time 3243.999999998145
received Time: 5035.700000000788	 sent Time 3243.999999998145
received Time: 3531.7999999978833	 sent Time 3243.999999998145
received Time: 4976.900000000574	 sent Time 3243.999999998145
received Time: 4977.100000000575	 sent Time 3243.999999998145
received Time: 3251.3999999981384	 sent Time 3243.999999998145
received Time: 3311.4999999980837	 sent Time 3243.999999998145
received Time: 4403.7999999984895	 sent Time 3243.999999998145
received Time: 5113.8000000010725	 sent Time 3243.999999998145
received Time: 5052.100000000848	 sent Time 3243.999999998145
received Time: 3659.799999997767	 sent Time 3243.999999998145
received Time: 3355.299999998044	 sent Time 3243.999999998145
received Time: 3522.5999999978917	 sent Time 3243.999999998145
received Time: 3254.899999998135	 sent Time 3243.999999998145
received Time: 7008.500000007965	 sent Time 3243.999999998145
received Time: 3341.2999999980566	 sent Time 3243.999999998145
received Time: 4224.799999997838	 sent Time 3784.899999997653
received Time: 4370.499999998368	 sent Time 3784.899999997653
received Time: 3785.3999999976527	 sent Time 3784.899999997653
received Time: 4225.19999999784	 sent Time 3784.899999997653
received Time: 5051.300000000845	 sent Time 3784.899999997653
received Time: 4402.799999998486	 sent Time 3784.899999997653
received Time: 7008.0000000079635	 sent Time 3784.899999997653
received Time: 4977.700000000577	 sent Time 3784.899999997653
received Time: 4977.000000000575	 sent Time 3784.899999997653
received Time: 5035.500000000788	 sent Time 3784.899999997653
received Time: 3929.4999999975216	 sent Time 3784.899999997653
received Time: 5035.800000000789	 sent Time 3784.899999997653
received Time: 5051.500000000846	 sent Time 3784.899999997653
received Time: 6673.400000006746	 sent Time 3784.899999997653
received Time: 4551.499999999027	 sent Time 3784.899999997653
received Time: 5061.100000000881	 sent Time 3784.899999997653
received Time: 3895.2999999975527	 sent Time 3784.899999997653
received Time: 4976.700000000574	 sent Time 3784.899999997653
received Time: 4549.59999999902	 sent Time 3784.899999997653
received Time: 3785.199999997653	 sent Time 3784.899999997653
received Time: 4549.69999999902	 sent Time 3784.899999997653
received Time: 4225.29999999784	 sent Time 3784.899999997653
received Time: 6493.900000006093	 sent Time 3784.899999997653
received Time: 3912.599999997537	 sent Time 3784.899999997653
received Time: 5050.400000000842	 sent Time 3784.899999997653
received Time: 4403.699999998489	 sent Time 3784.899999997653
received Time: 4565.499999999078	 sent Time 3784.899999997653
received Time: 4445.799999998642	 sent Time 4445.399999998641
received Time: 4459.699999998693	 sent Time 4445.399999998641
received Time: 4463.299999998706	 sent Time 4445.399999998641
received Time: 5050.800000000843	 sent Time 4445.399999998641
received Time: 5053.000000000851	 sent Time 4445.399999998641
received Time: 4894.600000000275	 sent Time 4445.399999998641
received Time: 6443.300000005909	 sent Time 4445.399999998641
received Time: 5052.900000000851	 sent Time 4445.399999998641
received Time: 5050.600000000843	 sent Time 4445.399999998641
received Time: 4445.699999998642	 sent Time 4445.399999998641
received Time: 5035.900000000789	 sent Time 4445.399999998641
received Time: 5050.900000000844	 sent Time 4445.399999998641
received Time: 4550.099999999022	 sent Time 4445.399999998641
received Time: 7008.100000007964	 sent Time 4445.399999998641
received Time: 5034.800000000785	 sent Time 4445.399999998641
received Time: 6284.900000005333	 sent Time 4445.399999998641
received Time: 4976.800000000574	 sent Time 4445.399999998641
received Time: 4513.99999999889	 sent Time 4445.399999998641
received Time: 5278.500000001672	 sent Time 4445.399999998641
received Time: 4584.199999999146	 sent Time 4445.399999998641
received Time: 4456.2999999986805	 sent Time 4445.399999998641
received Time: 5093.000000000997	 sent Time 4445.399999998641
received Time: 5050.500000000842	 sent Time 4445.399999998641
received Time: 5384.400000002057	 sent Time 4445.399999998641
received Time: 5113.600000001072	 sent Time 4445.399999998641
received Time: 5051.600000000846	 sent Time 4445.399999998641
received Time: 7149.100000008477	 sent Time 4445.399999998641
received Time: 4514.199999998891	 sent Time 4445.399999998641
received Time: 4992.800000000632	 sent Time 4985.400000000605
received Time: 7619.500000010188	 sent Time 4985.400000000605
received Time: 8826.50000001458	 sent Time 4985.400000000605
received Time: 6443.4000000059095	 sent Time 4985.400000000605
received Time: 7320.3000000091	 sent Time 4985.400000000605
received Time: 6493.7000000060925	 sent Time 4985.400000000605
received Time: 7128.400000008402	 sent Time 4985.400000000605
received Time: 6850.000000007389	 sent Time 4985.400000000605
received Time: 6443.60000000591	 sent Time 4985.400000000605
received Time: 5905.900000003954	 sent Time 4985.400000000605
received Time: 7128.700000008403	 sent Time 4985.400000000605
received Time: 5036.3000000007905	 sent Time 4985.400000000605
received Time: 5043.400000000816	 sent Time 4985.400000000605
received Time: 4992.900000000633	 sent Time 4985.400000000605
received Time: 7073.4000000082015	 sent Time 4985.400000000605
received Time: 5819.000000003638	 sent Time 4985.400000000605
received Time: 4985.600000000606	 sent Time 4985.400000000605
received Time: 5203.9000000014	 sent Time 4985.400000000605
received Time: 4998.500000000653	 sent Time 4985.400000000605
received Time: 5818.6000000036365	 sent Time 4985.400000000605
received Time: 5480.600000002407	 sent Time 4985.400000000605
received Time: 6283.800000005329	 sent Time 4985.400000000605
received Time: 5837.900000003707	 sent Time 4985.400000000605
received Time: 5384.100000002056	 sent Time 4985.400000000605
received Time: 6597.800000006471	 sent Time 5825.400000003661
received Time: 9006.300000015233	 sent Time 5825.400000003661
received Time: 6850.100000007389	 sent Time 5825.400000003661
received Time: 7095.4000000082815	 sent Time 5825.400000003661
received Time: 6610.200000006516	 sent Time 5825.400000003661
received Time: 6994.600000007915	 sent Time 5825.400000003661
received Time: 7578.600000010039	 sent Time 5825.400000003661
received Time: 7807.900000010874	 sent Time 5825.400000003661
received Time: 6383.700000005692	 sent Time 5825.400000003661
received Time: 6114.300000004712	 sent Time 5825.400000003661
received Time: 6034.700000004423	 sent Time 5825.400000003661
received Time: 6684.700000006787	 sent Time 5825.400000003661
received Time: 7172.1000000085605	 sent Time 5825.400000003661
received Time: 8746.600000014289	 sent Time 5825.400000003661
received Time: 6285.200000005334	 sent Time 5825.400000003661
received Time: 7123.600000008384	 sent Time 5825.400000003661
received Time: 7095.500000008282	 sent Time 5825.400000003661
received Time: 7320.100000009099	 sent Time 5825.400000003661
received Time: 6285.000000005333	 sent Time 5825.400000003661
received Time: 6403.100000005763	 sent Time 5825.400000003661
received Time: 6826.3000000073025	 sent Time 5825.400000003661
received Time: 8408.300000013058	 sent Time 5825.400000003661
received Time: 5928.100000004035	 sent Time 5825.400000003661
received Time: 5825.600000003662	 sent Time 5825.400000003661
received Time: 6688.500000006801	 sent Time 5825.400000003661
received Time: 6404.800000005769	 sent Time 5825.400000003661
received Time: 6850.2000000073895	 sent Time 5825.400000003661
received Time: 7366.500000009268	 sent Time 5825.400000003661
received Time: 7619.6000000101885	 sent Time 5825.400000003661
avgAoI: 930.1586572449834 | overhead: 1.2014134275618376 | validDeliveries: 283
628.9 14400: 19.58 1/s
Simulation done in 628.83s
---
All done in 629.12s
