Run 1/1
Running simulation 'FL_C_CCN_Cache_100_SPMBM'
60.0 4268: 71.14 1/s
120.0 5948: 28.00 1/s
180.0 7174: 20.43 1/s
240.0 8208: 17.22 1/s
300.0 9101: 14.90 1/s
360.0 9914: 13.54 1/s
420.0 10547: 10.55 1/s
480.0 11200: 10.89 1/s
540.0 11834: 10.56 1/s
600.1 12462: 10.45 1/s
660.1 13007: 9.09 1/s
720.1 13543: 8.94 1/s
780.1 14002: 7.65 1/s
Unique content gateway: 487 :: total unique content cache: 1
received Time: 1974.2999999992999	 sent Time 60.00000000000058
received Time: 1275.999999999935	 sent Time 60.00000000000058
received Time: 950.1000000001475	 sent Time 60.00000000000058
received Time: 1275.7999999999352	 sent Time 60.00000000000058
received Time: 322.0000000000047	 sent Time 60.00000000000058
received Time: 60.30000000000059	 sent Time 60.00000000000058
received Time: 1974.1999999993	 sent Time 60.00000000000058
received Time: 2988.1999999983777	 sent Time 60.00000000000058
received Time: 2379.4999999989313	 sent Time 60.00000000000058
received Time: 3470.499999997939	 sent Time 60.00000000000058
received Time: 5893.100000003908	 sent Time 60.00000000000058
received Time: 1275.6999999999352	 sent Time 60.00000000000058
received Time: 2352.399999998956	 sent Time 60.00000000000058
received Time: 2347.4999999989604	 sent Time 60.00000000000058
received Time: 1607.1999999996337	 sent Time 60.00000000000058
received Time: 2359.19999999895	 sent Time 60.00000000000058
received Time: 2988.4999999983775	 sent Time 60.00000000000058
received Time: 2347.89999999896	 sent Time 60.00000000000058
received Time: 2347.2999999989606	 sent Time 60.00000000000058
received Time: 2355.3999999989533	 sent Time 60.00000000000058
received Time: 1607.2999999996337	 sent Time 60.00000000000058
received Time: 2379.1999999989316	 sent Time 60.00000000000058
received Time: 4388.199999998433	 sent Time 60.00000000000058
received Time: 950.3000000001475	 sent Time 60.00000000000058
received Time: 1276.1999999999348	 sent Time 60.00000000000058
received Time: 1275.4999999999354	 sent Time 60.00000000000058
received Time: 950.2000000001475	 sent Time 60.00000000000058
received Time: 2579.3999999987495	 sent Time 60.00000000000058
received Time: 2568.799999998759	 sent Time 60.00000000000058
received Time: 2346.899999998961	 sent Time 60.00000000000058
received Time: 950.8000000001476	 sent Time 60.00000000000058
received Time: 2347.1999999989607	 sent Time 60.00000000000058
received Time: 1100.4000000000947	 sent Time 60.00000000000058
received Time: 2358.79999999895	 sent Time 60.00000000000058
received Time: 4388.299999998433	 sent Time 60.00000000000058
received Time: 1924.1999999993454	 sent Time 60.00000000000058
received Time: 1276.0999999999349	 sent Time 60.00000000000058
received Time: 4433.999999998599	 sent Time 60.00000000000058
received Time: 2347.6999999989603	 sent Time 60.00000000000058
received Time: 1100.5000000000946	 sent Time 60.00000000000058
received Time: 1870.3999999993944	 sent Time 60.00000000000058
received Time: 629.6000000000746	 sent Time 60.00000000000058
received Time: 4390.399999998441	 sent Time 60.00000000000058
received Time: 5567.700000002724	 sent Time 60.00000000000058
received Time: 950.6000000001476	 sent Time 60.00000000000058
received Time: 2347.99999999896	 sent Time 60.00000000000058
received Time: 1275.5999999999353	 sent Time 60.00000000000058
received Time: 2352.299999998956	 sent Time 60.00000000000058
received Time: 2358.89999999895	 sent Time 60.00000000000058
received Time: 1276.2999999999347	 sent Time 60.00000000000058
received Time: 2355.499999998953	 sent Time 60.00000000000058
received Time: 3468.399999997941	 sent Time 60.00000000000058
received Time: 3470.699999997939	 sent Time 60.00000000000058
received Time: 1870.0999999993946	 sent Time 60.00000000000058
received Time: 60.40000000000059	 sent Time 60.00000000000058
received Time: 2626.8999999987063	 sent Time 60.00000000000058
received Time: 1275.899999999935	 sent Time 60.00000000000058
received Time: 950.9000000001477	 sent Time 60.00000000000058
received Time: 2379.899999998931	 sent Time 60.00000000000058
received Time: 1974.0999999993	 sent Time 60.00000000000058
received Time: 1963.6999999993095	 sent Time 60.00000000000058
received Time: 2380.2999999989306	 sent Time 60.00000000000058
received Time: 950.5000000001476	 sent Time 60.00000000000058
received Time: 2378.899999998932	 sent Time 60.00000000000058
received Time: 3897.5999999975506	 sent Time 60.00000000000058
received Time: 950.4000000001475	 sent Time 60.00000000000058
received Time: 4434.1999999986	 sent Time 60.00000000000058
received Time: 1260.2999999999493	 sent Time 60.00000000000058
received Time: 2347.099999998961	 sent Time 60.00000000000058
received Time: 5576.500000002756	 sent Time 2402.5999999989103
received Time: 5271.600000001647	 sent Time 2402.5999999989103
received Time: 5441.200000002264	 sent Time 2402.5999999989103
received Time: 5518.400000002544	 sent Time 2402.5999999989103
received Time: 4388.699999998435	 sent Time 2402.5999999989103
received Time: 8285.600000012611	 sent Time 2402.5999999989103
received Time: 4433.499999998598	 sent Time 2402.5999999989103
received Time: 4342.899999998268	 sent Time 2402.5999999989103
received Time: 5519.400000002548	 sent Time 2402.5999999989103
received Time: 5568.000000002725	 sent Time 2402.5999999989103
received Time: 5567.500000002723	 sent Time 2402.5999999989103
received Time: 5371.40000000201	 sent Time 2402.5999999989103
received Time: 2416.9999999988972	 sent Time 2402.5999999989103
received Time: 5371.60000000201	 sent Time 2402.5999999989103
received Time: 3468.7999999979406	 sent Time 2402.5999999989103
received Time: 5519.600000002549	 sent Time 2402.5999999989103
received Time: 5518.500000002545	 sent Time 2402.5999999989103
received Time: 3468.6999999979407	 sent Time 2402.5999999989103
received Time: 2988.899999998377	 sent Time 2402.5999999989103
received Time: 5823.800000003655	 sent Time 2402.5999999989103
received Time: 5776.100000003482	 sent Time 2402.5999999989103
received Time: 3470.399999997939	 sent Time 2402.5999999989103
received Time: 5343.200000001907	 sent Time 2402.5999999989103
received Time: 5292.000000001721	 sent Time 2402.5999999989103
received Time: 5824.000000003656	 sent Time 2402.5999999989103
received Time: 5576.000000002754	 sent Time 2402.5999999989103
received Time: 5441.100000002263	 sent Time 2402.5999999989103
received Time: 2568.899999998759	 sent Time 2402.5999999989103
received Time: 5552.200000002667	 sent Time 2402.5999999989103
received Time: 3222.199999998165	 sent Time 2402.5999999989103
received Time: 3897.299999997551	 sent Time 2402.5999999989103
received Time: 5518.200000002544	 sent Time 2402.5999999989103
received Time: 4389.899999998439	 sent Time 2402.5999999989103
received Time: 5272.000000001648	 sent Time 2402.5999999989103
received Time: 5292.100000001721	 sent Time 2402.5999999989103
received Time: 2988.5999999983774	 sent Time 2402.5999999989103
received Time: 2778.1999999985687	 sent Time 2402.5999999989103
received Time: 5518.000000002543	 sent Time 2402.5999999989103
received Time: 5091.20000000099	 sent Time 2402.5999999989103
received Time: 2402.79999999891	 sent Time 2402.5999999989103
received Time: 3897.4999999975507	 sent Time 2402.5999999989103
received Time: 5567.200000002722	 sent Time 2402.5999999989103
received Time: 5519.300000002548	 sent Time 2402.5999999989103
received Time: 2656.2999999986796	 sent Time 2402.5999999989103
received Time: 2715.6999999986256	 sent Time 2402.5999999989103
received Time: 3897.399999997551	 sent Time 2402.5999999989103
received Time: 2988.2999999983776	 sent Time 2402.5999999989103
received Time: 4434.0999999986	 sent Time 2402.5999999989103
received Time: 5518.100000002543	 sent Time 2402.5999999989103
received Time: 4388.799999998435	 sent Time 2402.5999999989103
received Time: 5441.300000002264	 sent Time 2402.5999999989103
received Time: 5515.700000002535	 sent Time 2402.5999999989103
received Time: 4389.4999999984375	 sent Time 2402.5999999989103
received Time: 7162.400000008525	 sent Time 2402.5999999989103
received Time: 2656.1999999986797	 sent Time 2402.5999999989103
received Time: 5654.400000003039	 sent Time 2402.5999999989103
received Time: 5892.900000003907	 sent Time 2402.5999999989103
received Time: 2778.2999999985686	 sent Time 2402.5999999989103
received Time: 2422.699999998892	 sent Time 2402.5999999989103
received Time: 6395.900000005737	 sent Time 2402.5999999989103
received Time: 5272.300000001649	 sent Time 2402.5999999989103
received Time: 4388.499999998434	 sent Time 2402.5999999989103
received Time: 10599.70000002103	 sent Time 2402.5999999989103
received Time: 4343.099999998269	 sent Time 2402.5999999989103
received Time: 4390.09999999844	 sent Time 2402.5999999989103
received Time: 3468.599999997941	 sent Time 2402.5999999989103
received Time: 3468.299999997941	 sent Time 2402.5999999989103
received Time: 7529.500000009861	 sent Time 4025.2999999974345
received Time: 5371.200000002009	 sent Time 4025.2999999974345
received Time: 6422.600000005834	 sent Time 4025.2999999974345
received Time: 5399.4000000021115	 sent Time 4025.2999999974345
received Time: 6458.000000005963	 sent Time 4025.2999999974345
received Time: 10600.400000021033	 sent Time 4025.2999999974345
received Time: 4418.799999998544	 sent Time 4025.2999999974345
received Time: 5576.300000002755	 sent Time 4025.2999999974345
received Time: 7192.500000008635	 sent Time 4025.2999999974345
received Time: 7407.100000009415	 sent Time 4025.2999999974345
received Time: 9783.700000018061	 sent Time 4025.2999999974345
received Time: 5372.000000002012	 sent Time 4025.2999999974345
received Time: 5478.7000000024	 sent Time 4025.2999999974345
received Time: 6396.400000005739	 sent Time 4025.2999999974345
received Time: 7348.600000009203	 sent Time 4025.2999999974345
received Time: 6000.200000004297	 sent Time 4025.2999999974345
received Time: 7162.600000008526	 sent Time 4025.2999999974345
received Time: 6892.700000007544	 sent Time 4025.2999999974345
received Time: 6027.900000004398	 sent Time 4025.2999999974345
received Time: 5721.0000000032815	 sent Time 4025.2999999974345
received Time: 6170.400000004916	 sent Time 4025.2999999974345
received Time: 10165.900000019452	 sent Time 4025.2999999974345
received Time: 5023.900000000745	 sent Time 4025.2999999974345
received Time: 10454.700000020503	 sent Time 4025.2999999974345
received Time: 5576.100000002754	 sent Time 4025.2999999974345
received Time: 5518.600000002545	 sent Time 4025.2999999974345
received Time: 5567.800000002724	 sent Time 4025.2999999974345
received Time: 9417.90000001673	 sent Time 4025.2999999974345
received Time: 4509.199999998873	 sent Time 4025.2999999974345
received Time: 7407.200000009416	 sent Time 4025.2999999974345
received Time: 5478.500000002399	 sent Time 4025.2999999974345
received Time: 5441.500000002265	 sent Time 4025.2999999974345
received Time: 5576.600000002756	 sent Time 4025.2999999974345
received Time: 6027.700000004397	 sent Time 4025.2999999974345
received Time: 10599.80000002103	 sent Time 4025.2999999974345
received Time: 5893.300000003908	 sent Time 4025.2999999974345
received Time: 7161.900000008523	 sent Time 4025.2999999974345
received Time: 5478.3000000023985	 sent Time 4025.2999999974345
received Time: 6027.800000004398	 sent Time 4025.2999999974345
received Time: 7349.100000009204	 sent Time 4025.2999999974345
received Time: 5554.200000002675	 sent Time 4025.2999999974345
received Time: 6892.800000007544	 sent Time 4025.2999999974345
received Time: 4896.1000000002805	 sent Time 4025.2999999974345
received Time: 10599.90000002103	 sent Time 4025.2999999974345
received Time: 4418.499999998543	 sent Time 4025.2999999974345
received Time: 6445.300000005916	 sent Time 4025.2999999974345
received Time: 5566.8000000027205	 sent Time 4025.2999999974345
received Time: 7349.300000009205	 sent Time 4025.2999999974345
received Time: 6422.900000005835	 sent Time 4025.2999999974345
received Time: 5518.7000000025455	 sent Time 4025.2999999974345
received Time: 5654.200000003038	 sent Time 4025.2999999974345
received Time: 7751.700000010669	 sent Time 4025.2999999974345
received Time: 7192.600000008635	 sent Time 4025.2999999974345
received Time: 6445.200000005916	 sent Time 4025.2999999974345
received Time: 10166.100000019453	 sent Time 4025.2999999974345
received Time: 4550.499999999023	 sent Time 4025.2999999974345
received Time: 5441.600000002265	 sent Time 4025.2999999974345
received Time: 5271.700000001647	 sent Time 4025.2999999974345
received Time: 7752.200000010671	 sent Time 4025.2999999974345
received Time: 11729.60000002514	 sent Time 4025.2999999974345
received Time: 4342.999999998268	 sent Time 4025.2999999974345
received Time: 4411.4999999985175	 sent Time 4025.2999999974345
received Time: 4896.200000000281	 sent Time 4025.2999999974345
received Time: 6058.200000004508	 sent Time 4025.2999999974345
received Time: 7406.900000009415	 sent Time 5585.400000002788
received Time: 7348.3000000092015	 sent Time 5585.400000002788
received Time: 6422.800000005835	 sent Time 5585.400000002788
received Time: 6099.100000004657	 sent Time 5585.400000002788
received Time: 7016.700000007995	 sent Time 5585.400000002788
received Time: 7687.200000010434	 sent Time 5585.400000002788
received Time: 9917.600000018549	 sent Time 5585.400000002788
received Time: 7407.4000000094165	 sent Time 5585.400000002788
received Time: 7016.800000007996	 sent Time 5585.400000002788
received Time: 6458.100000005963	 sent Time 5585.400000002788
received Time: 5618.000000002907	 sent Time 5585.400000002788
received Time: 6169.000000004911	 sent Time 5585.400000002788
received Time: 7348.900000009204	 sent Time 5585.400000002788
received Time: 8285.00000001261	 sent Time 5585.400000002788
received Time: 7529.20000000986	 sent Time 5585.400000002788
received Time: 6173.400000004927	 sent Time 5585.400000002788
received Time: 5823.700000003655	 sent Time 5585.400000002788
received Time: 6170.300000004916	 sent Time 5585.400000002788
received Time: 5585.80000000279	 sent Time 5585.400000002788
received Time: 14320.000000034564	 sent Time 5585.400000002788
received Time: 5661.1000000030635	 sent Time 5585.400000002788
received Time: 6457.900000005962	 sent Time 5585.400000002788
received Time: 5654.60000000304	 sent Time 5585.400000002788
received Time: 5605.700000002862	 sent Time 5585.400000002788
received Time: 9783.800000018062	 sent Time 5585.400000002788
received Time: 5823.600000003655	 sent Time 5585.400000002788
received Time: 7177.40000000858	 sent Time 5585.400000002788
received Time: 7407.000000009415	 sent Time 5585.400000002788
received Time: 5585.90000000279	 sent Time 5585.400000002788
received Time: 5604.500000002858	 sent Time 5585.400000002788
received Time: 5624.8000000029315	 sent Time 5585.400000002788
received Time: 7016.200000007993	 sent Time 5585.400000002788
received Time: 13605.100000031964	 sent Time 5585.400000002788
received Time: 8284.600000012608	 sent Time 5585.400000002788
received Time: 5721.100000003282	 sent Time 5585.400000002788
received Time: 7162.2000000085245	 sent Time 5585.400000002788
received Time: 5586.200000002791	 sent Time 5585.400000002788
received Time: 9321.800000016381	 sent Time 5585.400000002788
received Time: 7686.700000010433	 sent Time 5585.400000002788
received Time: 8075.500000011847	 sent Time 5585.400000002788
received Time: 6892.900000007545	 sent Time 5585.400000002788
received Time: 9322.300000016383	 sent Time 5585.400000002788
received Time: 5596.200000002827	 sent Time 5585.400000002788
received Time: 11016.900000022548	 sent Time 5585.400000002788
received Time: 10599.60000002103	 sent Time 5585.400000002788
received Time: 6445.100000005916	 sent Time 5585.400000002788
received Time: 5654.000000003038	 sent Time 5585.400000002788
received Time: 7349.000000009204	 sent Time 5585.400000002788
received Time: 6177.00000000494	 sent Time 5585.400000002788
received Time: 7348.800000009203	 sent Time 5585.400000002788
received Time: 8075.400000011847	 sent Time 5585.400000002788
received Time: 10165.800000019452	 sent Time 5585.400000002788
received Time: 8344.200000012825	 sent Time 5585.400000002788
received Time: 7687.300000010435	 sent Time 5585.400000002788
received Time: 5611.900000002885	 sent Time 5585.400000002788
received Time: 11730.100000025142	 sent Time 5585.400000002788
received Time: 7752.00000001067	 sent Time 5585.400000002788
received Time: 9321.60000001638	 sent Time 5585.400000002788
received Time: 7161.800000008523	 sent Time 5585.400000002788
received Time: 8344.000000012824	 sent Time 5585.400000002788
received Time: 9416.400000016725	 sent Time 5585.400000002788
received Time: 5893.200000003908	 sent Time 5585.400000002788
received Time: 7586.90000001007	 sent Time 6785.400000007154
received Time: 11968.80000002601	 sent Time 6785.400000007154
received Time: 9869.500000018374	 sent Time 6785.400000007154
received Time: 9418.000000016731	 sent Time 6785.400000007154
received Time: 11729.800000025141	 sent Time 6785.400000007154
received Time: 8503.100000013403	 sent Time 6785.400000007154
received Time: 7192.800000008636	 sent Time 6785.400000007154
received Time: 11730.300000025143	 sent Time 6785.400000007154
received Time: 7177.50000000858	 sent Time 6785.400000007154
received Time: 9784.300000018064	 sent Time 6785.400000007154
received Time: 9783.10000001806	 sent Time 6785.400000007154
received Time: 8344.100000012824	 sent Time 6785.400000007154
received Time: 10166.300000019453	 sent Time 6785.400000007154
received Time: 8286.000000012613	 sent Time 6785.400000007154
received Time: 8502.6000000134	 sent Time 6785.400000007154
received Time: 8074.900000011845	 sent Time 6785.400000007154
received Time: 7022.900000008018	 sent Time 6785.400000007154
received Time: 9917.80000001855	 sent Time 6785.400000007154
received Time: 6785.600000007154	 sent Time 6785.400000007154
received Time: 10454.400000020501	 sent Time 6785.400000007154
received Time: 10454.2000000205	 sent Time 6785.400000007154
received Time: 11730.600000025144	 sent Time 6785.400000007154
received Time: 9827.20000001822	 sent Time 6785.400000007154
received Time: 9783.40000001806	 sent Time 6785.400000007154
received Time: 9783.20000001806	 sent Time 6785.400000007154
received Time: 9418.100000016731	 sent Time 6785.400000007154
received Time: 7016.5000000079945	 sent Time 6785.400000007154
received Time: 7408.200000009419	 sent Time 6785.400000007154
received Time: 6806.800000007232	 sent Time 6785.400000007154
received Time: 9783.000000018059	 sent Time 6785.400000007154
received Time: 8344.600000012826	 sent Time 6785.400000007154
received Time: 10600.200000021032	 sent Time 6785.400000007154
received Time: 9828.300000018224	 sent Time 6785.400000007154
received Time: 11454.200000024139	 sent Time 6785.400000007154
received Time: 7161.700000008523	 sent Time 6785.400000007154
received Time: 9323.200000016386	 sent Time 6785.400000007154
received Time: 9322.400000016383	 sent Time 6785.400000007154
received Time: 10455.500000020505	 sent Time 6785.400000007154
received Time: 9416.800000016727	 sent Time 6785.400000007154
received Time: 13634.900000032072	 sent Time 6785.400000007154
received Time: 9826.900000018219	 sent Time 6785.400000007154
received Time: 11417.600000024006	 sent Time 6785.400000007154
received Time: 13635.700000032075	 sent Time 6785.400000007154
received Time: 11456.300000024146	 sent Time 6785.400000007154
received Time: 7752.100000010671	 sent Time 6785.400000007154
received Time: 6799.700000007206	 sent Time 6785.400000007154
received Time: 10454.300000020501	 sent Time 6785.400000007154
received Time: 7406.800000009414	 sent Time 6785.400000007154
received Time: 7687.000000010434	 sent Time 6785.400000007154
received Time: 10166.600000019454	 sent Time 6785.400000007154
received Time: 10166.500000019454	 sent Time 6785.400000007154
received Time: 9418.300000016732	 sent Time 6785.400000007154
received Time: 9828.400000018224	 sent Time 6785.400000007154
received Time: 8076.000000011849	 sent Time 6785.400000007154
received Time: 8344.300000012825	 sent Time 6785.400000007154
received Time: 11456.000000024145	 sent Time 6785.400000007154
received Time: 7751.90000001067	 sent Time 6785.400000007154
received Time: 10455.400000020505	 sent Time 6785.400000007154
received Time: 12782.800000028972	 sent Time 6785.400000007154
received Time: 7682.200000010416	 sent Time 6785.400000007154
received Time: 9867.500000018366	 sent Time 6785.400000007154
received Time: 7529.30000000986	 sent Time 6785.400000007154
received Time: 10600.300000021032	 sent Time 8345.400000012829
received Time: 11901.200000025765	 sent Time 8345.400000012829
received Time: 12940.100000029544	 sent Time 8345.400000012829
received Time: 11455.100000024142	 sent Time 8345.400000012829
received Time: 8503.000000013402	 sent Time 8345.400000012829
received Time: 10261.7000000198	 sent Time 8345.400000012829
received Time: 9322.500000016384	 sent Time 8345.400000012829
received Time: 11730.200000025143	 sent Time 8345.400000012829
received Time: 10166.400000019454	 sent Time 8345.400000012829
received Time: 9836.400000018253	 sent Time 8345.400000012829
received Time: 13198.800000030486	 sent Time 8345.400000012829
received Time: 11457.40000002415	 sent Time 8345.400000012829
received Time: 10492.200000020639	 sent Time 8345.400000012829
received Time: 8345.70000001283	 sent Time 8345.400000012829
received Time: 9321.40000001638	 sent Time 8345.400000012829
received Time: 9417.50000001673	 sent Time 8345.400000012829
received Time: 10083.500000019152	 sent Time 8345.400000012829
received Time: 10083.600000019153	 sent Time 8345.400000012829
received Time: 11015.500000022543	 sent Time 8345.400000012829
received Time: 10454.500000020502	 sent Time 8345.400000012829
received Time: 14320.300000034566	 sent Time 8345.400000012829
received Time: 9785.500000018068	 sent Time 8345.400000012829
received Time: 9784.600000018065	 sent Time 8345.400000012829
received Time: 13033.900000029886	 sent Time 8345.400000012829
received Time: 10155.900000019416	 sent Time 8345.400000012829
received Time: 8366.700000012906	 sent Time 8345.400000012829
received Time: 9868.40000001837	 sent Time 8345.400000012829
received Time: 12497.800000027935	 sent Time 8345.400000012829
received Time: 13636.200000032077	 sent Time 8345.400000012829
received Time: 11768.900000025284	 sent Time 8345.400000012829
received Time: 10468.500000020553	 sent Time 8345.400000012829
received Time: 10468.400000020552	 sent Time 8345.400000012829
received Time: 8470.600000013284	 sent Time 8345.400000012829
received Time: 9322.800000016385	 sent Time 8345.400000012829
received Time: 12832.700000029154	 sent Time 8345.400000012829
received Time: 10454.900000020503	 sent Time 8345.400000012829
received Time: 12832.800000029154	 sent Time 8345.400000012829
received Time: 9869.300000018373	 sent Time 8345.400000012829
received Time: 12498.800000027939	 sent Time 8345.400000012829
received Time: 11017.000000022548	 sent Time 8345.400000012829
received Time: 11454.60000002414	 sent Time 8345.400000012829
received Time: 11016.300000022546	 sent Time 8345.400000012829
received Time: 12496.600000027931	 sent Time 8345.400000012829
received Time: 11795.700000025381	 sent Time 8345.400000012829
received Time: 11795.900000025382	 sent Time 8345.400000012829
received Time: 8345.80000001283	 sent Time 8345.400000012829
received Time: 9916.800000018546	 sent Time 8345.400000012829
received Time: 11316.200000023637	 sent Time 8345.400000012829
received Time: 9833.400000018242	 sent Time 8345.400000012829
received Time: 11015.600000022543	 sent Time 8345.400000012829
received Time: 12782.900000028972	 sent Time 8345.400000012829
received Time: 9322.100000016382	 sent Time 8345.400000012829
received Time: 11454.300000024139	 sent Time 8345.400000012829
received Time: 11015.200000022542	 sent Time 8345.400000012829
received Time: 11755.000000025233	 sent Time 8345.400000012829
received Time: 11015.700000022543	 sent Time 8345.400000012829
received Time: 11316.100000023636	 sent Time 8345.400000012829
received Time: 9918.600000018552	 sent Time 8345.400000012829
received Time: 12498.300000027937	 sent Time 8345.400000012829
received Time: 10361.000000020162	 sent Time 10205.400000019596
received Time: 13636.800000032079	 sent Time 10205.400000019596
received Time: 11968.70000002601	 sent Time 10205.400000019596
received Time: 10218.300000019643	 sent Time 10205.400000019596
received Time: 11510.300000024343	 sent Time 10205.400000019596
received Time: 10206.100000019598	 sent Time 10205.400000019596
received Time: 10230.800000019688	 sent Time 10205.400000019596
received Time: 13635.800000032075	 sent Time 10205.400000019596
received Time: 11456.900000024149	 sent Time 10205.400000019596
received Time: 11902.60000002577	 sent Time 10205.400000019596
received Time: 12705.20000002869	 sent Time 10205.400000019596
received Time: 12705.800000028692	 sent Time 10205.400000019596
received Time: 12782.20000002897	 sent Time 10205.400000019596
received Time: 11015.400000022542	 sent Time 10205.400000019596
received Time: 12705.900000028692	 sent Time 10205.400000019596
received Time: 10441.500000020455	 sent Time 10205.400000019596
received Time: 10206.300000019599	 sent Time 10205.400000019596
received Time: 10205.800000019597	 sent Time 10205.400000019596
received Time: 10230.700000019688	 sent Time 10205.400000019596
received Time: 13637.20000003208	 sent Time 10205.400000019596
received Time: 13034.100000029886	 sent Time 10205.400000019596
received Time: 11315.600000023634	 sent Time 10205.400000019596
received Time: 11016.000000022545	 sent Time 10205.400000019596
received Time: 12340.700000027364	 sent Time 10205.400000019596
received Time: 11455.500000024143	 sent Time 10205.400000019596
received Time: 11968.40000002601	 sent Time 10205.400000019596
received Time: 13635.200000032073	 sent Time 10205.400000019596
received Time: 12496.900000027932	 sent Time 10205.400000019596
received Time: 11902.70000002577	 sent Time 10205.400000019596
received Time: 13637.500000032082	 sent Time 10205.400000019596
received Time: 12782.700000028972	 sent Time 10205.400000019596
received Time: 12496.40000002793	 sent Time 10205.400000019596
received Time: 11769.500000025286	 sent Time 10205.400000019596
received Time: 13687.500000032263	 sent Time 10205.400000019596
received Time: 11315.700000023635	 sent Time 10205.400000019596
received Time: 10228.200000019679	 sent Time 10205.400000019596
received Time: 11015.100000022541	 sent Time 10205.400000019596
received Time: 11186.800000023166	 sent Time 10205.400000019596
received Time: 11316.000000023636	 sent Time 10205.400000019596
received Time: 13636.100000032076	 sent Time 10205.400000019596
received Time: 13034.000000029886	 sent Time 10205.400000019596
received Time: 12497.200000027933	 sent Time 10205.400000019596
received Time: 11315.900000023636	 sent Time 10205.400000019596
received Time: 10215.900000019634	 sent Time 10205.400000019596
received Time: 12720.100000028744	 sent Time 11525.400000024398
received Time: 14320.100000034565	 sent Time 11525.400000024398
received Time: 12705.40000002869	 sent Time 11525.400000024398
received Time: 11540.400000024452	 sent Time 11525.400000024398
received Time: 13180.500000030419	 sent Time 11525.400000024398
received Time: 14025.000000033491	 sent Time 11525.400000024398
received Time: 12706.100000028693	 sent Time 11525.400000024398
received Time: 11680.800000024963	 sent Time 11525.400000024398
received Time: 14319.900000034564	 sent Time 11525.400000024398
received Time: 14106.000000033786	 sent Time 11525.400000024398
received Time: 14192.2000000341	 sent Time 11525.400000024398
received Time: 11539.90000002445	 sent Time 11525.400000024398
received Time: 12705.10000002869	 sent Time 11525.400000024398
received Time: 12832.900000029154	 sent Time 11525.400000024398
received Time: 12705.00000002869	 sent Time 11525.400000024398
received Time: 14024.400000033489	 sent Time 11525.400000024398
received Time: 11807.300000025423	 sent Time 11525.400000024398
received Time: 12821.000000029111	 sent Time 11525.400000024398
received Time: 12720.200000028744	 sent Time 11525.400000024398
received Time: 12333.400000027337	 sent Time 11525.400000024398
received Time: 12706.200000028693	 sent Time 11525.400000024398
received Time: 13635.300000032074	 sent Time 11525.400000024398
received Time: 12940.300000029545	 sent Time 11525.400000024398
received Time: 12496.50000002793	 sent Time 11525.400000024398
received Time: 12820.70000002911	 sent Time 11525.400000024398
received Time: 14279.700000034418	 sent Time 11525.400000024398
received Time: 11525.600000024398	 sent Time 11525.400000024398
received Time: 11915.900000025818	 sent Time 11525.400000024398
received Time: 13605.000000031963	 sent Time 11525.400000024398
received Time: 14191.900000034098	 sent Time 11525.400000024398
received Time: 12720.000000028744	 sent Time 11525.400000024398
received Time: 13197.600000030481	 sent Time 11525.400000024398
received Time: 13180.70000003042	 sent Time 11525.400000024398
received Time: 11540.300000024452	 sent Time 11525.400000024398
received Time: 12706.000000028693	 sent Time 11525.400000024398
received Time: 11916.30000002582	 sent Time 11525.400000024398
received Time: 12357.800000027426	 sent Time 11525.400000024398
received Time: 13707.800000032337	 sent Time 11525.400000024398
received Time: 14024.50000003349	 sent Time 12845.4000000292
received Time: 14320.200000034565	 sent Time 12845.4000000292
received Time: 14319.400000034562	 sent Time 12845.4000000292
received Time: 14192.600000034101	 sent Time 12845.4000000292
received Time: 14105.800000033785	 sent Time 12845.4000000292
received Time: 14106.100000033786	 sent Time 12845.4000000292
received Time: 13775.800000032585	 sent Time 12845.4000000292
received Time: 12846.100000029202	 sent Time 12845.4000000292
received Time: 14319.300000034562	 sent Time 12845.4000000292
received Time: 14024.70000003349	 sent Time 12845.4000000292
received Time: 13182.500000030426	 sent Time 12845.4000000292
received Time: 14024.60000003349	 sent Time 12845.4000000292
received Time: 13635.000000032072	 sent Time 12845.4000000292
received Time: 12947.900000029573	 sent Time 12845.4000000292
received Time: 12845.800000029201	 sent Time 12845.4000000292
received Time: 13198.500000030484	 sent Time 12845.4000000292
received Time: 13451.700000031406	 sent Time 12845.4000000292
received Time: 13180.400000030419	 sent Time 12845.4000000292
received Time: 13180.60000003042	 sent Time 12845.4000000292
received Time: 12845.900000029202	 sent Time 12845.4000000292
received Time: 14024.90000003349	 sent Time 12845.4000000292
received Time: 14345.600000034658	 sent Time 14345.400000034657
avgAoI: 2132.249691997472 | overhead: 1.4907597535934292 | validDeliveries: 487
833.4 14400: 7.46 1/s
Simulation done in 833.32s
---
All done in 833.60s
