Run 1/1
Running simulation 'FL_D_CCN_LRU_100_RWP'
60.0 1558: 25.97 1/s
120.0 2269: 11.84 1/s
180.0 2736: 7.79 1/s
240.0 3093: 5.95 1/s
300.0 3423: 5.49 1/s
360.0 3715: 4.87 1/s
420.1 3962: 4.11 1/s
480.1 4185: 3.72 1/s
540.1 4431: 4.11 1/s
600.1 4709: 4.63 1/s
660.1 4905: 3.27 1/s
720.1 5080: 2.91 1/s
780.2 5262: 3.03 1/s
840.2 5427: 2.76 1/s
900.2 5572: 2.41 1/s
960.2 5769: 3.29 1/s
1020.2 5989: 3.67 1/s
1080.3 6219: 3.82 1/s
1140.3 6419: 3.34 1/s
1200.3 6627: 3.46 1/s
1260.3 6843: 3.61 1/s
1320.3 7060: 3.61 1/s
1380.3 7271: 3.52 1/s
1440.4 7484: 3.55 1/s
1500.4 7695: 3.51 1/s
1560.4 7893: 3.30 1/s
1620.4 8069: 2.93 1/s
1680.4 8227: 2.63 1/s
1740.4 8378: 2.52 1/s
1800.5 8522: 2.39 1/s
1860.5 8677: 2.59 1/s
1920.5 8837: 2.66 1/s
1980.5 9003: 2.77 1/s
2040.6 9174: 2.84 1/s
2100.6 9355: 3.03 1/s
2160.6 9528: 2.88 1/s
2220.6 9706: 2.96 1/s
2280.6 9893: 3.12 1/s
2340.7 10067: 2.89 1/s
2400.7 10234: 2.78 1/s
2460.7 10411: 2.95 1/s
2520.8 10599: 3.13 1/s
2580.8 10790: 3.18 1/s
2640.8 10979: 3.15 1/s
2700.8 11170: 3.19 1/s
2760.8 11351: 3.02 1/s
2820.8 11529: 2.97 1/s
2880.9 11721: 3.20 1/s
2940.9 11914: 3.22 1/s
3000.9 12111: 3.28 1/s
3060.9 12317: 3.43 1/s
3120.9 12532: 3.58 1/s
3180.9 12732: 3.33 1/s
3241.0 12914: 3.03 1/s
3301.0 13087: 2.90 1/s
3361.0 13265: 2.95 1/s
3421.0 13455: 3.18 1/s
3481.0 13638: 3.05 1/s
3541.0 13814: 2.92 1/s
3601.0 13990: 2.94 1/s
3661.1 14151: 2.68 1/s
3721.1 14320: 2.81 1/s
Unique content gateway: 629 :: total unique content cache: 1
received Time: 626.1000000000738	 sent Time 60.00000000000058
received Time: 816.4000000001171	 sent Time 60.00000000000058
received Time: 1205.0999999999995	 sent Time 60.00000000000058
received Time: 80.4999999999997	 sent Time 60.00000000000058
received Time: 80.19999999999972	 sent Time 60.00000000000058
received Time: 626.800000000074	 sent Time 60.00000000000058
received Time: 816.5000000001171	 sent Time 60.00000000000058
received Time: 636.6000000000762	 sent Time 60.00000000000058
received Time: 2887.799999998469	 sent Time 60.00000000000058
received Time: 1294.599999999918	 sent Time 60.00000000000058
received Time: 433.00000000002996	 sent Time 60.00000000000058
received Time: 765.3000000001055	 sent Time 60.00000000000058
received Time: 636.7000000000762	 sent Time 60.00000000000058
received Time: 738.2000000000993	 sent Time 60.00000000000058
received Time: 88.69999999999924	 sent Time 60.00000000000058
received Time: 1205.1999999999994	 sent Time 60.00000000000058
received Time: 1048.0000000001423	 sent Time 60.00000000000058
received Time: 1294.4999999999181	 sent Time 60.00000000000058
received Time: 751.6000000001023	 sent Time 60.00000000000058
received Time: 682.2000000000866	 sent Time 60.00000000000058
received Time: 427.20000000002864	 sent Time 60.00000000000058
received Time: 115.7999999999977	 sent Time 60.00000000000058
received Time: 1374.0999999998457	 sent Time 60.00000000000058
received Time: 738.0000000000992	 sent Time 60.00000000000058
received Time: 60.200000000000585	 sent Time 60.00000000000058
received Time: 682.4000000000866	 sent Time 60.00000000000058
received Time: 1804.2999999994545	 sent Time 60.00000000000058
received Time: 1373.799999999846	 sent Time 60.00000000000058
received Time: 682.7000000000867	 sent Time 60.00000000000058
received Time: 80.09999999999972	 sent Time 60.00000000000058
received Time: 682.6000000000867	 sent Time 60.00000000000058
received Time: 88.99999999999922	 sent Time 60.00000000000058
received Time: 737.9000000000992	 sent Time 60.00000000000058
received Time: 1295.0999999999176	 sent Time 60.00000000000058
received Time: 830.2000000001202	 sent Time 60.00000000000058
received Time: 738.3000000000993	 sent Time 60.00000000000058
received Time: 101.6999999999985	 sent Time 60.00000000000058
received Time: 636.5000000000762	 sent Time 60.00000000000058
received Time: 1374.999999999845	 sent Time 60.00000000000058
received Time: 682.1000000000865	 sent Time 60.00000000000058
received Time: 1374.799999999845	 sent Time 60.00000000000058
received Time: 1804.5999999994542	 sent Time 60.00000000000058
received Time: 2248.79999999905	 sent Time 60.00000000000058
received Time: 1373.3999999998464	 sent Time 60.00000000000058
received Time: 751.4000000001023	 sent Time 60.00000000000058
received Time: 74.40000000000005	 sent Time 60.00000000000058
received Time: 1204.9999999999995	 sent Time 60.00000000000058
received Time: 1048.2000000001422	 sent Time 60.00000000000058
received Time: 80.29999999999971	 sent Time 60.00000000000058
received Time: 637.0000000000763	 sent Time 60.00000000000058
received Time: 1804.1999999994546	 sent Time 60.00000000000058
received Time: 682.0000000000865	 sent Time 60.00000000000058
received Time: 626.900000000074	 sent Time 60.00000000000058
received Time: 1373.9999999998458	 sent Time 60.00000000000058
received Time: 1295.2999999999174	 sent Time 60.00000000000058
received Time: 816.300000000117	 sent Time 60.00000000000058
received Time: 681.9000000000865	 sent Time 60.00000000000058
received Time: 737.8000000000992	 sent Time 60.00000000000058
received Time: 76.49999999999993	 sent Time 60.00000000000058
received Time: 637.1000000000763	 sent Time 60.00000000000058
received Time: 636.8000000000762	 sent Time 60.00000000000058
received Time: 751.5000000001023	 sent Time 60.00000000000058
received Time: 1374.6999999998452	 sent Time 60.00000000000058
received Time: 1770.3999999994853	 sent Time 60.00000000000058
received Time: 74.50000000000004	 sent Time 60.00000000000058
received Time: 1373.4999999998463	 sent Time 60.00000000000058
received Time: 94.6999999999989	 sent Time 60.00000000000058
received Time: 738.1000000000993	 sent Time 60.00000000000058
received Time: 1403.6999999998188	 sent Time 780.3000000001089
received Time: 1843.4999999994188	 sent Time 780.3000000001089
received Time: 1294.699999999918	 sent Time 780.3000000001089
received Time: 2805.0999999985443	 sent Time 780.3000000001089
received Time: 1373.2999999998465	 sent Time 780.3000000001089
received Time: 781.2000000001091	 sent Time 780.3000000001089
received Time: 790.1000000001111	 sent Time 780.3000000001089
received Time: 1886.6999999993795	 sent Time 780.3000000001089
received Time: 2887.899999998469	 sent Time 780.3000000001089
received Time: 1294.1999999999184	 sent Time 780.3000000001089
received Time: 798.300000000113	 sent Time 780.3000000001089
received Time: 1841.4999999994207	 sent Time 780.3000000001089
received Time: 880.6000000001317	 sent Time 780.3000000001089
received Time: 1078.7000000001144	 sent Time 780.3000000001089
received Time: 782.2000000001093	 sent Time 780.3000000001089
received Time: 1472.3999999997563	 sent Time 780.3000000001089
received Time: 2672.299999998665	 sent Time 780.3000000001089
received Time: 1293.9999999999186	 sent Time 780.3000000001089
received Time: 1294.3999999999182	 sent Time 780.3000000001089
received Time: 2805.399999998544	 sent Time 780.3000000001089
received Time: 1205.599999999999	 sent Time 780.3000000001089
received Time: 2200.1999999990944	 sent Time 780.3000000001089
received Time: 1843.8999999994185	 sent Time 780.3000000001089
received Time: 1598.8999999996413	 sent Time 780.3000000001089
received Time: 1047.6000000001427	 sent Time 780.3000000001089
received Time: 1349.599999999868	 sent Time 780.3000000001089
received Time: 1803.8999999994548	 sent Time 780.3000000001089
received Time: 2389.0999999989226	 sent Time 780.3000000001089
received Time: 2388.599999998923	 sent Time 780.3000000001089
received Time: 2699.2999999986405	 sent Time 780.3000000001089
received Time: 1790.9999999994666	 sent Time 780.3000000001089
received Time: 2387.699999998924	 sent Time 780.3000000001089
received Time: 781.100000000109	 sent Time 780.3000000001089
received Time: 1416.8999999998068	 sent Time 780.3000000001089
received Time: 784.7000000001099	 sent Time 780.3000000001089
received Time: 970.000000000152	 sent Time 780.3000000001089
received Time: 1842.4999999994197	 sent Time 780.3000000001089
received Time: 1072.60000000012	 sent Time 780.3000000001089
received Time: 1898.8999999993684	 sent Time 780.3000000001089
received Time: 1228.1999999999784	 sent Time 780.3000000001089
received Time: 2248.3999999990506	 sent Time 780.3000000001089
received Time: 1374.3999999998455	 sent Time 780.3000000001089
received Time: 2248.2999999990507	 sent Time 780.3000000001089
received Time: 1373.899999999846	 sent Time 780.3000000001089
received Time: 1294.2999999999183	 sent Time 780.3000000001089
received Time: 1790.0999999994674	 sent Time 780.3000000001089
received Time: 1267.8999999999423	 sent Time 780.3000000001089
received Time: 2390.0999999989217	 sent Time 780.3000000001089
received Time: 1047.7000000001426	 sent Time 780.3000000001089
received Time: 1374.2999999998456	 sent Time 780.3000000001089
received Time: 780.700000000109	 sent Time 780.3000000001089
received Time: 1898.7999999993685	 sent Time 780.3000000001089
received Time: 1373.699999999846	 sent Time 780.3000000001089
received Time: 798.9000000001131	 sent Time 780.3000000001089
received Time: 1064.7000000001271	 sent Time 780.3000000001089
received Time: 1841.2999999994208	 sent Time 780.3000000001089
received Time: 780.900000000109	 sent Time 780.3000000001089
received Time: 783.2000000001095	 sent Time 780.3000000001089
received Time: 1294.0999999999185	 sent Time 780.3000000001089
received Time: 1790.499999999467	 sent Time 780.3000000001089
received Time: 1790.2999999994672	 sent Time 780.3000000001089
received Time: 1886.4999999993797	 sent Time 780.3000000001089
received Time: 825.8000000001192	 sent Time 780.3000000001089
received Time: 1841.7999999994204	 sent Time 780.3000000001089
received Time: 1844.1999999994182	 sent Time 1320.7999999998942
received Time: 1325.0999999998903	 sent Time 1320.7999999998942
received Time: 3149.1999999982313	 sent Time 1320.7999999998942
received Time: 2714.4999999986267	 sent Time 1320.7999999998942
received Time: 1343.7999999998733	 sent Time 1320.7999999998942
received Time: 3968.0999999974865	 sent Time 1320.7999999998942
received Time: 1886.5999999993796	 sent Time 1320.7999999998942
received Time: 2804.5999999985447	 sent Time 1320.7999999998942
received Time: 1321.5999999998935	 sent Time 1320.7999999998942
received Time: 2248.99999999905	 sent Time 1320.7999999998942
received Time: 2988.799999998377	 sent Time 1320.7999999998942
received Time: 1321.1999999998939	 sent Time 1320.7999999998942
received Time: 2671.9999999986653	 sent Time 1320.7999999998942
received Time: 1334.0999999998821	 sent Time 1320.7999999998942
received Time: 1438.799999999787	 sent Time 1320.7999999998942
received Time: 1339.3999999998773	 sent Time 1320.7999999998942
received Time: 1435.6999999997897	 sent Time 1320.7999999998942
received Time: 3149.399999998231	 sent Time 1320.7999999998942
received Time: 3703.9999999977267	 sent Time 1320.7999999998942
received Time: 1887.7999999993785	 sent Time 1320.7999999998942
received Time: 2671.4999999986658	 sent Time 1320.7999999998942
received Time: 1344.9999999998722	 sent Time 1320.7999999998942
received Time: 1790.1999999994673	 sent Time 1320.7999999998942
received Time: 2305.4999999989986	 sent Time 1320.7999999998942
received Time: 2804.499999998545	 sent Time 1320.7999999998942
received Time: 1367.3999999998518	 sent Time 1320.7999999998942
received Time: 2296.7999999990066	 sent Time 1320.7999999998942
received Time: 3300.8999999980933	 sent Time 1320.7999999998942
received Time: 1789.7999999994677	 sent Time 1320.7999999998942
received Time: 1341.0999999998758	 sent Time 1320.7999999998942
received Time: 2137.2999999991516	 sent Time 1320.7999999998942
received Time: 1841.9999999994202	 sent Time 1320.7999999998942
received Time: 1636.8999999996067	 sent Time 1320.7999999998942
received Time: 1899.0999999993683	 sent Time 1320.7999999998942
received Time: 3149.8999999982307	 sent Time 1320.7999999998942
received Time: 1841.6999999994205	 sent Time 1320.7999999998942
received Time: 1846.599999999416	 sent Time 1320.7999999998942
received Time: 1841.5999999994206	 sent Time 1320.7999999998942
received Time: 1375.1999999998447	 sent Time 1320.7999999998942
received Time: 1332.3999999998837	 sent Time 1320.7999999998942
received Time: 1381.1999999998393	 sent Time 1320.7999999998942
received Time: 1336.39999999988	 sent Time 1320.7999999998942
received Time: 2308.599999998996	 sent Time 1320.7999999998942
received Time: 2671.6999999986656	 sent Time 1320.7999999998942
received Time: 2781.099999998566	 sent Time 1320.7999999998942
received Time: 1469.1999999997593	 sent Time 1320.7999999998942
received Time: 1789.8999999994676	 sent Time 1320.7999999998942
received Time: 2804.6999999985446	 sent Time 1320.7999999998942
received Time: 1671.1999999995755	 sent Time 1320.7999999998942
received Time: 3325.0999999980713	 sent Time 1320.7999999998942
received Time: 1886.8999999993794	 sent Time 1320.7999999998942
received Time: 1335.5999999998808	 sent Time 1320.7999999998942
received Time: 1844.499999999418	 sent Time 1320.7999999998942
received Time: 1887.199999999379	 sent Time 1320.7999999998942
received Time: 1321.3999999998937	 sent Time 1320.7999999998942
received Time: 2556.2999999987705	 sent Time 1320.7999999998942
received Time: 1803.699999999455	 sent Time 1320.7999999998942
received Time: 1803.3999999994553	 sent Time 1320.7999999998942
received Time: 2200.699999999094	 sent Time 1320.7999999998942
received Time: 2556.5999999987703	 sent Time 1320.7999999998942
received Time: 1469.0999999997593	 sent Time 1320.7999999998942
received Time: 4345.899999998279	 sent Time 1320.7999999998942
received Time: 1842.3999999994198	 sent Time 1320.7999999998942
received Time: 2386.9999999989245	 sent Time 1741.4999999995116
received Time: 1755.8999999994985	 sent Time 1741.4999999995116
received Time: 2672.5999999986648	 sent Time 1741.4999999995116
received Time: 2781.5999999985656	 sent Time 1741.4999999995116
received Time: 1898.0999999993692	 sent Time 1741.4999999995116
received Time: 1884.3999999993816	 sent Time 1741.4999999995116
received Time: 2672.399999998665	 sent Time 1741.4999999995116
received Time: 1773.7999999994822	 sent Time 1741.4999999995116
received Time: 3299.7999999980943	 sent Time 1741.4999999995116
received Time: 1803.4999999994552	 sent Time 1741.4999999995116
received Time: 2987.899999998378	 sent Time 1741.4999999995116
received Time: 1871.6999999993932	 sent Time 1741.4999999995116
received Time: 2672.6999999986647	 sent Time 1741.4999999995116
received Time: 2558.199999998769	 sent Time 1741.4999999995116
received Time: 1884.2999999993817	 sent Time 1741.4999999995116
received Time: 1776.4999999994798	 sent Time 1741.4999999995116
received Time: 3151.499999998229	 sent Time 1741.4999999995116
received Time: 1842.19999999942	 sent Time 1741.4999999995116
received Time: 2803.4999999985457	 sent Time 1741.4999999995116
received Time: 3367.4999999980328	 sent Time 1741.4999999995116
received Time: 1884.099999999382	 sent Time 1741.4999999995116
received Time: 3704.4999999977263	 sent Time 1741.4999999995116
received Time: 2558.4999999987685	 sent Time 1741.4999999995116
received Time: 1917.099999999352	 sent Time 1741.4999999995116
received Time: 2305.6999999989985	 sent Time 1741.4999999995116
received Time: 4158.799999997598	 sent Time 1741.4999999995116
received Time: 4160.399999997604	 sent Time 1741.4999999995116
received Time: 2297.499999999006	 sent Time 1741.4999999995116
received Time: 2804.199999998545	 sent Time 1741.4999999995116
received Time: 1920.0999999993492	 sent Time 1741.4999999995116
received Time: 2305.199999998999	 sent Time 1741.4999999995116
received Time: 3300.6999999980935	 sent Time 1741.4999999995116
received Time: 2558.999999998768	 sent Time 1741.4999999995116
received Time: 1789.9999999994675	 sent Time 1741.4999999995116
received Time: 2558.3999999987686	 sent Time 1741.4999999995116
received Time: 2137.4999999991514	 sent Time 1741.4999999995116
received Time: 2296.9999999990064	 sent Time 1741.4999999995116
received Time: 3704.2999999977264	 sent Time 1741.4999999995116
received Time: 1898.5999999993687	 sent Time 1741.4999999995116
received Time: 3150.1999999982304	 sent Time 1741.4999999995116
received Time: 1844.299999999418	 sent Time 1741.4999999995116
received Time: 1826.5999999994342	 sent Time 1741.4999999995116
received Time: 1819.199999999441	 sent Time 1741.4999999995116
received Time: 1884.1999999993818	 sent Time 1741.4999999995116
received Time: 1741.6999999995114	 sent Time 1741.4999999995116
received Time: 1762.7999999994922	 sent Time 1741.4999999995116
received Time: 1762.5999999994924	 sent Time 1741.4999999995116
received Time: 2930.89999999843	 sent Time 1741.4999999995116
received Time: 3363.3999999980365	 sent Time 1741.4999999995116
received Time: 2805.6999999985437	 sent Time 1741.4999999995116
received Time: 1842.09999999942	 sent Time 1741.4999999995116
received Time: 3784.199999997654	 sent Time 1741.4999999995116
received Time: 2699.1999999986406	 sent Time 1741.4999999995116
received Time: 1897.09999999937	 sent Time 1741.4999999995116
received Time: 2782.299999998565	 sent Time 1741.4999999995116
received Time: 1778.399999999478	 sent Time 1741.4999999995116
received Time: 1756.2999999994981	 sent Time 1741.4999999995116
received Time: 2781.399999998566	 sent Time 1741.4999999995116
received Time: 1897.7999999993694	 sent Time 1741.4999999995116
received Time: 1756.399999999498	 sent Time 1741.4999999995116
received Time: 2556.4999999987704	 sent Time 1741.4999999995116
received Time: 1844.6999999994177	 sent Time 1741.4999999995116
received Time: 4346.8999999982825	 sent Time 1741.4999999995116
received Time: 2781.7999999985655	 sent Time 1741.4999999995116
received Time: 2558.099999998769	 sent Time 1741.4999999995116
received Time: 4161.8999999976095	 sent Time 1741.4999999995116
received Time: 3875.6999999975706	 sent Time 1741.4999999995116
received Time: 1842.5999999994197	 sent Time 1741.4999999995116
received Time: 2389.4999999989222	 sent Time 2041.9999999992383
received Time: 2045.599999999235	 sent Time 2041.9999999992383
received Time: 4162.499999997612	 sent Time 2041.9999999992383
received Time: 2390.4999999989213	 sent Time 2041.9999999992383
received Time: 2695.7999999986437	 sent Time 2041.9999999992383
received Time: 3603.0999999978185	 sent Time 2041.9999999992383
received Time: 2568.5999999987594	 sent Time 2041.9999999992383
received Time: 2565.599999998762	 sent Time 2041.9999999992383
received Time: 3301.199999998093	 sent Time 2041.9999999992383
received Time: 2137.5999999991514	 sent Time 2041.9999999992383
received Time: 2987.3999999983785	 sent Time 2041.9999999992383
received Time: 2298.599999999005	 sent Time 2041.9999999992383
received Time: 2805.8999999985435	 sent Time 2041.9999999992383
received Time: 2672.199999998665	 sent Time 2041.9999999992383
received Time: 2962.799999998401	 sent Time 2041.9999999992383
received Time: 2200.9999999990937	 sent Time 2041.9999999992383
received Time: 2528.9999999987954	 sent Time 2041.9999999992383
received Time: 2134.699999999154	 sent Time 2041.9999999992383
received Time: 3705.1999999977256	 sent Time 2041.9999999992383
received Time: 3602.7999999978188	 sent Time 2041.9999999992383
received Time: 2201.3999999990933	 sent Time 2041.9999999992383
received Time: 3782.899999997655	 sent Time 2041.9999999992383
received Time: 2986.799999998379	 sent Time 2041.9999999992383
received Time: 4159.499999997601	 sent Time 2041.9999999992383
received Time: 3151.3999999982293	 sent Time 2041.9999999992383
received Time: 2387.0999999989244	 sent Time 2041.9999999992383
received Time: 2803.9999999985453	 sent Time 2041.9999999992383
received Time: 2387.8999999989237	 sent Time 2041.9999999992383
received Time: 2986.999999998379	 sent Time 2041.9999999992383
received Time: 2042.299999999238	 sent Time 2041.9999999992383
received Time: 2201.1999999990935	 sent Time 2041.9999999992383
received Time: 2137.3999999991515	 sent Time 2041.9999999992383
received Time: 2389.699999998922	 sent Time 2041.9999999992383
received Time: 3784.2999999976537	 sent Time 2041.9999999992383
received Time: 2675.2999999986623	 sent Time 2041.9999999992383
received Time: 2771.499999998575	 sent Time 2041.9999999992383
received Time: 2076.599999999207	 sent Time 2041.9999999992383
received Time: 2138.89999999915	 sent Time 2041.9999999992383
received Time: 2145.499999999144	 sent Time 2041.9999999992383
received Time: 2083.8999999992	 sent Time 2041.9999999992383
received Time: 3425.9999999979796	 sent Time 2041.9999999992383
received Time: 2558.2999999987687	 sent Time 2041.9999999992383
received Time: 2387.799999998924	 sent Time 2041.9999999992383
received Time: 3426.0999999979795	 sent Time 2041.9999999992383
received Time: 2300.3999999990033	 sent Time 2041.9999999992383
received Time: 3784.4999999976535	 sent Time 2041.9999999992383
received Time: 2675.399999998662	 sent Time 2041.9999999992383
received Time: 2805.499999998544	 sent Time 2041.9999999992383
received Time: 3947.3999999975053	 sent Time 2041.9999999992383
received Time: 2042.399999999238	 sent Time 2041.9999999992383
received Time: 2388.799999998923	 sent Time 2041.9999999992383
received Time: 2387.599999998924	 sent Time 2041.9999999992383
received Time: 3968.3999999974862	 sent Time 2041.9999999992383
received Time: 2574.1999999987543	 sent Time 2041.9999999992383
received Time: 3300.5999999980936	 sent Time 2041.9999999992383
received Time: 2675.599999998662	 sent Time 2041.9999999992383
received Time: 2558.6999999987684	 sent Time 2041.9999999992383
received Time: 3092.9999999982824	 sent Time 2041.9999999992383
received Time: 2557.4999999987695	 sent Time 2041.9999999992383
received Time: 3602.499999997819	 sent Time 2041.9999999992383
received Time: 2805.199999998544	 sent Time 2041.9999999992383
received Time: 2403.19999999891	 sent Time 2402.5999999989103
received Time: 2675.499999998662	 sent Time 2402.5999999989103
received Time: 2431.0999999988844	 sent Time 2402.5999999989103
received Time: 2557.899999998769	 sent Time 2402.5999999989103
received Time: 3363.1999999980367	 sent Time 2402.5999999989103
received Time: 3150.0999999982305	 sent Time 2402.5999999989103
received Time: 3300.099999998094	 sent Time 2402.5999999989103
received Time: 3650.4999999977754	 sent Time 2402.5999999989103
received Time: 2699.59999999864	 sent Time 2402.5999999989103
received Time: 2557.999999998769	 sent Time 2402.5999999989103
received Time: 3421.5999999979836	 sent Time 2402.5999999989103
received Time: 2671.5999999986657	 sent Time 2402.5999999989103
received Time: 2557.5999999987694	 sent Time 2402.5999999989103
received Time: 2529.0999999987953	 sent Time 2402.5999999989103
received Time: 2675.9999999986617	 sent Time 2402.5999999989103
received Time: 4161.399999997608	 sent Time 2402.5999999989103
received Time: 3362.2999999980375	 sent Time 2402.5999999989103
received Time: 3603.1999999978184	 sent Time 2402.5999999989103
received Time: 2403.09999999891	 sent Time 2402.5999999989103
received Time: 4465.499999998714	 sent Time 2402.5999999989103
received Time: 2557.6999999987693	 sent Time 2402.5999999989103
received Time: 3362.699999998037	 sent Time 2402.5999999989103
received Time: 3325.699999998071	 sent Time 2402.5999999989103
received Time: 3151.599999998229	 sent Time 2402.5999999989103
received Time: 2607.599999998724	 sent Time 2402.5999999989103
received Time: 3324.299999998072	 sent Time 2402.5999999989103
received Time: 2781.9999999985653	 sent Time 2402.5999999989103
received Time: 3362.799999998037	 sent Time 2402.5999999989103
received Time: 2426.299999998889	 sent Time 2402.5999999989103
received Time: 3661.1999999977656	 sent Time 2402.5999999989103
received Time: 2676.699999998661	 sent Time 2402.5999999989103
received Time: 2422.799999998892	 sent Time 2402.5999999989103
received Time: 3783.3999999976545	 sent Time 2402.5999999989103
received Time: 2676.899999998661	 sent Time 2402.5999999989103
received Time: 3659.1999999977675	 sent Time 2402.5999999989103
received Time: 2402.99999999891	 sent Time 2402.5999999989103
received Time: 2431.1999999988843	 sent Time 2402.5999999989103
received Time: 3947.1999999975055	 sent Time 2402.5999999989103
received Time: 2699.3999999986404	 sent Time 2402.5999999989103
received Time: 2607.9999999987235	 sent Time 2402.5999999989103
received Time: 3361.699999998038	 sent Time 2402.5999999989103
received Time: 4795.899999999916	 sent Time 2402.5999999989103
received Time: 3658.599999997768	 sent Time 2402.5999999989103
received Time: 3658.799999997768	 sent Time 2402.5999999989103
received Time: 2781.299999998566	 sent Time 2402.5999999989103
received Time: 3300.399999998094	 sent Time 2402.5999999989103
received Time: 5429.600000002221	 sent Time 2402.5999999989103
received Time: 3149.0999999982314	 sent Time 2402.5999999989103
received Time: 2782.499999998565	 sent Time 2402.5999999989103
received Time: 2986.899999998379	 sent Time 2402.5999999989103
received Time: 2781.4999999985657	 sent Time 2402.5999999989103
received Time: 3150.49999999823	 sent Time 2402.5999999989103
received Time: 2529.199999998795	 sent Time 2402.5999999989103
received Time: 4159.899999997602	 sent Time 2402.5999999989103
received Time: 2803.299999998546	 sent Time 2402.5999999989103
received Time: 3425.8999999979796	 sent Time 2763.1999999985824
received Time: 3658.699999997768	 sent Time 2763.1999999985824
received Time: 4159.799999997602	 sent Time 2763.1999999985824
received Time: 2788.699999998559	 sent Time 2763.1999999985824
received Time: 2786.1999999985615	 sent Time 2763.1999999985824
received Time: 4127.599999997485	 sent Time 2763.1999999985824
received Time: 3318.799999998077	 sent Time 2763.1999999985824
received Time: 4159.999999997603	 sent Time 2763.1999999985824
received Time: 3299.5999999980945	 sent Time 2763.1999999985824
received Time: 4466.1999999987165	 sent Time 2763.1999999985824
received Time: 2988.099999998378	 sent Time 2763.1999999985824
received Time: 3990.699999997466	 sent Time 2763.1999999985824
received Time: 3300.199999998094	 sent Time 2763.1999999985824
received Time: 2764.1999999985815	 sent Time 2763.1999999985824
received Time: 2822.099999998529	 sent Time 2763.1999999985824
received Time: 3332.299999998065	 sent Time 2763.1999999985824
received Time: 3299.4999999980946	 sent Time 2763.1999999985824
received Time: 4852.900000000123	 sent Time 2763.1999999985824
received Time: 2763.799999998582	 sent Time 2763.1999999985824
received Time: 2789.5999999985584	 sent Time 2763.1999999985824
received Time: 3658.8999999977677	 sent Time 2763.1999999985824
received Time: 2987.2999999983786	 sent Time 2763.1999999985824
received Time: 2987.1999999983786	 sent Time 2763.1999999985824
received Time: 3660.799999997766	 sent Time 2763.1999999985824
received Time: 2803.6999999985455	 sent Time 2763.1999999985824
received Time: 3300.299999998094	 sent Time 2763.1999999985824
received Time: 3176.899999998206	 sent Time 2763.1999999985824
received Time: 2909.2999999984495	 sent Time 2763.1999999985824
received Time: 4538.299999998979	 sent Time 2763.1999999985824
received Time: 2763.9999999985816	 sent Time 2763.1999999985824
received Time: 3324.199999998072	 sent Time 2763.1999999985824
received Time: 3658.499999997768	 sent Time 2763.1999999985824
received Time: 2774.599999998572	 sent Time 2763.1999999985824
received Time: 3149.9999999982306	 sent Time 2763.1999999985824
received Time: 2763.8999999985817	 sent Time 2763.1999999985824
received Time: 3783.5999999976543	 sent Time 2763.1999999985824
received Time: 2764.2999999985814	 sent Time 2763.1999999985824
received Time: 3425.69999999798	 sent Time 2763.1999999985824
received Time: 3362.999999998037	 sent Time 2763.1999999985824
received Time: 3705.3999999977254	 sent Time 2763.1999999985824
received Time: 4158.499999997597	 sent Time 2763.1999999985824
received Time: 3600.5999999978208	 sent Time 2763.1999999985824
received Time: 3362.1999999980376	 sent Time 2763.1999999985824
received Time: 4797.599999999922	 sent Time 2763.1999999985824
received Time: 3660.2999999977665	 sent Time 2763.1999999985824
received Time: 3783.6999999976542	 sent Time 2763.1999999985824
received Time: 3177.199999998206	 sent Time 2763.1999999985824
received Time: 2788.999999998559	 sent Time 2763.1999999985824
received Time: 3150.59999999823	 sent Time 2763.1999999985824
received Time: 4014.0999999974447	 sent Time 2763.1999999985824
received Time: 3362.0999999980377	 sent Time 2763.1999999985824
received Time: 3148.7999999982317	 sent Time 2763.1999999985824
received Time: 2854.0999999984997	 sent Time 2763.1999999985824
received Time: 3299.8999999980942	 sent Time 2763.1999999985824
received Time: 2779.899999998567	 sent Time 2763.1999999985824
received Time: 4158.899999997599	 sent Time 2763.1999999985824
received Time: 3177.099999998206	 sent Time 2763.1999999985824
received Time: 3151.2999999982294	 sent Time 2763.1999999985824
received Time: 4356.7999999983185	 sent Time 2763.1999999985824
received Time: 2775.899999998571	 sent Time 2763.1999999985824
received Time: 3492.599999997919	 sent Time 3183.8999999981997
received Time: 4747.899999999741	 sent Time 3183.8999999981997
received Time: 4158.399999997597	 sent Time 3183.8999999981997
received Time: 3362.3999999980374	 sent Time 3183.8999999981997
received Time: 3967.9999999974866	 sent Time 3183.8999999981997
received Time: 3658.0999999977685	 sent Time 3183.8999999981997
received Time: 3300.7999999980934	 sent Time 3183.8999999981997
received Time: 3783.2999999976546	 sent Time 3183.8999999981997
received Time: 3184.1999999981995	 sent Time 3183.8999999981997
received Time: 5462.20000000234	 sent Time 3183.8999999981997
received Time: 3946.3999999975063	 sent Time 3183.8999999981997
received Time: 3323.9999999980723	 sent Time 3183.8999999981997
received Time: 6792.000000007178	 sent Time 3183.8999999981997
received Time: 5023.800000000745	 sent Time 3183.8999999981997
received Time: 5401.80000000212	 sent Time 3183.8999999981997
received Time: 3659.799999997767	 sent Time 3183.8999999981997
received Time: 4014.1999999974446	 sent Time 3183.8999999981997
received Time: 3639.4999999977854	 sent Time 3183.8999999981997
received Time: 3213.399999998173	 sent Time 3183.8999999981997
received Time: 4358.499999998325	 sent Time 3183.8999999981997
received Time: 3325.599999998071	 sent Time 3183.8999999981997
received Time: 3366.299999998034	 sent Time 3183.8999999981997
received Time: 3191.6999999981927	 sent Time 3183.8999999981997
received Time: 3216.0999999981705	 sent Time 3183.8999999981997
received Time: 5471.600000002374	 sent Time 3183.8999999981997
received Time: 4009.499999997449	 sent Time 3183.8999999981997
received Time: 3309.4999999980855	 sent Time 3183.8999999981997
received Time: 3539.3999999978764	 sent Time 3183.8999999981997
received Time: 5427.900000002215	 sent Time 3183.8999999981997
received Time: 3705.0999999977257	 sent Time 3183.8999999981997
received Time: 4795.699999999915	 sent Time 3183.8999999981997
received Time: 5428.400000002217	 sent Time 3183.8999999981997
received Time: 3184.2999999981994	 sent Time 3183.8999999981997
received Time: 3600.199999997821	 sent Time 3183.8999999981997
received Time: 3783.999999997654	 sent Time 3183.8999999981997
received Time: 4464.49999999871	 sent Time 3183.8999999981997
received Time: 3603.399999997818	 sent Time 3183.8999999981997
received Time: 3600.299999997821	 sent Time 3183.8999999981997
received Time: 3783.1999999976547	 sent Time 3183.8999999981997
received Time: 3276.899999998115	 sent Time 3183.8999999981997
received Time: 3600.399999997821	 sent Time 3183.8999999981997
received Time: 3658.2999999977683	 sent Time 3183.8999999981997
received Time: 5154.200000001219	 sent Time 3183.8999999981997
received Time: 3639.5999999977853	 sent Time 3183.8999999981997
received Time: 3458.49999999795	 sent Time 3183.8999999981997
received Time: 4200.59999999775	 sent Time 3183.8999999981997
received Time: 3569.1999999978493	 sent Time 3183.8999999981997
received Time: 3579.8999999978396	 sent Time 3183.8999999981997
received Time: 4346.09999999828	 sent Time 3183.8999999981997
received Time: 3600.6999999978207	 sent Time 3183.8999999981997
received Time: 6117.700000004725	 sent Time 3183.8999999981997
received Time: 3946.699999997506	 sent Time 3183.8999999981997
received Time: 4014.3999999974444	 sent Time 3183.8999999981997
received Time: 3324.0999999980722	 sent Time 3183.8999999981997
received Time: 3602.599999997819	 sent Time 3183.8999999981997
received Time: 4798.099999999924	 sent Time 3183.8999999981997
received Time: 4199.899999997748	 sent Time 3183.8999999981997
received Time: 3967.8999999974867	 sent Time 3183.8999999981997
received Time: 3316.2999999980793	 sent Time 3183.8999999981997
received Time: 3212.7999999981735	 sent Time 3183.8999999981997
received Time: 3323.7999999980725	 sent Time 3183.8999999981997
received Time: 4158.999999997599	 sent Time 3183.8999999981997
received Time: 4358.199999998324	 sent Time 3183.8999999981997
received Time: 4745.699999999733	 sent Time 3183.8999999981997
received Time: 3605.3999999978164	 sent Time 3604.599999997817
received Time: 3704.999999997726	 sent Time 3604.599999997817
received Time: 4745.799999999734	 sent Time 3604.599999997817
received Time: 4465.699999998715	 sent Time 3604.599999997817
received Time: 4158.5999999975975	 sent Time 3604.599999997817
received Time: 4464.29999999871	 sent Time 3604.599999997817
received Time: 4464.39999999871	 sent Time 3604.599999997817
received Time: 3660.899999997766	 sent Time 3604.599999997817
received Time: 4946.100000000462	 sent Time 3604.599999997817
received Time: 3967.699999997487	 sent Time 3604.599999997817
received Time: 4203.099999997759	 sent Time 3604.599999997817
received Time: 4853.000000000124	 sent Time 3604.599999997817
received Time: 5428.800000002218	 sent Time 3604.599999997817
received Time: 4403.99999999849	 sent Time 3604.599999997817
received Time: 6861.500000007431	 sent Time 3604.599999997817
received Time: 4796.5999999999185	 sent Time 3604.599999997817
received Time: 4358.699999998325	 sent Time 3604.599999997817
received Time: 4347.899999998286	 sent Time 3604.599999997817
received Time: 3627.599999997796	 sent Time 3604.599999997817
received Time: 4746.799999999737	 sent Time 3604.599999997817
received Time: 4746.599999999737	 sent Time 3604.599999997817
received Time: 3619.5999999978035	 sent Time 3604.599999997817
received Time: 3628.5999999977953	 sent Time 3604.599999997817
received Time: 4507.799999998868	 sent Time 3604.599999997817
received Time: 3627.2999999977965	 sent Time 3604.599999997817
received Time: 5402.400000002122	 sent Time 3604.599999997817
received Time: 4597.2999999991935	 sent Time 3604.599999997817
received Time: 3967.599999997487	 sent Time 3604.599999997817
received Time: 3605.799999997816	 sent Time 3604.599999997817
received Time: 3947.0999999975056	 sent Time 3604.599999997817
received Time: 4472.099999998738	 sent Time 3604.599999997817
received Time: 3619.6999999978034	 sent Time 3604.599999997817
received Time: 3617.2999999978056	 sent Time 3604.599999997817
received Time: 4745.599999999733	 sent Time 3604.599999997817
received Time: 4123.899999997471	 sent Time 3604.599999997817
received Time: 3611.199999997811	 sent Time 3604.599999997817
received Time: 5429.500000002221	 sent Time 3604.599999997817
received Time: 4797.999999999924	 sent Time 3604.599999997817
received Time: 3605.1999999978166	 sent Time 3604.599999997817
received Time: 3660.0999999977666	 sent Time 3604.599999997817
received Time: 4745.899999999734	 sent Time 3604.599999997817
received Time: 4668.899999999454	 sent Time 3604.599999997817
received Time: 3968.699999997486	 sent Time 3604.599999997817
received Time: 4466.399999998717	 sent Time 3604.599999997817
received Time: 3605.2999999978165	 sent Time 3604.599999997817
received Time: 4561.199999999062	 sent Time 3604.599999997817
received Time: 3704.799999997726	 sent Time 3604.599999997817
received Time: 3661.2999999977656	 sent Time 3604.599999997817
received Time: 3605.599999997816	 sent Time 3604.599999997817
received Time: 4747.299999999739	 sent Time 3604.599999997817
received Time: 4347.799999998286	 sent Time 3604.599999997817
received Time: 3705.2999999977255	 sent Time 3604.599999997817
received Time: 3621.8999999978014	 sent Time 3604.599999997817
received Time: 3968.499999997486	 sent Time 3604.599999997817
received Time: 3967.799999997487	 sent Time 3604.599999997817
received Time: 4160.299999997604	 sent Time 3604.599999997817
received Time: 3968.1999999974864	 sent Time 3604.599999997817
received Time: 3606.999999997815	 sent Time 3604.599999997817
received Time: 3648.2999999977774	 sent Time 3604.599999997817
received Time: 4161.699999997609	 sent Time 3604.599999997817
received Time: 4356.999999998319	 sent Time 3604.599999997817
received Time: 4159.2999999976	 sent Time 3604.599999997817
received Time: 5105.300000001042	 sent Time 3905.099999997544
received Time: 3952.199999997501	 sent Time 3905.099999997544
received Time: 6117.1000000047225	 sent Time 3905.099999997544
received Time: 5400.400000002115	 sent Time 3905.099999997544
received Time: 4376.49999999839	 sent Time 3905.099999997544
received Time: 7381.700000009323	 sent Time 3905.099999997544
received Time: 3982.5999999974733	 sent Time 3905.099999997544
received Time: 4472.299999998739	 sent Time 3905.099999997544
received Time: 5401.6000000021195	 sent Time 3905.099999997544
received Time: 6861.900000007432	 sent Time 3905.099999997544
received Time: 4596.899999999192	 sent Time 3905.099999997544
received Time: 4905.600000000315	 sent Time 3905.099999997544
received Time: 4796.99999999992	 sent Time 3905.099999997544
received Time: 5429.20000000222	 sent Time 3905.099999997544
received Time: 5105.100000001041	 sent Time 3905.099999997544
received Time: 5427.800000002215	 sent Time 3905.099999997544
received Time: 4796.199999999917	 sent Time 3905.099999997544
received Time: 3981.899999997474	 sent Time 3905.099999997544
received Time: 4747.59999999974	 sent Time 3905.099999997544
received Time: 5471.7000000023745	 sent Time 3905.099999997544
received Time: 5017.500000000722	 sent Time 3905.099999997544
received Time: 3946.499999997506	 sent Time 3905.099999997544
received Time: 3989.2999999974672	 sent Time 3905.099999997544
received Time: 5723.500000003291	 sent Time 3905.099999997544
received Time: 4048.0999999974138	 sent Time 3905.099999997544
received Time: 3946.599999997506	 sent Time 3905.099999997544
received Time: 3981.799999997474	 sent Time 3905.099999997544
received Time: 6221.200000005101	 sent Time 3905.099999997544
received Time: 5430.500000002225	 sent Time 3905.099999997544
received Time: 5440.20000000226	 sent Time 3905.099999997544
received Time: 5154.40000000122	 sent Time 3905.099999997544
received Time: 4085.5999999973797	 sent Time 3905.099999997544
received Time: 3981.4999999974743	 sent Time 3905.099999997544
received Time: 3905.5999999975434	 sent Time 3905.099999997544
received Time: 3982.2999999974736	 sent Time 3905.099999997544
received Time: 4220.299999997822	 sent Time 3905.099999997544
received Time: 3981.1999999974746	 sent Time 3905.099999997544
received Time: 5429.000000002219	 sent Time 3905.099999997544
received Time: 4945.100000000459	 sent Time 3905.099999997544
received Time: 4325.499999998205	 sent Time 3905.099999997544
received Time: 3976.7999999974786	 sent Time 3905.099999997544
received Time: 4746.899999999738	 sent Time 3905.099999997544
received Time: 6221.400000005102	 sent Time 3905.099999997544
received Time: 4036.899999997424	 sent Time 3905.099999997544
received Time: 5105.400000001042	 sent Time 3905.099999997544
received Time: 5401.900000002121	 sent Time 3905.099999997544
received Time: 4795.799999999916	 sent Time 3905.099999997544
received Time: 5154.700000001221	 sent Time 3905.099999997544
received Time: 3905.3999999975435	 sent Time 3905.099999997544
received Time: 5534.200000002602	 sent Time 3905.099999997544
received Time: 3918.7999999975314	 sent Time 3905.099999997544
received Time: 6115.500000004717	 sent Time 3905.099999997544
received Time: 4203.19999999776	 sent Time 3905.099999997544
received Time: 3947.4999999975053	 sent Time 3905.099999997544
received Time: 4161.199999997607	 sent Time 3905.099999997544
received Time: 5017.800000000723	 sent Time 3905.099999997544
received Time: 5428.0000000022155	 sent Time 3905.099999997544
received Time: 4376.39999999839	 sent Time 3905.099999997544
received Time: 6672.500000006743	 sent Time 3905.099999997544
received Time: 3982.099999997474	 sent Time 3905.099999997544
received Time: 4358.299999998324	 sent Time 3905.099999997544
received Time: 3982.1999999974737	 sent Time 3905.099999997544
received Time: 4357.599999998321	 sent Time 3905.099999997544
received Time: 3933.299999997518	 sent Time 3905.099999997544
avgAoI: 756.8203497615895 | overhead: 1.09697933227345 | validDeliveries: 629
3748.6 14400: 2.90 1/s
Simulation done in 3748.52s
---
All done in 3748.92s
