Run 1/1
Running simulation 'FL_D_CCN_LRU_50_SPMBM'
60.0 8649: 144.13 1/s
120.0 12559: 65.17 1/s
Unique content gateway: 187 :: total unique content cache: 1
received Time: 6660.0000000066975	 sent Time 60.00000000000058
received Time: 4860.800000000152	 sent Time 60.00000000000058
received Time: 7704.8000000104985	 sent Time 60.00000000000058
received Time: 5256.10000000159	 sent Time 60.00000000000058
received Time: 2249.3999999990497	 sent Time 60.00000000000058
received Time: 5256.400000001591	 sent Time 60.00000000000058
received Time: 6089.300000004621	 sent Time 60.00000000000058
received Time: 2203.099999999092	 sent Time 60.00000000000058
received Time: 93.89999999999894	 sent Time 60.00000000000058
received Time: 2249.6999999990494	 sent Time 60.00000000000058
received Time: 2880.199999998476	 sent Time 60.00000000000058
received Time: 3601.9999999978195	 sent Time 60.00000000000058
received Time: 4860.500000000151	 sent Time 60.00000000000058
received Time: 3437.599999997969	 sent Time 60.00000000000058
received Time: 710.8000000000931	 sent Time 60.00000000000058
received Time: 834.5000000001212	 sent Time 60.00000000000058
received Time: 4146.199999997552	 sent Time 60.00000000000058
received Time: 830.4000000001203	 sent Time 60.00000000000058
received Time: 5256.700000001592	 sent Time 60.00000000000058
received Time: 3601.8999999978196	 sent Time 60.00000000000058
received Time: 214.79999999999208	 sent Time 60.00000000000058
received Time: 2010.5999999992669	 sent Time 60.00000000000058
received Time: 408.30000000002434	 sent Time 60.00000000000058
received Time: 3278.7999999981134	 sent Time 60.00000000000058
received Time: 716.7000000000944	 sent Time 60.00000000000058
received Time: 1084.8000000001089	 sent Time 60.00000000000058
received Time: 882.9000000001322	 sent Time 60.00000000000058
received Time: 214.3999999999921	 sent Time 60.00000000000058
received Time: 717.3000000000945	 sent Time 60.00000000000058
received Time: 2791.6999999985565	 sent Time 60.00000000000058
received Time: 713.6000000000937	 sent Time 60.00000000000058
received Time: 2456.0999999988617	 sent Time 60.00000000000058
received Time: 2249.19999999905	 sent Time 60.00000000000058
received Time: 868.800000000129	 sent Time 60.00000000000058
received Time: 2456.1999999988616	 sent Time 2282.3999999990197
received Time: 4860.600000000151	 sent Time 2282.3999999990197
received Time: 6659.800000006697	 sent Time 2282.3999999990197
received Time: 2880.4999999984757	 sent Time 2282.3999999990197
received Time: 2455.9999999988618	 sent Time 2282.3999999990197
received Time: 6090.000000004624	 sent Time 2282.3999999990197
received Time: 7703.900000010495	 sent Time 2282.3999999990197
received Time: 3495.4999999979163	 sent Time 2282.3999999990197
received Time: 6089.9000000046235	 sent Time 2282.3999999990197
received Time: 6089.100000004621	 sent Time 2282.3999999990197
received Time: 2880.5999999984756	 sent Time 2282.3999999990197
received Time: 3601.7999999978197	 sent Time 2282.3999999990197
received Time: 4860.1000000001495	 sent Time 2282.3999999990197
received Time: 3437.699999997969	 sent Time 2282.3999999990197
received Time: 2880.099999998476	 sent Time 2282.3999999990197
received Time: 8134.300000012061	 sent Time 2282.3999999990197
received Time: 4146.299999997553	 sent Time 2282.3999999990197
received Time: 3437.799999997969	 sent Time 2282.3999999990197
received Time: 7703.100000010492	 sent Time 2282.3999999990197
received Time: 6089.600000004622	 sent Time 2282.3999999990197
received Time: 2282.6999999990194	 sent Time 2282.3999999990197
received Time: 2880.7999999984754	 sent Time 2282.3999999990197
received Time: 5256.900000001593	 sent Time 2282.3999999990197
received Time: 5513.900000002528	 sent Time 2282.3999999990197
received Time: 4842.300000000085	 sent Time 2282.3999999990197
received Time: 8708.200000014149	 sent Time 2282.3999999990197
received Time: 5256.600000001592	 sent Time 2282.3999999990197
received Time: 4861.000000000153	 sent Time 2282.3999999990197
received Time: 6410.100000005788	 sent Time 2282.3999999990197
received Time: 2880.399999998476	 sent Time 2282.3999999990197
received Time: 4860.20000000015	 sent Time 2282.3999999990197
received Time: 2468.3999999988505	 sent Time 2282.3999999990197
received Time: 2282.899999999019	 sent Time 2282.3999999990197
received Time: 6089.400000004622	 sent Time 2282.3999999990197
received Time: 6659.200000006695	 sent Time 3604.599999997817
received Time: 6410.700000005791	 sent Time 3604.599999997817
received Time: 7703.000000010492	 sent Time 3604.599999997817
received Time: 6410.200000005789	 sent Time 3604.599999997817
received Time: 6089.00000000462	 sent Time 3604.599999997817
received Time: 6088.8000000046195	 sent Time 3604.599999997817
received Time: 3622.299999997801	 sent Time 3604.599999997817
received Time: 6089.500000004622	 sent Time 3604.599999997817
received Time: 6153.600000004855	 sent Time 3604.599999997817
received Time: 6410.50000000579	 sent Time 3604.599999997817
received Time: 3604.9999999978168	 sent Time 3604.599999997817
received Time: 7703.7000000104945	 sent Time 3604.599999997817
received Time: 3604.899999997817	 sent Time 3604.599999997817
received Time: 6422.700000005834	 sent Time 3604.599999997817
received Time: 8708.40000001415	 sent Time 3604.599999997817
received Time: 3791.599999997647	 sent Time 3604.599999997817
received Time: 4021.6999999974378	 sent Time 3604.599999997817
received Time: 11948.300000025936	 sent Time 3604.599999997817
received Time: 6410.300000005789	 sent Time 3604.599999997817
received Time: 11132.400000022968	 sent Time 3604.599999997817
received Time: 6410.60000000579	 sent Time 3604.599999997817
received Time: 5256.2000000015905	 sent Time 3604.599999997817
received Time: 4842.200000000084	 sent Time 3604.599999997817
received Time: 10638.30000002117	 sent Time 3604.599999997817
received Time: 6636.400000006612	 sent Time 3604.599999997817
received Time: 4860.700000000152	 sent Time 3604.599999997817
received Time: 6636.300000006611	 sent Time 3604.599999997817
received Time: 6636.200000006611	 sent Time 3604.599999997817
received Time: 11128.700000022955	 sent Time 3604.599999997817
received Time: 5513.800000002528	 sent Time 3604.599999997817
received Time: 5513.700000002527	 sent Time 3604.599999997817
received Time: 6231.90000000514	 sent Time 3604.599999997817
received Time: 8708.800000014151	 sent Time 6125.400000004753
received Time: 7703.600000010494	 sent Time 6125.400000004753
received Time: 10102.600000019222	 sent Time 6125.400000004753
received Time: 8134.200000012061	 sent Time 6125.400000004753
received Time: 6125.600000004753	 sent Time 6125.400000004753
received Time: 11129.400000022957	 sent Time 6125.400000004753
received Time: 8708.900000014151	 sent Time 6125.400000004753
received Time: 8908.500000014878	 sent Time 6125.400000004753
received Time: 11948.700000025938	 sent Time 6125.400000004753
received Time: 11132.200000022967	 sent Time 6125.400000004753
received Time: 8709.100000014152	 sent Time 6125.400000004753
received Time: 7704.100000010496	 sent Time 6125.400000004753
received Time: 12420.900000027656	 sent Time 6125.400000004753
received Time: 11246.600000023383	 sent Time 6125.400000004753
received Time: 10179.900000019503	 sent Time 6125.400000004753
received Time: 6636.500000006612	 sent Time 6125.400000004753
received Time: 10102.700000019222	 sent Time 6125.400000004753
received Time: 10103.200000019224	 sent Time 6125.400000004753
received Time: 12280.200000027144	 sent Time 6125.400000004753
received Time: 10250.60000001976	 sent Time 6125.400000004753
received Time: 6411.000000005792	 sent Time 6125.400000004753
received Time: 6670.000000006734	 sent Time 6125.400000004753
received Time: 10101.900000019219	 sent Time 6125.400000004753
received Time: 8908.400000014877	 sent Time 6125.400000004753
received Time: 10101.800000019219	 sent Time 6125.400000004753
received Time: 6429.000000005857	 sent Time 6125.400000004753
received Time: 6415.800000005809	 sent Time 6125.400000004753
received Time: 11132.000000022967	 sent Time 6125.400000004753
received Time: 11129.500000022957	 sent Time 6125.400000004753
received Time: 10102.800000019222	 sent Time 6125.400000004753
received Time: 6659.000000006694	 sent Time 6125.400000004753
received Time: 10250.900000019761	 sent Time 6125.400000004753
received Time: 11947.900000025935	 sent Time 8765.400000014357
received Time: 11947.800000025934	 sent Time 8765.400000014357
received Time: 11132.500000022968	 sent Time 8765.400000014357
received Time: 13326.100000030949	 sent Time 8765.400000014357
received Time: 12280.000000027143	 sent Time 8765.400000014357
received Time: 12675.00000002858	 sent Time 8765.400000014357
received Time: 10584.400000020974	 sent Time 8765.400000014357
received Time: 13983.30000003334	 sent Time 8765.400000014357
received Time: 11948.100000025936	 sent Time 8765.400000014357
received Time: 12788.300000028992	 sent Time 8765.400000014357
received Time: 13325.400000030946	 sent Time 8765.400000014357
received Time: 12279.800000027142	 sent Time 8765.400000014357
received Time: 8908.600000014878	 sent Time 8765.400000014357
received Time: 10166.700000019455	 sent Time 8765.400000014357
received Time: 13325.500000030946	 sent Time 8765.400000014357
received Time: 12280.100000027143	 sent Time 8765.400000014357
received Time: 11948.800000025938	 sent Time 8765.400000014357
received Time: 11128.500000022954	 sent Time 8765.400000014357
received Time: 13325.700000030947	 sent Time 8765.400000014357
received Time: 12694.50000002865	 sent Time 8765.400000014357
received Time: 11131.600000022965	 sent Time 8765.400000014357
received Time: 10167.300000019457	 sent Time 8765.400000014357
received Time: 10102.00000001922	 sent Time 8765.400000014357
received Time: 10655.500000021233	 sent Time 8765.400000014357
received Time: 11132.100000022967	 sent Time 8765.400000014357
received Time: 10167.200000019457	 sent Time 8765.400000014357
received Time: 10153.000000019405	 sent Time 8765.400000014357
received Time: 11921.000000025837	 sent Time 11165.400000023088
received Time: 11180.000000023141	 sent Time 11165.400000023088
received Time: 12441.30000002773	 sent Time 11165.400000023088
received Time: 12006.400000026148	 sent Time 11165.400000023088
received Time: 14100.000000033764	 sent Time 11165.400000023088
received Time: 12006.200000026147	 sent Time 11165.400000023088
received Time: 12006.300000026147	 sent Time 11165.400000023088
received Time: 11727.400000025133	 sent Time 11165.400000023088
received Time: 11165.70000002309	 sent Time 11165.400000023088
received Time: 12941.60000002955	 sent Time 11165.400000023088
received Time: 11186.800000023166	 sent Time 11165.400000023088
received Time: 12441.40000002773	 sent Time 11165.400000023088
received Time: 11165.90000002309	 sent Time 11165.400000023088
received Time: 11179.80000002314	 sent Time 11165.400000023088
received Time: 13326.30000003095	 sent Time 12605.400000028327
received Time: 13326.800000030951	 sent Time 12605.400000028327
received Time: 12619.80000002838	 sent Time 12605.400000028327
received Time: 12605.700000028328	 sent Time 12605.400000028327
received Time: 12623.100000028391	 sent Time 12605.400000028327
received Time: 12605.800000028328	 sent Time 12605.400000028327
received Time: 13983.50000003334	 sent Time 12605.400000028327
received Time: 13327.400000030953	 sent Time 12605.400000028327
received Time: 13329.700000030962	 sent Time 12605.400000028327
received Time: 13325.900000030948	 sent Time 12605.400000028327
received Time: 13326.70000003095	 sent Time 12605.400000028327
received Time: 12612.800000028354	 sent Time 12605.400000028327
received Time: 12931.100000029512	 sent Time 12605.400000028327
received Time: 13341.600000031005	 sent Time 12605.400000028327
avgAoI: 2479.0443850326405 | overhead: 1.9572192513368984 | validDeliveries: 187
167.4 14400: 38.82 1/s
Simulation done in 167.36s
---
All done in 167.69s
